<?xml version="1.0" encoding="UTF-8"?>
<dict>
    <key>mapInfo</key>
    <dict>
        <key>mapName</key>
        <string>mapName</string>
        <key>mapSize</key>
        <string>{100,100}</string>
        <key>backgroundColor</key>
        <string>{128,128,128,255}</string>
        <key>gridInfo</key>
        <string>{1102,570,1,1}</string>
        <key>chessboard</key>
        <string>0</string>
    </dict>
    <key>nodeGraph</key>
    <dict>
        <key>type</key>
        <string>Layer</string>
        <key>initProperty</key>
        <dict>
            <key>pos_p</key>
            <array>
                <string>{0,0,0,0}</string>
            </array>
            <key>linkscalexy</key>
            <string>0</string>
            <key>isAppear</key>
            <string>0</string>
        </dict>
        <key>children</key>
        <array>
            <dict>
                <key>type</key>
                <string>Layer</string>
                <key>initProperty</key>
                <dict>
                    <key>pos_p</key>
                    <array>
                        <string>{0,0,0,0}</string>
                    </array>
                    <key>anchor</key>
                    <string>{0.5,0.5}</string>
                    <key>linkscalexy</key>
                    <string>0</string>
                    <key>tag</key>
                    <string>2</string>
                    <key>z</key>
                    <string>11</string>
                    <key>isAppear</key>
                    <string>0</string>
                </dict>
                <key>children</key>
                <array>
                    <dict>
                        <key>type</key>
                        <string>Layer</string>
                        <key>initProperty</key>
                        <dict>
                            <key>pos_p</key>
                            <array>
                                <string>{0,0,495,290}</string>
                            </array>
                            <key>linkscalexy</key>
                            <string>0</string>
                            <key>tag</key>
                            <string>33</string>
                            <key>isAppear</key>
                            <string>0</string>
                            <key>var</key>
                            <string>bg</string>
                        </dict>
                        <key>children</key>
                        <array>
                            <dict>
                                <key>type</key>
                                <string>Sprite</string>
                                <key>initProperty</key>
                                <dict>
                                    <key>pos_p</key>
                                    <array>
                                        <string>{0,0,9,163}</string>
                                    </array>
                                    <key>linkscalexy</key>
                                    <string>0</string>
                                    <key>tag</key>
                                    <string>9</string>
                                    <key>isAppear</key>
                                    <string>0</string>
                                    <key>touchEnable</key>
                                    <string>1</string>
                                    <key>tapEffectType</key>
                                    <string>1</string>
                                    <key>isBtnSound</key>
                                    <string>1</string>
                                    <key>btnSound</key>
                                    <string></string>
                                    <key>btnCd</key>
                                    <string>0.5</string>
                                    <key>var</key>
                                    <string>pos3</string>
                                    <key>imageFile</key>
                                    <string>ui_atlas/06/02.png</string>
                                </dict>
                            </dict>
                            <dict>
                                <key>type</key>
                                <string>Sprite</string>
                                <key>initProperty</key>
                                <dict>
                                    <key>pos_p</key>
                                    <array>
                                        <string>{0,0,353,34}</string>
                                    </array>
                                    <key>linkscalexy</key>
                                    <string>0</string>
                                    <key>tag</key>
                                    <string>10</string>
                                    <key>z</key>
                                    <string>9</string>
                                    <key>isAppear</key>
                                    <string>0</string>
                                    <key>touchEnable</key>
                                    <string>1</string>
                                    <key>tapEffectType</key>
                                    <string>1</string>
                                    <key>isBtnSound</key>
                                    <string>1</string>
                                    <key>btnSound</key>
                                    <string></string>
                                    <key>btnCd</key>
                                    <string>0.5</string>
                                    <key>var</key>
                                    <string>pos11</string>
                                    <key>imageFile</key>
                                    <string>ui_atlas/06/06.png</string>
                                </dict>
                            </dict>
                            <dict>
                                <key>type</key>
                                <string>Sprite</string>
                                <key>initProperty</key>
                                <dict>
                                    <key>pos_p</key>
                                    <array>
                                        <string>{0,0,240,-188}</string>
                                    </array>
                                    <key>linkscalexy</key>
                                    <string>0</string>
                                    <key>tag</key>
                                    <string>11</string>
                                    <key>isAppear</key>
                                    <string>0</string>
                                    <key>touchEnable</key>
                                    <string>1</string>
                                    <key>tapEffectType</key>
                                    <string>1</string>
                                    <key>isBtnSound</key>
                                    <string>1</string>
                                    <key>btnSound</key>
                                    <string></string>
                                    <key>btnCd</key>
                                    <string>0.5</string>
                                    <key>var</key>
                                    <string>pos9</string>
                                    <key>imageFile</key>
                                    <string>ui_atlas/06/05.png</string>
                                </dict>
                            </dict>
                            <dict>
                                <key>type</key>
                                <string>Sprite</string>
                                <key>initProperty</key>
                                <dict>
                                    <key>pos_p</key>
                                    <array>
                                        <string>{0,0,51,-62}</string>
                                    </array>
                                    <key>linkscalexy</key>
                                    <string>0</string>
                                    <key>tag</key>
                                    <string>12</string>
                                    <key>isAppear</key>
                                    <string>0</string>
                                    <key>touchEnable</key>
                                    <string>1</string>
                                    <key>tapEffectType</key>
                                    <string>1</string>
                                    <key>isBtnSound</key>
                                    <string>1</string>
                                    <key>btnSound</key>
                                    <string></string>
                                    <key>btnCd</key>
                                    <string>0.5</string>
                                    <key>var</key>
                                    <string>pos5</string>
                                    <key>imageFile</key>
                                    <string>ui_atlas/06/03.png</string>
                                </dict>
                            </dict>
                            <dict>
                                <key>type</key>
                                <string>Sprite</string>
                                <key>initProperty</key>
                                <dict>
                                    <key>pos_p</key>
                                    <array>
                                        <string>{0,0,-220,-196}</string>
                                    </array>
                                    <key>linkscalexy</key>
                                    <string>0</string>
                                    <key>tag</key>
                                    <string>13</string>
                                    <key>isAppear</key>
                                    <string>0</string>
                                    <key>touchEnable</key>
                                    <string>1</string>
                                    <key>tapEffectType</key>
                                    <string>1</string>
                                    <key>isBtnSound</key>
                                    <string>1</string>
                                    <key>btnSound</key>
                                    <string></string>
                                    <key>btnCd</key>
                                    <string>0.5</string>
                                    <key>var</key>
                                    <string>pos7</string>
                                    <key>imageFile</key>
                                    <string>ui_atlas/06/04.png</string>
                                </dict>
                            </dict>
                            <dict>
                                <key>type</key>
                                <string>Sprite</string>
                                <key>initProperty</key>
                                <dict>
                                    <key>pos_p</key>
                                    <array>
                                        <string>{0,0,-379,103}</string>
                                    </array>
                                    <key>linkscalexy</key>
                                    <string>0</string>
                                    <key>scale</key>
                                    <string>0.95</string>
                                    <key>tag</key>
                                    <string>14</string>
                                    <key>isAppear</key>
                                    <string>0</string>
                                    <key>touchEnable</key>
                                    <string>1</string>
                                    <key>tapEffectType</key>
                                    <string>1</string>
                                    <key>isBtnSound</key>
                                    <string>1</string>
                                    <key>btnSound</key>
                                    <string></string>
                                    <key>btnCd</key>
                                    <string>0.5</string>
                                    <key>var</key>
                                    <string>pos1</string>
                                    <key>imageFile</key>
                                    <string>ui_atlas/06/01.png</string>
                                </dict>
                            </dict>
                            <dict>
                                <key>type</key>
                                <string>Sprite</string>
                                <key>initProperty</key>
                                <dict>
                                    <key>pos_p</key>
                                    <array>
                                        <string>{0,0,-169,34}</string>
                                    </array>
                                    <key>linkscalexy</key>
                                    <string>0</string>
                                    <key>tag</key>
                                    <string>27</string>
                                    <key>isAppear</key>
                                    <string>0</string>
                                    <key>touchEnable</key>
                                    <string>1</string>
                                    <key>touchTag</key>
                                    <string>-1</string>
                                    <key>tapEffectType</key>
                                    <string>1</string>
                                    <key>isBtnSound</key>
                                    <string>1</string>
                                    <key>btnSound</key>
                                    <string></string>
                                    <key>btnCd</key>
                                    <string>0.5</string>
                                    <key>var</key>
                                    <string>pos6</string>
                                    <key>imageFile</key>
                                    <string>ui_atlas/ui/point2.png</string>
                                </dict>
                            </dict>
                            <dict>
                                <key>type</key>
                                <string>Sprite</string>
                                <key>initProperty</key>
                                <dict>
                                    <key>pos_p</key>
                                    <array>
                                        <string>{0,0,-205,200}</string>
                                    </array>
                                    <key>linkscalexy</key>
                                    <string>0</string>
                                    <key>tag</key>
                                    <string>28</string>
                                    <key>isAppear</key>
                                    <string>0</string>
                                    <key>touchEnable</key>
                                    <string>1</string>
                                    <key>touchTag</key>
                                    <string>-1</string>
                                    <key>tapEffectType</key>
                                    <string>1</string>
                                    <key>isBtnSound</key>
                                    <string>1</string>
                                    <key>btnSound</key>
                                    <string></string>
                                    <key>btnCd</key>
                                    <string>0.5</string>
                                    <key>var</key>
                                    <string>pos2</string>
                                    <key>imageFile</key>
                                    <string>ui_atlas/ui/point2.png</string>
                                </dict>
                            </dict>
                            <dict>
                                <key>type</key>
                                <string>Sprite</string>
                                <key>initProperty</key>
                                <dict>
                                    <key>pos_p</key>
                                    <array>
                                        <string>{0,0,216,-9}</string>
                                    </array>
                                    <key>linkscalexy</key>
                                    <string>0</string>
                                    <key>tag</key>
                                    <string>29</string>
                                    <key>isAppear</key>
                                    <string>0</string>
                                    <key>touchEnable</key>
                                    <string>1</string>
                                    <key>touchTag</key>
                                    <string>-1</string>
                                    <key>tapEffectType</key>
                                    <string>1</string>
                                    <key>isBtnSound</key>
                                    <string>1</string>
                                    <key>btnSound</key>
                                    <string></string>
                                    <key>btnCd</key>
                                    <string>0.5</string>
                                    <key>var</key>
                                    <string>pos4</string>
                                    <key>imageFile</key>
                                    <string>ui_atlas/ui/point2.png</string>
                                </dict>
                            </dict>
                            <dict>
                                <key>type</key>
                                <string>Sprite</string>
                                <key>initProperty</key>
                                <dict>
                                    <key>pos_p</key>
                                    <array>
                                        <string>{0,0,83,-170}</string>
                                    </array>
                                    <key>linkscalexy</key>
                                    <string>0</string>
                                    <key>tag</key>
                                    <string>30</string>
                                    <key>isAppear</key>
                                    <string>0</string>
                                    <key>touchEnable</key>
                                    <string>1</string>
                                    <key>tapEffectType</key>
                                    <string>1</string>
                                    <key>isBtnSound</key>
                                    <string>1</string>
                                    <key>btnSound</key>
                                    <string></string>
                                    <key>btnCd</key>
                                    <string>0.5</string>
                                    <key>var</key>
                                    <string>pos8</string>
                                    <key>imageFile</key>
                                    <string>ui_atlas/ui/point2.png</string>
                                </dict>
                            </dict>
                            <dict>
                                <key>type</key>
                                <string>Sprite</string>
                                <key>initProperty</key>
                                <dict>
                                    <key>pos_p</key>
                                    <array>
                                        <string>{0,0,-7,86}</string>
                                    </array>
                                    <key>linkscalexy</key>
                                    <string>0</string>
                                    <key>tag</key>
                                    <string>31</string>
                                    <key>isAppear</key>
                                    <string>0</string>
                                    <key>flaFileName</key>
                                    <string>ui_atlas_06.xml,ui_atlas_06_boat</string>
                                    <key>imageFile</key>
                                    <string>ui_atlas/06/boat01.png</string>
                                </dict>
                            </dict>
                            <dict>
                                <key>type</key>
                                <string>Sprite</string>
                                <key>initProperty</key>
                                <dict>
                                    <key>pos_p</key>
                                    <array>
                                        <string>{0,0,-155,81}</string>
                                    </array>
                                    <key>linkscalexy</key>
                                    <string>0</string>
                                    <key>tag</key>
                                    <string>32</string>
                                    <key>isAppear</key>
                                    <string>0</string>
                                    <key>flaFileName</key>
                                    <string>ui_atlas_06.xml,ui_atlas_06_wave</string>
                                    <key>imageFile</key>
                                    <string>ui_atlas/06/wave.png</string>
                                    <key>color</key>
                                    <string>{255,255,255,180}</string>
                                </dict>
                            </dict>
                            <dict>
                                <key>type</key>
                                <string>Sprite</string>
                                <key>initProperty</key>
                                <dict>
                                    <key>pos_p</key>
                                    <array>
                                        <string>{0,0,0,-1}</string>
                                    </array>
                                    <key>linkscalexy</key>
                                    <string>0</string>
                                    <key>tag</key>
                                    <string>35</string>
                                    <key>z</key>
                                    <string>-1</string>
                                    <key>isAppear</key>
                                    <string>0</string>
                                    <key>var</key>
                                    <string>bg</string>
                                    <key>flaFileName</key>
                                    <string>ui_atlas.xml,ui_atlas_map3_type1</string>
                                    <key>imageFile</key>
                                    <string>ui_atlas/06/map.png</string>
                                </dict>
                            </dict>
                            <dict>
                                <key>type</key>
                                <string>ColorLayer</string>
                                <key>initProperty</key>
                                <dict>
                                    <key>pos_p</key>
                                    <array>
                                        <string>{0,0,-493,-284}</string>
                                    </array>
                                    <key>linkscalexy</key>
                                    <string>0</string>
                                    <key>tag</key>
                                    <string>36</string>
                                    <key>z</key>
                                    <string>-1</string>
                                    <key>isAppear</key>
                                    <string>0</string>
                                    <key>color</key>
                                    <string>{255,255,255,255}</string>
                                    <key>size</key>
                                    <string>{50,50}</string>
                                </dict>
                                <key>children</key>
                                <array>
                                    <dict>
                                        <key>type</key>
                                        <string>Sprite</string>
                                        <key>initProperty</key>
                                        <dict>
                                            <key>pos_p</key>
                                            <array>
                                                <string>{0,0,880,369}</string>
                                            </array>
                                            <key>linkscalexy</key>
                                            <string>0</string>
                                            <key>scaleX</key>
                                            <string>1.3</string>
                                            <key>tag</key>
                                            <string>0</string>
                                            <key>isAppear</key>
                                            <string>0</string>
                                            <key>imageFile</key>
                                            <string>ui_atlas/ui/shadow.png</string>
                                        </dict>
                                    </dict>
                                    <dict>
                                        <key>type</key>
                                        <string>Sprite</string>
                                        <key>initProperty</key>
                                        <dict>
                                            <key>pos_p</key>
                                            <array>
                                                <string>{0,0,533,500}</string>
                                            </array>
                                            <key>linkscalexy</key>
                                            <string>0</string>
                                            <key>scaleX</key>
                                            <string>1.13</string>
                                            <key>scaleY</key>
                                            <string>1.06</string>
                                            <key>scale</key>
                                            <string>1.06</string>
                                            <key>tag</key>
                                            <string>1</string>
                                            <key>isAppear</key>
                                            <string>0</string>
                                            <key>imageFile</key>
                                            <string>ui_atlas/ui/shadow.png</string>
                                        </dict>
                                    </dict>
                                    <dict>
                                        <key>type</key>
                                        <string>Sprite</string>
                                        <key>initProperty</key>
                                        <dict>
                                            <key>pos_p</key>
                                            <array>
                                                <string>{0,0,578,270}</string>
                                            </array>
                                            <key>linkscalexy</key>
                                            <string>0</string>
                                            <key>scale</key>
                                            <string>1.06</string>
                                            <key>tag</key>
                                            <string>2</string>
                                            <key>isAppear</key>
                                            <string>0</string>
                                            <key>imageFile</key>
                                            <string>ui_atlas/ui/shadow.png</string>
                                        </dict>
                                    </dict>
                                    <dict>
                                        <key>type</key>
                                        <string>Sprite</string>
                                        <key>initProperty</key>
                                        <dict>
                                            <key>pos_p</key>
                                            <array>
                                                <string>{0,0,303,139}</string>
                                            </array>
                                            <key>linkscalexy</key>
                                            <string>0</string>
                                            <key>tag</key>
                                            <string>4</string>
                                            <key>isAppear</key>
                                            <string>0</string>
                                            <key>imageFile</key>
                                            <string>ui_atlas/ui/shadow.png</string>
                                        </dict>
                                    </dict>
                                    <dict>
                                        <key>type</key>
                                        <string>Sprite</string>
                                        <key>initProperty</key>
                                        <dict>
                                            <key>pos_p</key>
                                            <array>
                                                <string>{0,0,768,156}</string>
                                            </array>
                                            <key>linkscalexy</key>
                                            <string>0</string>
                                            <key>tag</key>
                                            <string>5</string>
                                            <key>isAppear</key>
                                            <string>0</string>
                                            <key>imageFile</key>
                                            <string>ui_atlas/ui/shadow.png</string>
                                        </dict>
                                    </dict>
                                    <dict>
                                        <key>type</key>
                                        <string>Sprite</string>
                                        <key>initProperty</key>
                                        <dict>
                                            <key>pos_p</key>
                                            <array>
                                                <string>{0,0,144,448}</string>
                                            </array>
                                            <key>linkscalexy</key>
                                            <string>0</string>
                                            <key>tag</key>
                                            <string>6</string>
                                            <key>isAppear</key>
                                            <string>0</string>
                                            <key>imageFile</key>
                                            <string>ui_atlas/ui/shadow.png</string>
                                        </dict>
                                    </dict>
                                </array>
                            </dict>
                            <dict>
                                <key>type</key>
                                <string>Sprite</string>
                                <key>initProperty</key>
                                <dict>
                                    <key>pos_p</key>
                                    <array>
                                        <string>{0,0,373,-76}</string>
                                    </array>
                                    <key>linkscalexy</key>
                                    <string>0</string>
                                    <key>tag</key>
                                    <string>39</string>
                                    <key>isAppear</key>
                                    <string>0</string>
                                    <key>touchEnable</key>
                                    <string>1</string>
                                    <key>touchTag</key>
                                    <string>-1</string>
                                    <key>tapEffectType</key>
                                    <string>1</string>
                                    <key>isBtnSound</key>
                                    <string>1</string>
                                    <key>btnSound</key>
                                    <string></string>
                                    <key>btnCd</key>
                                    <string>0.5</string>
                                    <key>var</key>
                                    <string>pos10</string>
                                    <key>imageFile</key>
                                    <string>ui_atlas/ui/point2.png</string>
                                </dict>
                            </dict>
                            <dict>
                                <key>type</key>
                                <string>Sprite</string>
                                <key>initProperty</key>
                                <dict>
                                    <key>pos_p</key>
                                    <array>
                                        <string>{0,0,87,78}</string>
                                    </array>
                                    <key>linkscalexy</key>
                                    <string>0</string>
                                    <key>scale</key>
                                    <string>0.92</string>
                                    <key>tag</key>
                                    <string>41</string>
                                    <key>isAppear</key>
                                    <string>0</string>
                                    <key>flaFileName</key>
                                    <string>ui_atlas_06.xml,ui_atlas_06_boat</string>
                                    <key>imageFile</key>
                                    <string>ui_atlas/06/boat01.png</string>
                                </dict>
                            </dict>
                            <dict>
                                <key>type</key>
                                <string>Sprite</string>
                                <key>initProperty</key>
                                <dict>
                                    <key>pos_p</key>
                                    <array>
                                        <string>{0,0,321,135}</string>
                                    </array>
                                    <key>linkscalexy</key>
                                    <string>0</string>
                                    <key>rotation</key>
                                    <string>16</string>
                                    <key>tag</key>
                                    <string>42</string>
                                    <key>isAppear</key>
                                    <string>0</string>
                                    <key>flaFileName</key>
                                    <string>ui_atlas_06.xml,ui_atlas_06_wave</string>
                                    <key>imageFile</key>
                                    <string>ui_atlas/06/wave.png</string>
                                    <key>color</key>
                                    <string>{255,255,255,180}</string>
                                </dict>
                            </dict>
                            <dict>
                                <key>type</key>
                                <string>Sprite</string>
                                <key>initProperty</key>
                                <dict>
                                    <key>pos_p</key>
                                    <array>
                                        <string>{0,0,295,189}</string>
                                    </array>
                                    <key>linkscalexy</key>
                                    <string>0</string>
                                    <key>tag</key>
                                    <string>43</string>
                                    <key>touchEnable</key>
                                    <string>1</string>
                                    <key>tapEffectType</key>
                                    <string>1</string>
                                    <key>isBtnSound</key>
                                    <string>1</string>
                                    <key>btnSound</key>
                                    <string></string>
                                    <key>btnCd</key>
                                    <string>0.5</string>
                                    <key>var</key>
                                    <string>pos12</string>
                                    <key>imageFile</key>
                                    <string>ui_atlas/ui/monster.png</string>
                                </dict>
                            </dict>
                        </array>
                    </dict>
                </array>
            </dict>
        </array>
    </dict>
    <key>images</key>
    <string>ui_atlas/06/02.png,ui_atlas/06/06.png,ui_atlas/06/05.png,ui_atlas/06/03.png,ui_atlas/06/04.png,ui_atlas/06/01.png,ui_atlas/ui/point2.png,ui_atlas/06/boat01.png,ui_atlas/06/wave.png,ui_atlas/06/map.png,ui_atlas/ui/shadow.png,ui_atlas/ui/monster.png</string>
</dict>
