<?xml version="1.0" encoding="UTF-8"?>
<dict>
    <key>mapInfo</key>
    <dict>
        <key>mapName</key>
        <string>mapName</string>
        <key>mapSize</key>
        <string>{100,100}</string>
        <key>backgroundColor</key>
        <string>{128,128,128,255}</string>
        <key>gridInfo</key>
        <string>{730,118,1,1}</string>
        <key>chessboard</key>
        <string>0</string>
    </dict>
    <key>nodeGraph</key>
    <dict>
        <key>type</key>
        <string>Layer</string>
        <key>initProperty</key>
        <dict>
            <key>pos_p</key>
            <array>
                <string>{0,0,0,0}</string>
            </array>
            <key>linkscalexy</key>
            <string>0</string>
            <key>isAppear</key>
            <string>0</string>
        </dict>
        <key>children</key>
        <array>
            <dict>
                <key>type</key>
                <string>Layer</string>
                <key>initProperty</key>
                <dict>
                    <key>pos_p</key>
                    <array>
                        <string>{0,0,0,0}</string>
                    </array>
                    <key>anchor</key>
                    <string>{0.5,0.5}</string>
                    <key>linkscalexy</key>
                    <string>0</string>
                    <key>tag</key>
                    <string>0</string>
                    <key>isAppear</key>
                    <string>0</string>
                </dict>
                <key>children</key>
                <array>
                    <dict>
                        <key>type</key>
                        <string>ColorLayer</string>
                        <key>initProperty</key>
                        <dict>
                            <key>pos_p</key>
                            <array>
                                <string>{0,0,366,60}</string>
                            </array>
                            <key>linkscalexy</key>
                            <string>0</string>
                            <key>tag</key>
                            <string>2</string>
                            <key>isAppear</key>
                            <string>0</string>
                            <key>color</key>
                            <string>{255,255,255,255}</string>
                            <key>size</key>
                            <string>{735,118}</string>
                            <key>sprite9_bg</key>
                            <string>ui_family/ban_1.png</string>
                            <key>sprite9_bg_type</key>
                            <string>1</string>
                            <key>sprite9_bg_default</key>
                            <string>1</string>
                            <key>sprite9_bg_left</key>
                            <string>0</string>
                            <key>sprite9_bg_right</key>
                            <string>0</string>
                            <key>sprite9_bg_up</key>
                            <string>0</string>
                            <key>sprite9_bg_down</key>
                            <string>0</string>
                        </dict>
                        <key>children</key>
                        <array>
                            <dict>
                                <key>type</key>
                                <string>Sprite</string>
                                <key>initProperty</key>
                                <dict>
                                    <key>pos_p</key>
                                    <array>
                                        <string>{0,0,55,59}</string>
                                    </array>
                                    <key>linkscalexy</key>
                                    <string>0</string>
                                    <key>scale</key>
                                    <string>0.68</string>
                                    <key>tag</key>
                                    <string>0</string>
                                    <key>isAppear</key>
                                    <string>0</string>
                                    <key>touchEnable</key>
                                    <string>1</string>
                                    <key>touchTag</key>
                                    <string>-1</string>
                                    <key>tapEffectType</key>
                                    <string>1</string>
                                    <key>isBtnSound</key>
                                    <string>1</string>
                                    <key>btnSound</key>
                                    <string></string>
                                    <key>var</key>
                                    <string>icon_bg</string>
                                    <key>imageFile</key>
                                    <string>ui_public1/ka_d1.png</string>
                                </dict>
                            </dict>
                            <dict>
                                <key>type</key>
                                <string>LabelTTF</string>
                                <key>initProperty</key>
                                <dict>
                                    <key>pos_p</key>
                                    <array>
                                        <string>{0,0,104,30}</string>
                                    </array>
                                    <key>anchor</key>
                                    <string>{0,0.5}</string>
                                    <key>linkscalexy</key>
                                    <string>0</string>
                                    <key>tag</key>
                                    <string>1</string>
                                    <key>z</key>
                                    <string>1</string>
                                    <key>isAppear</key>
                                    <string>0</string>
                                    <key>var</key>
                                    <string>txt_name</string>
                                    <key>createMethod</key>
                                    <string>2</string>
                                    <key>wordFile</key>
                                    <string>ui_family_dynamic_item.plist</string>
                                    <key>wordKey</key>
                                    <string>1</string>
                                    <key>wordString</key>
                                    <string>果果果果果果果</string>
                                </dict>
                            </dict>
                            <dict>
                                <key>type</key>
                                <string>LabelTTF</string>
                                <key>initProperty</key>
                                <dict>
                                    <key>pos_p</key>
                                    <array>
                                        <string>{0,0,105,92}</string>
                                    </array>
                                    <key>anchor</key>
                                    <string>{0,0.5}</string>
                                    <key>linkscalexy</key>
                                    <string>0</string>
                                    <key>tag</key>
                                    <string>8</string>
                                    <key>isAppear</key>
                                    <string>0</string>
                                    <key>var</key>
                                    <string>lab_time</string>
                                    <key>createMethod</key>
                                    <string>1</string>
                                    <key>fontSize</key>
                                    <string>18</string>
                                    <key>wordString</key>
                                    <string>word</string>
                                    <key>color</key>
                                    <string>{160,140,128,255}</string>
                                </dict>
                            </dict>
                            <dict>
                                <key>type</key>
                                <string>LabelTTF</string>
                                <key>initProperty</key>
                                <dict>
                                    <key>pos_p</key>
                                    <array>
                                        <string>{0,0,128,62}</string>
                                    </array>
                                    <key>anchor</key>
                                    <string>{0,0.5}</string>
                                    <key>linkscalexy</key>
                                    <string>0</string>
                                    <key>tag</key>
                                    <string>9</string>
                                    <key>isAppear</key>
                                    <string>0</string>
                                    <key>var</key>
                                    <string>txt_power</string>
                                    <key>createMethod</key>
                                    <string>1</string>
                                    <key>wordString</key>
                                    <string>00</string>
                                </dict>
                            </dict>
                            <dict>
                                <key>type</key>
                                <string>LabelTTF</string>
                                <key>initProperty</key>
                                <dict>
                                    <key>pos_p</key>
                                    <array>
                                        <string>{0,0,320,30}</string>
                                    </array>
                                    <key>anchor</key>
                                    <string>{1,0.5}</string>
                                    <key>linkscalexy</key>
                                    <string>0</string>
                                    <key>tag</key>
                                    <string>10</string>
                                    <key>z</key>
                                    <string>2</string>
                                    <key>isAppear</key>
                                    <string>0</string>
                                    <key>var</key>
                                    <string>txt_lv</string>
                                    <key>createMethod</key>
                                    <string>1</string>
                                    <key>wordString</key>
                                    <string>Lv.@</string>
                                    <key>color</key>
                                    <string>{255,210,0,255}</string>
                                </dict>
                            </dict>
                            <dict>
                                <key>type</key>
                                <string>Sprite</string>
                                <key>initProperty</key>
                                <dict>
                                    <key>pos_p</key>
                                    <array>
                                        <string>{0,0,114,64}</string>
                                    </array>
                                    <key>linkscalexy</key>
                                    <string>0</string>
                                    <key>scale</key>
                                    <string>0.7</string>
                                    <key>tag</key>
                                    <string>11</string>
                                    <key>imageFile</key>
                                    <string>ui_word/zhanli_2.png</string>
                                </dict>
                            </dict>
                            <dict>
                                <key>type</key>
                                <string>ColorLayer</string>
                                <key>initProperty</key>
                                <dict>
                                    <key>pos_p</key>
                                    <array>
                                        <string>{0,0,623,-34}</string>
                                    </array>
                                    <key>linkscalexy</key>
                                    <string>0</string>
                                    <key>tag</key>
                                    <string>12</string>
                                    <key>z</key>
                                    <string>3</string>
                                    <key>isAppear</key>
                                    <string>0</string>
                                    <key>var</key>
                                    <string>layer_fexp</string>
                                    <key>color</key>
                                    <string>{255,255,255,255}</string>
                                    <key>size</key>
                                    <string>{50,50}</string>
                                </dict>
                                <key>children</key>
                                <array>
                                    <dict>
                                        <key>type</key>
                                        <string>Sprite</string>
                                        <key>initProperty</key>
                                        <dict>
                                            <key>pos_p</key>
                                            <array>
                                                <string>{0,0,9,122}</string>
                                            </array>
                                            <key>linkscalexy</key>
                                            <string>0</string>
                                            <key>scale</key>
                                            <string>0.85</string>
                                            <key>tag</key>
                                            <string>0</string>
                                            <key>imageFile</key>
                                            <string>ui_public1/line2.png</string>
                                        </dict>
                                    </dict>
                                    <dict>
                                        <key>type</key>
                                        <string>LayOut</string>
                                        <key>initProperty</key>
                                        <dict>
                                            <key>pos_p</key>
                                            <array>
                                                <string>{0,0,68,74}</string>
                                            </array>
                                            <key>anchor</key>
                                            <string>{0.5,1}</string>
                                            <key>contentSize</key>
                                            <string>{110,81}</string>
                                            <key>linkscalexy</key>
                                            <string>0</string>
                                            <key>tag</key>
                                            <string>1</string>
                                            <key>isAppear</key>
                                            <string>0</string>
                                            <key>type</key>
                                            <string>2</string>
                                            <key>offw</key>
                                            <string>-6</string>
                                            <key>align</key>
                                            <string>0</string>
                                        </dict>
                                        <key>children</key>
                                        <array>
                                            <dict>
                                                <key>type</key>
                                                <string>LabelTTF</string>
                                                <key>initProperty</key>
                                                <dict>
                                                    <key>pos_p</key>
                                                    <array>
                                                        <string>{0,0,55,36}</string>
                                                    </array>
                                                    <key>anchor</key>
                                                    <string>{0.5,0}</string>
                                                    <key>linkscalexy</key>
                                                    <string>0</string>
                                                    <key>tag</key>
                                                    <string>0</string>
                                                    <key>isAppear</key>
                                                    <string>0</string>
                                                    <key>dimensions</key>
                                                    <string>{110,0}</string>
                                                    <key>align</key>
                                                    <string>1</string>
                                                    <key>wordFile</key>
                                                    <string>familyMenuWord.plist</string>
                                                    <key>wordKey</key>
                                                    <string>dyn_1</string>
                                                    <key>color</key>
                                                    <string>{230,136,120,255}</string>
                                                </dict>
                                            </dict>
                                            <dict>
                                                <key>type</key>
                                                <string>LayOut</string>
                                                <key>initProperty</key>
                                                <dict>
                                                    <key>pos_p</key>
                                                    <array>
                                                        <string>{0,0,55,81}</string>
                                                    </array>
                                                    <key>anchor</key>
                                                    <string>{0.5,0}</string>
                                                    <key>contentSize</key>
                                                    <string>{65,51}</string>
                                                    <key>linkscalexy</key>
                                                    <string>0</string>
                                                    <key>tag</key>
                                                    <string>3</string>
                                                    <key>isAppear</key>
                                                    <string>0</string>
                                                    <key>type</key>
                                                    <string>1</string>
                                                    <key>offw</key>
                                                    <string>-5</string>
                                                    <key>align</key>
                                                    <string>0</string>
                                                </dict>
                                                <key>children</key>
                                                <array>
                                                    <dict>
                                                        <key>type</key>
                                                        <string>Sprite</string>
                                                        <key>initProperty</key>
                                                        <dict>
                                                            <key>pos_p</key>
                                                            <array>
                                                                <string>{0,0,0,25}</string>
                                                            </array>
                                                            <key>anchor</key>
                                                            <string>{0,0.5}</string>
                                                            <key>linkscalexy</key>
                                                            <string>0</string>
                                                            <key>scale</key>
                                                            <string>0.4</string>
                                                            <key>tag</key>
                                                            <string>0</string>
                                                            <key>imageFile</key>
                                                            <string>icon/sep_item/190014.png</string>
                                                        </dict>
                                                    </dict>
                                                    <dict>
                                                        <key>type</key>
                                                        <string>LabelTTF</string>
                                                        <key>initProperty</key>
                                                        <dict>
                                                            <key>pos_p</key>
                                                            <array>
                                                                <string>{0,0,46,25}</string>
                                                            </array>
                                                            <key>anchor</key>
                                                            <string>{0,0.5}</string>
                                                            <key>linkscalexy</key>
                                                            <string>0</string>
                                                            <key>tag</key>
                                                            <string>1</string>
                                                            <key>isAppear</key>
                                                            <string>0</string>
                                                            <key>var</key>
                                                            <string>txt_fexp</string>
                                                            <key>createMethod</key>
                                                            <string>1</string>
                                                            <key>font</key>
                                                            <string>0</string>
                                                            <key>wordString</key>
                                                            <string>0</string>
                                                            <key>color</key>
                                                            <string>{255,213,100,255}</string>
                                                        </dict>
                                                    </dict>
                                                </array>
                                            </dict>
                                        </array>
                                    </dict>
                                    <dict>
                                        <key>type</key>
                                        <string>Sprite</string>
                                        <key>initProperty</key>
                                        <dict>
                                            <key>pos_p</key>
                                            <array>
                                                <string>{0,0,-266,122}</string>
                                            </array>
                                            <key>linkscalexy</key>
                                            <string>0</string>
                                            <key>scale</key>
                                            <string>0.85</string>
                                            <key>tag</key>
                                            <string>2</string>
                                            <key>imageFile</key>
                                            <string>ui_public1/line2.png</string>
                                        </dict>
                                    </dict>
                                </array>
                            </dict>
                            <dict>
                                <key>type</key>
                                <string>ColorLayer</string>
                                <key>initProperty</key>
                                <dict>
                                    <key>pos_p</key>
                                    <array>
                                        <string>{0,0,44,33}</string>
                                    </array>
                                    <key>linkscalexy</key>
                                    <string>0</string>
                                    <key>tag</key>
                                    <string>13</string>
                                    <key>isAppear</key>
                                    <string>0</string>
                                    <key>color</key>
                                    <string>{255,255,255,255}</string>
                                    <key>size</key>
                                    <string>{20,60}</string>
                                </dict>
                                <key>children</key>
                                <array>
                                    <dict>
                                        <key>type</key>
                                        <string>LayOut</string>
                                        <key>initProperty</key>
                                        <dict>
                                            <key>pos_p</key>
                                            <array>
                                                <string>{0,0,303,38}</string>
                                            </array>
                                            <key>anchor</key>
                                            <string>{0,1}</string>
                                            <key>contentSize</key>
                                            <string>{151,69}</string>
                                            <key>linkscalexy</key>
                                            <string>0</string>
                                            <key>tag</key>
                                            <string>3</string>
                                            <key>isAppear</key>
                                            <string>0</string>
                                            <key>var</key>
                                            <string>layer_action</string>
                                            <key>type</key>
                                            <string>2</string>
                                            <key>offw</key>
                                            <string>-5</string>
                                            <key>align</key>
                                            <string>1</string>
                                        </dict>
                                        <key>children</key>
                                        <array>
                                            <dict>
                                                <key>type</key>
                                                <string>LayOut</string>
                                                <key>initProperty</key>
                                                <dict>
                                                    <key>pos_p</key>
                                                    <array>
                                                        <string>{0,0,0,69}</string>
                                                    </array>
                                                    <key>anchor</key>
                                                    <string>{0,0}</string>
                                                    <key>contentSize</key>
                                                    <string>{146,36}</string>
                                                    <key>linkscalexy</key>
                                                    <string>0</string>
                                                    <key>tag</key>
                                                    <string>3</string>
                                                    <key>isAppear</key>
                                                    <string>0</string>
                                                    <key>var</key>
                                                    <string>layout_spend</string>
                                                    <key>type</key>
                                                    <string>1</string>
                                                    <key>offw</key>
                                                    <string>0</string>
                                                    <key>align</key>
                                                    <string>0</string>
                                                </dict>
                                                <key>children</key>
                                                <array>
                                                    <dict>
                                                        <key>type</key>
                                                        <string>LabelTTF</string>
                                                        <key>initProperty</key>
                                                        <dict>
                                                            <key>pos_p</key>
                                                            <array>
                                                                <string>{0,0,0,18}</string>
                                                            </array>
                                                            <key>anchor</key>
                                                            <string>{0,0.5}</string>
                                                            <key>linkscalexy</key>
                                                            <string>0</string>
                                                            <key>tag</key>
                                                            <string>0</string>
                                                            <key>isAppear</key>
                                                            <string>0</string>
                                                            <key>wordFile</key>
                                                            <string>familyMenuWord.plist</string>
                                                            <key>wordKey</key>
                                                            <string>dyn_3</string>
                                                            <key>color</key>
                                                            <string>{230,215,172,255}</string>
                                                        </dict>
                                                    </dict>
                                                    <dict>
                                                        <key>type</key>
                                                        <string>Sprite</string>
                                                        <key>initProperty</key>
                                                        <dict>
                                                            <key>pos_p</key>
                                                            <array>
                                                                <string>{0,0,54,18}</string>
                                                            </array>
                                                            <key>anchor</key>
                                                            <string>{0,0.5}</string>
                                                            <key>linkscalexy</key>
                                                            <string>0</string>
                                                            <key>scale</key>
                                                            <string>0.3</string>
                                                            <key>tag</key>
                                                            <string>1</string>
                                                            <key>var</key>
                                                            <string>layout_spend_icon</string>
                                                            <key>imageFile</key>
                                                            <string>ui_public1/gold.png</string>
                                                        </dict>
                                                    </dict>
                                                    <dict>
                                                        <key>type</key>
                                                        <string>LabelTTF</string>
                                                        <key>initProperty</key>
                                                        <dict>
                                                            <key>pos_p</key>
                                                            <array>
                                                                <string>{0,0,87,18}</string>
                                                            </array>
                                                            <key>anchor</key>
                                                            <string>{0,0.5}</string>
                                                            <key>linkscalexy</key>
                                                            <string>0</string>
                                                            <key>tag</key>
                                                            <string>2</string>
                                                            <key>isAppear</key>
                                                            <string>0</string>
                                                            <key>var</key>
                                                            <string>layout_spend_txt</string>
                                                            <key>createMethod</key>
                                                            <string>1</string>
                                                            <key>wordString</key>
                                                            <string>@: @</string>
                                                        </dict>
                                                    </dict>
                                                </array>
                                            </dict>
                                            <dict>
                                                <key>type</key>
                                                <string>LayOut</string>
                                                <key>initProperty</key>
                                                <dict>
                                                    <key>pos_p</key>
                                                    <array>
                                                        <string>{0,0,0,38}</string>
                                                    </array>
                                                    <key>anchor</key>
                                                    <string>{0,0}</string>
                                                    <key>contentSize</key>
                                                    <string>{151,38}</string>
                                                    <key>linkscalexy</key>
                                                    <string>0</string>
                                                    <key>tag</key>
                                                    <string>6</string>
                                                    <key>isAppear</key>
                                                    <string>0</string>
                                                    <key>var</key>
                                                    <string>layout_get</string>
                                                    <key>type</key>
                                                    <string>1</string>
                                                    <key>offw</key>
                                                    <string>0</string>
                                                    <key>align</key>
                                                    <string>0</string>
                                                </dict>
                                                <key>children</key>
                                                <array>
                                                    <dict>
                                                        <key>type</key>
                                                        <string>LabelTTF</string>
                                                        <key>initProperty</key>
                                                        <dict>
                                                            <key>pos_p</key>
                                                            <array>
                                                                <string>{0,0,0,19}</string>
                                                            </array>
                                                            <key>anchor</key>
                                                            <string>{0,0.5}</string>
                                                            <key>linkscalexy</key>
                                                            <string>0</string>
                                                            <key>tag</key>
                                                            <string>0</string>
                                                            <key>isAppear</key>
                                                            <string>0</string>
                                                            <key>wordFile</key>
                                                            <string>familyMenuWord.plist</string>
                                                            <key>wordKey</key>
                                                            <string>dyn_2</string>
                                                            <key>color</key>
                                                            <string>{230,215,172,255}</string>
                                                        </dict>
                                                    </dict>
                                                    <dict>
                                                        <key>type</key>
                                                        <string>Sprite</string>
                                                        <key>initProperty</key>
                                                        <dict>
                                                            <key>pos_p</key>
                                                            <array>
                                                                <string>{0,0,54,19}</string>
                                                            </array>
                                                            <key>anchor</key>
                                                            <string>{0,0.5}</string>
                                                            <key>linkscalexy</key>
                                                            <string>0</string>
                                                            <key>scale</key>
                                                            <string>0.3</string>
                                                            <key>tag</key>
                                                            <string>1</string>
                                                            <key>var</key>
                                                            <string>layout_get_icon</string>
                                                            <key>imageFile</key>
                                                            <string>ui_public1/ka_d6.png</string>
                                                        </dict>
                                                    </dict>
                                                    <dict>
                                                        <key>type</key>
                                                        <string>LabelTTF</string>
                                                        <key>initProperty</key>
                                                        <dict>
                                                            <key>pos_p</key>
                                                            <array>
                                                                <string>{0,0,92,19}</string>
                                                            </array>
                                                            <key>anchor</key>
                                                            <string>{0,0.5}</string>
                                                            <key>linkscalexy</key>
                                                            <string>0</string>
                                                            <key>tag</key>
                                                            <string>2</string>
                                                            <key>isAppear</key>
                                                            <string>0</string>
                                                            <key>var</key>
                                                            <string>layout_get_txt</string>
                                                            <key>createMethod</key>
                                                            <string>1</string>
                                                            <key>wordString</key>
                                                            <string>@: @</string>
                                                        </dict>
                                                    </dict>
                                                </array>
                                            </dict>
                                        </array>
                                    </dict>
                                    <dict>
                                        <key>type</key>
                                        <string>LabelTTF</string>
                                        <key>initProperty</key>
                                        <dict>
                                            <key>pos_p</key>
                                            <array>
                                                <string>{0,0,303,35}</string>
                                            </array>
                                            <key>anchor</key>
                                            <string>{0,1}</string>
                                            <key>linkscalexy</key>
                                            <string>0</string>
                                            <key>visible</key>
                                            <string>0</string>
                                            <key>tag</key>
                                            <string>11</string>
                                            <key>isAppear</key>
                                            <string>0</string>
                                            <key>var</key>
                                            <string>txt_content</string>
                                            <key>createMethod</key>
                                            <string>1</string>
                                            <key>dimensions</key>
                                            <string>{380,0}</string>
                                            <key>wordString</key>
                                            <string>\\content</string>
                                            <key>color</key>
                                            <string>{230,215,172,255}</string>
                                        </dict>
                                    </dict>
                                    <dict>
                                        <key>type</key>
                                        <string>LabelTTF</string>
                                        <key>initProperty</key>
                                        <dict>
                                            <key>pos_p</key>
                                            <array>
                                                <string>{0,0,299,13}</string>
                                            </array>
                                            <key>anchor</key>
                                            <string>{0,1}</string>
                                            <key>linkscalexy</key>
                                            <string>0</string>
                                            <key>tag</key>
                                            <string>12</string>
                                            <key>isAppear</key>
                                            <string>0</string>
                                            <key>var</key>
                                            <string>dyn_type</string>
                                            <key>createMethod</key>
                                            <string>2</string>
                                            <key>wordFile</key>
                                            <string>ui_family_dynamic_item.plist</string>
                                            <key>wordKey</key>
                                            <string>2</string>
                                            <key>wordString</key>
                                            <string>[砸金蛋]</string>
                                            <key>color</key>
                                            <string>{230,136,120,255}</string>
                                        </dict>
                                    </dict>
                                    <dict>
                                        <key>type</key>
                                        <string>LabelTTF</string>
                                        <key>initProperty</key>
                                        <dict>
                                            <key>pos_p</key>
                                            <array>
                                                <string>{0,0,304,35}</string>
                                            </array>
                                            <key>anchor</key>
                                            <string>{0,1}</string>
                                            <key>linkscalexy</key>
                                            <string>0</string>
                                            <key>visible</key>
                                            <string>0</string>
                                            <key>tag</key>
                                            <string>13</string>
                                            <key>isAppear</key>
                                            <string>0</string>
                                            <key>var</key>
                                            <string>txt_content1</string>
                                            <key>createMethod</key>
                                            <string>1</string>
                                            <key>dimensions</key>
                                            <string>{260,0}</string>
                                            <key>wordString</key>
                                            <string>\\content</string>
                                            <key>color</key>
                                            <string>{230,215,172,255}</string>
                                        </dict>
                                    </dict>
                                </array>
                            </dict>
                            <dict>
                                <key>type</key>
                                <string>ColorLayer</string>
                                <key>initProperty</key>
                                <dict>
                                    <key>pos_p</key>
                                    <array>
                                        <string>{0,0,213,32}</string>
                                    </array>
                                    <key>linkscalexy</key>
                                    <string>0</string>
                                    <key>tag</key>
                                    <string>14</string>
                                    <key>isAppear</key>
                                    <string>0</string>
                                    <key>color</key>
                                    <string>{255,255,255,255}</string>
                                    <key>size</key>
                                    <string>{230,35}</string>
                                    <key>sprite9_bg</key>
                                    <string>ui_public1/cao3-di1-1.png</string>
                                    <key>sprite9_bg_type</key>
                                    <string>0</string>
                                    <key>sprite9_bg_default</key>
                                    <string>1</string>
                                    <key>sprite9_bg_left</key>
                                    <string>0</string>
                                    <key>sprite9_bg_right</key>
                                    <string>0</string>
                                    <key>sprite9_bg_up</key>
                                    <string>0</string>
                                    <key>sprite9_bg_down</key>
                                    <string>0</string>
                                </dict>
                            </dict>
                        </array>
                    </dict>
                </array>
            </dict>
        </array>
    </dict>
    <key>images</key>
    <string>ui_family/ban_1.png,ui_public1/ka_d1.png,ui_word/zhanli_2.png,ui_public1/line2.png,icon/sep_item/190014.png,ui_public1/gold.png,ui_public1/ka_d6.png,ui_public1/cao3-di1-1.png</string>
</dict>
