<?xml version="1.0" encoding="UTF-8"?>
<dict>
    <key>mapInfo</key>
    <dict>
        <key>mapName</key>
        <string>ui_confirm</string>
        <key>mapSize</key>
        <string>{100,100}</string>
        <key>backgroundColor</key>
        <string>{128,128,128,255}</string>
        <key>gridInfo</key>
        <string>{960,640,1,1}</string>
        <key>chessboard</key>
        <string>0</string>
    </dict>
    <key>nodeGraph</key>
    <dict>
        <key>type</key>
        <string>Layer</string>
        <key>initProperty</key>
        <dict>
            <key>pos_p</key>
            <array>
                <string>{0,0,0,0}</string>
            </array>
            <key>linkscalexy</key>
            <string>0</string>
            <key>isAppear</key>
            <string>0</string>
        </dict>
        <key>children</key>
        <array>
            <dict>
                <key>type</key>
                <string>Layer</string>
                <key>initProperty</key>
                <dict>
                    <key>pos_p</key>
                    <array>
                        <string>{0,0,0,0}</string>
                    </array>
                    <key>anchor</key>
                    <string>{0.5,0.5}</string>
                    <key>linkscalexy</key>
                    <string>0</string>
                    <key>tag</key>
                    <string>0</string>
                    <key>isAppear</key>
                    <string>0</string>
                </dict>
                <key>children</key>
                <array>
                    <dict>
                        <key>type</key>
                        <string>ColorLayer</string>
                        <key>initProperty</key>
                        <dict>
                            <key>pos_p</key>
                            <array>
                                <string>{0,0,480,320}</string>
                            </array>
                            <key>linkscalexy</key>
                            <string>0</string>
                            <key>tag</key>
                            <string>0</string>
                            <key>isAppear</key>
                            <string>0</string>
                            <key>var</key>
                            <string>bg</string>
                            <key>color</key>
                            <string>{255,255,255,255}</string>
                            <key>size</key>
                            <string>{540,308}</string>
                            <key>sprite9_bg</key>
                            <string>ui_9gong/9gong_didark5.png</string>
                            <key>sprite9_bg_type</key>
                            <string>0</string>
                            <key>sprite9_bg_default</key>
                            <string>1</string>
                            <key>sprite9_bg_left</key>
                            <string>0</string>
                            <key>sprite9_bg_right</key>
                            <string>0</string>
                            <key>sprite9_bg_up</key>
                            <string>0</string>
                            <key>sprite9_bg_down</key>
                            <string>0</string>
                        </dict>
                        <key>children</key>
                        <array>
                            <dict>
                                <key>type</key>
                                <string>ColorLayer</string>
                                <key>initProperty</key>
                                <dict>
                                    <key>pos_p</key>
                                    <array>
                                        <string>{0,0,270,258}</string>
                                    </array>
                                    <key>linkscalexy</key>
                                    <string>0</string>
                                    <key>tag</key>
                                    <string>0</string>
                                    <key>z</key>
                                    <string>1</string>
                                    <key>isAppear</key>
                                    <string>0</string>
                                    <key>color</key>
                                    <string>{255,255,255,255}</string>
                                    <key>size</key>
                                    <string>{532,90}</string>
                                    <key>sprite9_bg</key>
                                    <string>ui_public1/kuang_di2.png</string>
                                    <key>sprite9_bg_type</key>
                                    <string>1</string>
                                    <key>sprite9_bg_default</key>
                                    <string>1</string>
                                    <key>sprite9_bg_left</key>
                                    <string>0</string>
                                    <key>sprite9_bg_right</key>
                                    <string>0</string>
                                    <key>sprite9_bg_up</key>
                                    <string>0</string>
                                    <key>sprite9_bg_down</key>
                                    <string>0</string>
                                </dict>
                                <key>children</key>
                                <array>
                                    <dict>
                                        <key>type</key>
                                        <string>Sprite</string>
                                        <key>initProperty</key>
                                        <dict>
                                            <key>pos_p</key>
                                            <array>
                                                <string>{0,0,266,3}</string>
                                            </array>
                                            <key>linkscalexy</key>
                                            <string>0</string>
                                            <key>tag</key>
                                            <string>0</string>
                                            <key>imageFile</key>
                                            <string>ui_public1/kuang_light_line.png</string>
                                        </dict>
                                    </dict>
                                    <dict>
                                        <key>type</key>
                                        <string>Sprite</string>
                                        <key>initProperty</key>
                                        <dict>
                                            <key>pos_p</key>
                                            <array>
                                                <string>{0,0,266,16}</string>
                                            </array>
                                            <key>linkscalexy</key>
                                            <string>0</string>
                                            <key>tag</key>
                                            <string>1</string>
                                            <key>imageFile</key>
                                            <string>ui_public1/kuang_light_1.png</string>
                                        </dict>
                                    </dict>
                                </array>
                            </dict>
                            <dict>
                                <key>type</key>
                                <string>Sprite</string>
                                <key>initProperty</key>
                                <dict>
                                    <key>pos_p</key>
                                    <array>
                                        <string>{0,0,268,175}</string>
                                    </array>
                                    <key>linkscalexy</key>
                                    <string>0</string>
                                    <key>scaleX</key>
                                    <string>2</string>
                                    <key>scaleY</key>
                                    <string>3</string>
                                    <key>flipY</key>
                                    <string>1</string>
                                    <key>tag</key>
                                    <string>1</string>
                                    <key>imageFile</key>
                                    <string>ui_public1/kuang_light_2.png</string>
                                </dict>
                            </dict>
                            <dict>
                                <key>type</key>
                                <string>Sprite</string>
                                <key>initProperty</key>
                                <dict>
                                    <key>pos_p</key>
                                    <array>
                                        <string>{0,0,440,202}</string>
                                    </array>
                                    <key>linkscalexy</key>
                                    <string>0</string>
                                    <key>tag</key>
                                    <string>2</string>
                                    <key>imageFile</key>
                                    <string>ui_pic1/2cf-1.png</string>
                                    <key>color</key>
                                    <string>{255,255,255,100}</string>
                                </dict>
                            </dict>
                            <dict>
                                <key>type</key>
                                <string>Sprite</string>
                                <key>initProperty</key>
                                <dict>
                                    <key>pos_p</key>
                                    <array>
                                        <string>{0,0,101,202}</string>
                                    </array>
                                    <key>linkscalexy</key>
                                    <string>0</string>
                                    <key>flipX</key>
                                    <string>1</string>
                                    <key>tag</key>
                                    <string>3</string>
                                    <key>imageFile</key>
                                    <string>ui_pic1/2cf-1.png</string>
                                    <key>color</key>
                                    <string>{255,255,255,100}</string>
                                </dict>
                            </dict>
                        </array>
                    </dict>
                    <dict>
                        <key>type</key>
                        <string>Sprite</string>
                        <key>initProperty</key>
                        <dict>
                            <key>pos_p</key>
                            <array>
                                <string>{0,0,726,192}</string>
                            </array>
                            <key>linkscalexy</key>
                            <string>0</string>
                            <key>scale</key>
                            <string>0.92</string>
                            <key>visible</key>
                            <string>0</string>
                            <key>tag</key>
                            <string>1</string>
                            <key>touchEnable</key>
                            <string>1</string>
                            <key>touchTag</key>
                            <string>-1</string>
                            <key>tapEffectType</key>
                            <string>1</string>
                            <key>isBtnSound</key>
                            <string>1</string>
                            <key>btnSound</key>
                            <string></string>
                            <key>var</key>
                            <string>btn_close</string>
                            <key>imageFile</key>
                            <string>ui_public1/close_big.png</string>
                        </dict>
                    </dict>
                    <dict>
                        <key>type</key>
                        <string>ColorLayer</string>
                        <key>initProperty</key>
                        <dict>
                            <key>pos_p</key>
                            <array>
                                <string>{0,0,480,294}</string>
                            </array>
                            <key>linkscalexy</key>
                            <string>0</string>
                            <key>visible</key>
                            <string>0</string>
                            <key>tag</key>
                            <string>2</string>
                            <key>isAppear</key>
                            <string>0</string>
                            <key>var</key>
                            <string>bg_content</string>
                            <key>color</key>
                            <string>{255,255,255,0}</string>
                            <key>size</key>
                            <string>{400,80}</string>
                        </dict>
                    </dict>
                </array>
            </dict>
            <dict>
                <key>type</key>
                <string>Layer</string>
                <key>initProperty</key>
                <dict>
                    <key>pos_p</key>
                    <array>
                        <string>{0,0,0,-19}</string>
                    </array>
                    <key>anchor</key>
                    <string>{0.5,0.5}</string>
                    <key>linkscalexy</key>
                    <string>0</string>
                    <key>tag</key>
                    <string>2</string>
                    <key>isAppear</key>
                    <string>0</string>
                    <key>var</key>
                    <string>layer_btn_two</string>
                </dict>
                <key>children</key>
                <array>
                    <dict>
                        <key>type</key>
                        <string>ColorLayer</string>
                        <key>initProperty</key>
                        <dict>
                            <key>pos_p</key>
                            <array>
                                <string>{0,0,573,525}</string>
                            </array>
                            <key>linkscalexy</key>
                            <string>0</string>
                            <key>tag</key>
                            <string>2</string>
                            <key>isAppear</key>
                            <string>0</string>
                            <key>color</key>
                            <string>{255,255,255,255}</string>
                            <key>size</key>
                            <string>{50,50}</string>
                        </dict>
                        <key>children</key>
                        <array>
                            <dict>
                                <key>type</key>
                                <string>ColorLayer</string>
                                <key>initProperty</key>
                                <dict>
                                    <key>pos_p</key>
                                    <array>
                                        <string>{0,0,51,-57}</string>
                                    </array>
                                    <key>linkscalexy</key>
                                    <string>0</string>
                                    <key>tag</key>
                                    <string>0</string>
                                    <key>z</key>
                                    <string>1</string>
                                    <key>isAppear</key>
                                    <string>0</string>
                                    <key>touchEnable</key>
                                    <string>1</string>
                                    <key>touchTag</key>
                                    <string>-1</string>
                                    <key>tapEffectType</key>
                                    <string>1</string>
                                    <key>isBtnSound</key>
                                    <string>1</string>
                                    <key>btnSound</key>
                                    <string></string>
                                    <key>var</key>
                                    <string>two_btn_confirm</string>
                                    <key>color</key>
                                    <string>{255,255,255,255}</string>
                                    <key>size</key>
                                    <string>{180,63}</string>
                                    <key>sprite9_bg</key>
                                    <string>ui_public1/button_yellow_1.png</string>
                                    <key>sprite9_bg_type</key>
                                    <string>0</string>
                                    <key>sprite9_bg_default</key>
                                    <string>1</string>
                                    <key>sprite9_bg_left</key>
                                    <string>0</string>
                                    <key>sprite9_bg_right</key>
                                    <string>0</string>
                                    <key>sprite9_bg_up</key>
                                    <string>0</string>
                                    <key>sprite9_bg_down</key>
                                    <string>0</string>
                                </dict>
                                <key>children</key>
                                <array>
                                    <dict>
                                        <key>type</key>
                                        <string>LabelTTF</string>
                                        <key>initProperty</key>
                                        <dict>
                                            <key>pos_p</key>
                                            <array>
                                                <string>{0,0,90,30}</string>
                                            </array>
                                            <key>linkscalexy</key>
                                            <string>0</string>
                                            <key>tag</key>
                                            <string>0</string>
                                            <key>isAppear</key>
                                            <string>0</string>
                                            <key>font</key>
                                            <string>0</string>
                                            <key>fontSize</key>
                                            <string>24</string>
                                            <key>wordFile</key>
                                            <string>btnWords.plist</string>
                                            <key>wordKey</key>
                                            <string>btn_confirm</string>
                                            <key>color</key>
                                            <string>{72,42,0,255}</string>
                                        </dict>
                                    </dict>
                                </array>
                            </dict>
                            <dict>
                                <key>type</key>
                                <string>ColorLayer</string>
                                <key>initProperty</key>
                                <dict>
                                    <key>pos_p</key>
                                    <array>
                                        <string>{0,0,50,-48}</string>
                                    </array>
                                    <key>linkscalexy</key>
                                    <string>0</string>
                                    <key>tag</key>
                                    <string>1</string>
                                    <key>isAppear</key>
                                    <string>0</string>
                                    <key>color</key>
                                    <string>{255,255,255,255}</string>
                                    <key>size</key>
                                    <string>{190,86}</string>
                                    <key>sprite9_bg</key>
                                    <string>ui_public1/button_red_2di.png</string>
                                    <key>sprite9_bg_type</key>
                                    <string>1</string>
                                    <key>sprite9_bg_default</key>
                                    <string>1</string>
                                    <key>sprite9_bg_left</key>
                                    <string>0</string>
                                    <key>sprite9_bg_right</key>
                                    <string>0</string>
                                    <key>sprite9_bg_up</key>
                                    <string>0</string>
                                    <key>sprite9_bg_down</key>
                                    <string>0</string>
                                </dict>
                            </dict>
                        </array>
                    </dict>
                    <dict>
                        <key>type</key>
                        <string>ColorLayer</string>
                        <key>initProperty</key>
                        <dict>
                            <key>pos_p</key>
                            <array>
                                <string>{0,0,371,522}</string>
                            </array>
                            <key>linkscalexy</key>
                            <string>0</string>
                            <key>tag</key>
                            <string>3</string>
                            <key>isAppear</key>
                            <string>0</string>
                            <key>color</key>
                            <string>{255,255,255,255}</string>
                            <key>size</key>
                            <string>{50,50}</string>
                        </dict>
                        <key>children</key>
                        <array>
                            <dict>
                                <key>type</key>
                                <string>ColorLayer</string>
                                <key>initProperty</key>
                                <dict>
                                    <key>pos_p</key>
                                    <array>
                                        <string>{0,0,19,-54}</string>
                                    </array>
                                    <key>linkscalexy</key>
                                    <string>0</string>
                                    <key>tag</key>
                                    <string>0</string>
                                    <key>z</key>
                                    <string>1</string>
                                    <key>isAppear</key>
                                    <string>0</string>
                                    <key>touchEnable</key>
                                    <string>1</string>
                                    <key>touchTag</key>
                                    <string>-1</string>
                                    <key>tapEffectType</key>
                                    <string>1</string>
                                    <key>isBtnSound</key>
                                    <string>1</string>
                                    <key>btnSound</key>
                                    <string></string>
                                    <key>var</key>
                                    <string>two_btn_cancel</string>
                                    <key>color</key>
                                    <string>{255,255,255,255}</string>
                                    <key>size</key>
                                    <string>{180,63}</string>
                                    <key>sprite9_bg</key>
                                    <string>ui_public1/button_yellow_1.png</string>
                                    <key>sprite9_bg_type</key>
                                    <string>0</string>
                                    <key>sprite9_bg_default</key>
                                    <string>1</string>
                                    <key>sprite9_bg_left</key>
                                    <string>0</string>
                                    <key>sprite9_bg_right</key>
                                    <string>0</string>
                                    <key>sprite9_bg_up</key>
                                    <string>0</string>
                                    <key>sprite9_bg_down</key>
                                    <string>0</string>
                                </dict>
                                <key>children</key>
                                <array>
                                    <dict>
                                        <key>type</key>
                                        <string>LabelTTF</string>
                                        <key>initProperty</key>
                                        <dict>
                                            <key>pos_p</key>
                                            <array>
                                                <string>{0,0,90,30}</string>
                                            </array>
                                            <key>linkscalexy</key>
                                            <string>0</string>
                                            <key>tag</key>
                                            <string>0</string>
                                            <key>isAppear</key>
                                            <string>0</string>
                                            <key>font</key>
                                            <string>0</string>
                                            <key>fontSize</key>
                                            <string>24</string>
                                            <key>wordFile</key>
                                            <string>btnWords.plist</string>
                                            <key>wordKey</key>
                                            <string>btn_cancel</string>
                                            <key>color</key>
                                            <string>{72,42,0,255}</string>
                                        </dict>
                                    </dict>
                                </array>
                            </dict>
                            <dict>
                                <key>type</key>
                                <string>ColorLayer</string>
                                <key>initProperty</key>
                                <dict>
                                    <key>pos_p</key>
                                    <array>
                                        <string>{0,0,18,-45}</string>
                                    </array>
                                    <key>linkscalexy</key>
                                    <string>0</string>
                                    <key>tag</key>
                                    <string>1</string>
                                    <key>isAppear</key>
                                    <string>0</string>
                                    <key>color</key>
                                    <string>{255,255,255,255}</string>
                                    <key>size</key>
                                    <string>{190,86}</string>
                                    <key>sprite9_bg</key>
                                    <string>ui_public1/button_red_2di.png</string>
                                    <key>sprite9_bg_type</key>
                                    <string>1</string>
                                    <key>sprite9_bg_default</key>
                                    <string>1</string>
                                    <key>sprite9_bg_left</key>
                                    <string>0</string>
                                    <key>sprite9_bg_right</key>
                                    <string>0</string>
                                    <key>sprite9_bg_up</key>
                                    <string>0</string>
                                    <key>sprite9_bg_down</key>
                                    <string>0</string>
                                </dict>
                            </dict>
                        </array>
                    </dict>
                    <dict>
                        <key>type</key>
                        <string>LabelTTF</string>
                        <key>initProperty</key>
                        <dict>
                            <key>pos_p</key>
                            <array>
                                <string>{0,0,480,259}</string>
                            </array>
                            <key>linkscalexy</key>
                            <string>0</string>
                            <key>tag</key>
                            <string>4</string>
                            <key>isAppear</key>
                            <string>0</string>
                            <key>var</key>
                            <string>lab_m1</string>
                            <key>wordFile</key>
                            <string>familyWords.plist</string>
                            <key>wordKey</key>
                            <string>mobai1</string>
                        </dict>
                    </dict>
                    <dict>
                        <key>type</key>
                        <string>LabelTTF</string>
                        <key>initProperty</key>
                        <dict>
                            <key>pos_p</key>
                            <array>
                                <string>{0,0,480,301}</string>
                            </array>
                            <key>linkscalexy</key>
                            <string>0</string>
                            <key>tag</key>
                            <string>5</string>
                            <key>isAppear</key>
                            <string>0</string>
                            <key>var</key>
                            <string>lab_m2</string>
                            <key>wordFile</key>
                            <string>familyWords.plist</string>
                            <key>wordKey</key>
                            <string>mobai2</string>
                        </dict>
                    </dict>
                    <dict>
                        <key>type</key>
                        <string>LabelTTF</string>
                        <key>initProperty</key>
                        <dict>
                            <key>pos_p</key>
                            <array>
                                <string>{0,0,480,343}</string>
                            </array>
                            <key>linkscalexy</key>
                            <string>0</string>
                            <key>tag</key>
                            <string>6</string>
                            <key>isAppear</key>
                            <string>0</string>
                            <key>var</key>
                            <string>lab_m3</string>
                            <key>wordFile</key>
                            <string>familyWords.plist</string>
                            <key>wordKey</key>
                            <string>mobai3</string>
                        </dict>
                    </dict>
                </array>
            </dict>
        </array>
    </dict>
    <key>images</key>
    <string>ui_9gong/9gong_didark5.png,ui_public1/kuang_di2.png,ui_public1/kuang_light_line.png,ui_public1/kuang_light_1.png,ui_public1/kuang_light_2.png,ui_pic1/2cf-1.png,ui_public1/close_big.png,ui_public1/button_yellow_1.png,ui_public1/button_red_2di.png</string>
</dict>
