<?xml version="1.0" encoding="UTF-8"?>
<dict>
    <key>mapInfo</key>
    <dict>
        <key>mapName</key>
        <string>mapName</string>
        <key>mapSize</key>
        <string>{100,100}</string>
        <key>backgroundColor</key>
        <string>{128,128,128,255}</string>
        <key>gridInfo</key>
        <string>{706,117,1,1}</string>
        <key>chessboard</key>
        <string>0</string>
    </dict>
    <key>nodeGraph</key>
    <dict>
        <key>type</key>
        <string>Layer</string>
        <key>initProperty</key>
        <dict>
            <key>pos_p</key>
            <array>
                <string>{0,0,0,0}</string>
            </array>
            <key>linkscalexy</key>
            <string>0</string>
            <key>isAppear</key>
            <string>0</string>
        </dict>
        <key>children</key>
        <array>
            <dict>
                <key>type</key>
                <string>Layer</string>
                <key>initProperty</key>
                <dict>
                    <key>pos_p</key>
                    <array>
                        <string>{0,0,0,0}</string>
                    </array>
                    <key>anchor</key>
                    <string>{0.5,0.5}</string>
                    <key>linkscalexy</key>
                    <string>0</string>
                    <key>tag</key>
                    <string>0</string>
                    <key>z</key>
                    <string>1</string>
                    <key>isAppear</key>
                    <string>0</string>
                </dict>
                <key>children</key>
                <array>
                    <dict>
                        <key>type</key>
                        <string>ColorLayer</string>
                        <key>initProperty</key>
                        <dict>
                            <key>pos_p</key>
                            <array>
                                <string>{0,0,-38,37}</string>
                            </array>
                            <key>linkscalexy</key>
                            <string>0</string>
                            <key>tag</key>
                            <string>1</string>
                            <key>isAppear</key>
                            <string>0</string>
                            <key>color</key>
                            <string>{255,255,255,255}</string>
                            <key>size</key>
                            <string>{50,50}</string>
                        </dict>
                        <key>children</key>
                        <array>
                            <dict>
                                <key>type</key>
                                <string>Sprite</string>
                                <key>initProperty</key>
                                <dict>
                                    <key>pos_p</key>
                                    <array>
                                        <string>{0,0,125,49}</string>
                                    </array>
                                    <key>linkscalexy</key>
                                    <string>0</string>
                                    <key>scale</key>
                                    <string>0.64</string>
                                    <key>tag</key>
                                    <string>0</string>
                                    <key>isAppear</key>
                                    <string>0</string>
                                    <key>imageFile</key>
                                    <string>ui_family/draw_1.png</string>
                                </dict>
                                <key>children</key>
                                <array>
                                    <dict>
                                        <key>type</key>
                                        <string>Sprite</string>
                                        <key>initProperty</key>
                                        <dict>
                                            <key>pos_p</key>
                                            <array>
                                                <string>{0,0,-1,-12}</string>
                                            </array>
                                            <key>linkscalexy</key>
                                            <string>0</string>
                                            <key>tag</key>
                                            <string>0</string>
                                            <key>var</key>
                                            <string>icon</string>
                                            <key>imageFile</key>
                                            <string>icon/skill/65001.png</string>
                                        </dict>
                                    </dict>
                                </array>
                            </dict>
                            <dict>
                                <key>type</key>
                                <string>LabelTTF</string>
                                <key>initProperty</key>
                                <dict>
                                    <key>pos_p</key>
                                    <array>
                                        <string>{0,0,175,42}</string>
                                    </array>
                                    <key>anchor</key>
                                    <string>{0,1}</string>
                                    <key>linkscalexy</key>
                                    <string>0</string>
                                    <key>tag</key>
                                    <string>2</string>
                                    <key>isAppear</key>
                                    <string>0</string>
                                    <key>var</key>
                                    <string>txt_dec</string>
                                    <key>createMethod</key>
                                    <string>2</string>
                                    <key>dimensions</key>
                                    <string>{400,0}</string>
                                    <key>wordFile</key>
                                    <string>ui_halo_item.plist</string>
                                    <key>wordKey</key>
                                    <string>1</string>
                                    <key>wordString</key>
                                    <string>全体</string>
                                    <key>color</key>
                                    <string>{96,255,0,255}</string>
                                </dict>
                            </dict>
                            <dict>
                                <key>type</key>
                                <string>LayOut</string>
                                <key>initProperty</key>
                                <dict>
                                    <key>pos_p</key>
                                    <array>
                                        <string>{0,0,175,23}</string>
                                    </array>
                                    <key>anchor</key>
                                    <string>{0,0.5}</string>
                                    <key>contentSize</key>
                                    <string>{130,28}</string>
                                    <key>linkscalexy</key>
                                    <string>0</string>
                                    <key>tag</key>
                                    <string>6</string>
                                    <key>isAppear</key>
                                    <string>0</string>
                                    <key>type</key>
                                    <string>1</string>
                                    <key>offw</key>
                                    <string>21</string>
                                    <key>align</key>
                                    <string>0</string>
                                </dict>
                                <key>children</key>
                                <array>
                                    <dict>
                                        <key>type</key>
                                        <string>LabelTTF</string>
                                        <key>initProperty</key>
                                        <dict>
                                            <key>pos_p</key>
                                            <array>
                                                <string>{0,0,76,14}</string>
                                            </array>
                                            <key>anchor</key>
                                            <string>{0,0.5}</string>
                                            <key>linkscalexy</key>
                                            <string>0</string>
                                            <key>tag</key>
                                            <string>0</string>
                                            <key>isAppear</key>
                                            <string>0</string>
                                            <key>var</key>
                                            <string>txt_lv</string>
                                            <key>createMethod</key>
                                            <string>1</string>
                                            <key>wordString</key>
                                            <string>Lv.@</string>
                                            <key>outline_type</key>
                                            <string>2</string>
                                            <key>outline_color</key>
                                            <string>{255,255,255,255}</string>
                                            <key>outline_offset</key>
                                            <string>0.2</string>
                                        </dict>
                                    </dict>
                                    <dict>
                                        <key>type</key>
                                        <string>LabelTTF</string>
                                        <key>initProperty</key>
                                        <dict>
                                            <key>pos_p</key>
                                            <array>
                                                <string>{0,0,0,14}</string>
                                            </array>
                                            <key>anchor</key>
                                            <string>{0,0.5}</string>
                                            <key>linkscalexy</key>
                                            <string>0</string>
                                            <key>tag</key>
                                            <string>1</string>
                                            <key>isAppear</key>
                                            <string>0</string>
                                            <key>var</key>
                                            <string>txt_name</string>
                                            <key>createMethod</key>
                                            <string>1</string>
                                            <key>wordString</key>
                                            <string>word</string>
                                            <key>color</key>
                                            <string>{0,0,0,255}</string>
                                        </dict>
                                    </dict>
                                </array>
                            </dict>
                            <dict>
                                <key>type</key>
                                <string>Sprite</string>
                                <key>initProperty</key>
                                <dict>
                                    <key>pos_p</key>
                                    <array>
                                        <string>{0,0,586,52}</string>
                                    </array>
                                    <key>linkscalexy</key>
                                    <string>0</string>
                                    <key>scale</key>
                                    <string>0.82</string>
                                    <key>rotation</key>
                                    <string>90</string>
                                    <key>tag</key>
                                    <string>7</string>
                                    <key>isAppear</key>
                                    <string>0</string>
                                    <key>imageFile</key>
                                    <string>ui_public1/line3.png</string>
                                </dict>
                            </dict>
                        </array>
                    </dict>
                    <dict>
                        <key>type</key>
                        <string>ColorLayer</string>
                        <key>initProperty</key>
                        <dict>
                            <key>pos_p</key>
                            <array>
                                <string>{0,0,354,61}</string>
                            </array>
                            <key>linkscalexy</key>
                            <string>0</string>
                            <key>tag</key>
                            <string>2</string>
                            <key>z</key>
                            <string>-1</string>
                            <key>isAppear</key>
                            <string>0</string>
                            <key>color</key>
                            <string>{255,255,255,255}</string>
                            <key>size</key>
                            <string>{705,117}</string>
                            <key>sprite9_bg</key>
                            <string>ui_9gong/draw_9.png</string>
                            <key>sprite9_bg_type</key>
                            <string>0</string>
                            <key>sprite9_bg_default</key>
                            <string>0</string>
                            <key>sprite9_bg_left</key>
                            <string>50</string>
                            <key>sprite9_bg_right</key>
                            <string>50</string>
                            <key>sprite9_bg_up</key>
                            <string>50</string>
                            <key>sprite9_bg_down</key>
                            <string>50</string>
                        </dict>
                        <key>children</key>
                        <array>
                            <dict>
                                <key>type</key>
                                <string>ColorLayer</string>
                                <key>initProperty</key>
                                <dict>
                                    <key>pos_p</key>
                                    <array>
                                        <string>{0,0,610,62}</string>
                                    </array>
                                    <key>linkscalexy</key>
                                    <string>0</string>
                                    <key>visible</key>
                                    <string>0</string>
                                    <key>tag</key>
                                    <string>0</string>
                                    <key>isAppear</key>
                                    <string>0</string>
                                    <key>touchEnable</key>
                                    <string>1</string>
                                    <key>tapEffectType</key>
                                    <string>1</string>
                                    <key>isBtnSound</key>
                                    <string>1</string>
                                    <key>btnSound</key>
                                    <string></string>
                                    <key>var</key>
                                    <string>btn_go</string>
                                    <key>color</key>
                                    <string>{255,255,255,255}</string>
                                    <key>size</key>
                                    <string>{150,60}</string>
                                    <key>sprite9_bg</key>
                                    <string>ui_public1/button_red_1.png</string>
                                    <key>sprite9_bg_type</key>
                                    <string>1</string>
                                    <key>sprite9_bg_default</key>
                                    <string>1</string>
                                    <key>sprite9_bg_left</key>
                                    <string>0</string>
                                    <key>sprite9_bg_right</key>
                                    <string>0</string>
                                    <key>sprite9_bg_up</key>
                                    <string>0</string>
                                    <key>sprite9_bg_down</key>
                                    <string>0</string>
                                </dict>
                                <key>children</key>
                                <array>
                                    <dict>
                                        <key>type</key>
                                        <string>LabelTTF</string>
                                        <key>initProperty</key>
                                        <dict>
                                            <key>pos_p</key>
                                            <array>
                                                <string>{0,0,76,27}</string>
                                            </array>
                                            <key>linkscalexy</key>
                                            <string>0</string>
                                            <key>tag</key>
                                            <string>1</string>
                                            <key>isAppear</key>
                                            <string>0</string>
                                            <key>createMethod</key>
                                            <string>2</string>
                                            <key>font</key>
                                            <string>0</string>
                                            <key>fontSize</key>
                                            <string>22</string>
                                            <key>wordFile</key>
                                            <string>ui_halo_item.plist</string>
                                            <key>wordKey</key>
                                            <string>2</string>
                                            <key>wordString</key>
                                            <string>前往学习</string>
                                        </dict>
                                    </dict>
                                </array>
                            </dict>
                            <dict>
                                <key>type</key>
                                <string>LabelTTF</string>
                                <key>initProperty</key>
                                <dict>
                                    <key>pos_p</key>
                                    <array>
                                        <string>{0,0,612,54}</string>
                                    </array>
                                    <key>linkscalexy</key>
                                    <string>0</string>
                                    <key>tag</key>
                                    <string>1</string>
                                    <key>isAppear</key>
                                    <string>0</string>
                                    <key>var</key>
                                    <string>txt_tip1</string>
                                    <key>createMethod</key>
                                    <string>2</string>
                                    <key>fontSize</key>
                                    <string>18</string>
                                    <key>wordFile</key>
                                    <string>ui_halo_item.plist</string>
                                    <key>wordKey</key>
                                    <string>3</string>
                                    <key>wordString</key>
                                    <string>加入军团可学习</string>
                                    <key>color</key>
                                    <string>{255,210,0,255}</string>
                                </dict>
                            </dict>
                            <dict>
                                <key>type</key>
                                <string>LayOut</string>
                                <key>initProperty</key>
                                <dict>
                                    <key>pos_p</key>
                                    <array>
                                        <string>{0,0,611,58}</string>
                                    </array>
                                    <key>contentSize</key>
                                    <string>{177,34}</string>
                                    <key>linkscalexy</key>
                                    <string>0</string>
                                    <key>visible</key>
                                    <string>0</string>
                                    <key>tag</key>
                                    <string>4</string>
                                    <key>isAppear</key>
                                    <string>0</string>
                                    <key>var</key>
                                    <string>layout_tip</string>
                                    <key>type</key>
                                    <string>1</string>
                                    <key>offw</key>
                                    <string>0</string>
                                    <key>align</key>
                                    <string>0</string>
                                </dict>
                                <key>children</key>
                                <array>
                                    <dict>
                                        <key>type</key>
                                        <string>LabelTTF</string>
                                        <key>initProperty</key>
                                        <dict>
                                            <key>pos_p</key>
                                            <array>
                                                <string>{0,0,0,17}</string>
                                            </array>
                                            <key>anchor</key>
                                            <string>{0,0.5}</string>
                                            <key>linkscalexy</key>
                                            <string>0</string>
                                            <key>tag</key>
                                            <string>0</string>
                                            <key>isAppear</key>
                                            <string>0</string>
                                            <key>var</key>
                                            <string>txt_family_lv</string>
                                            <key>createMethod</key>
                                            <string>2</string>
                                            <key>fontSize</key>
                                            <string>18</string>
                                            <key>wordFile</key>
                                            <string>ui_halo_item.plist</string>
                                            <key>wordKey</key>
                                            <string>4</string>
                                            <key>wordString</key>
                                            <string>【@级军团】</string>
                                        </dict>
                                    </dict>
                                    <dict>
                                        <key>type</key>
                                        <string>LabelTTF</string>
                                        <key>initProperty</key>
                                        <dict>
                                            <key>pos_p</key>
                                            <array>
                                                <string>{0,0,115,17}</string>
                                            </array>
                                            <key>anchor</key>
                                            <string>{0,0.5}</string>
                                            <key>linkscalexy</key>
                                            <string>0</string>
                                            <key>tag</key>
                                            <string>1</string>
                                            <key>isAppear</key>
                                            <string>0</string>
                                            <key>createMethod</key>
                                            <string>2</string>
                                            <key>fontSize</key>
                                            <string>18</string>
                                            <key>wordFile</key>
                                            <string>ui_halo_item.plist</string>
                                            <key>wordKey</key>
                                            <string>5</string>
                                            <key>wordString</key>
                                            <string>可学习</string>
                                            <key>color</key>
                                            <string>{255,210,0,255}</string>
                                        </dict>
                                    </dict>
                                </array>
                            </dict>
                        </array>
                    </dict>
                </array>
            </dict>
        </array>
    </dict>
    <key>images</key>
    <string>ui_family/draw_1.png,icon/skill/65001.png,ui_public1/line3.png,ui_9gong/draw_9.png,ui_public1/button_red_1.png</string>
</dict>
