<?xml version="1.0" encoding="UTF-8"?>
<dict>
    <key>mapInfo</key>
    <dict>
        <key>mapName</key>
        <string>ui_confirm</string>
        <key>mapSize</key>
        <string>{100,100}</string>
        <key>backgroundColor</key>
        <string>{54,51,75,255}</string>
        <key>gridInfo</key>
        <string>{960,640,1,1}</string>
        <key>chessboard</key>
        <string>0</string>
    </dict>
    <key>nodeGraph</key>
    <dict>
        <key>type</key>
        <string>Layer</string>
        <key>initProperty</key>
        <dict>
            <key>pos_p</key>
            <array>
                <string>{0,0,0,0}</string>
            </array>
            <key>linkscalexy</key>
            <string>0</string>
            <key>isAppear</key>
            <string>0</string>
        </dict>
        <key>children</key>
        <array>
            <dict>
                <key>type</key>
                <string>Layer</string>
                <key>initProperty</key>
                <dict>
                    <key>pos_p</key>
                    <array>
                        <string>{0,0,0,0}</string>
                    </array>
                    <key>anchor</key>
                    <string>{0.5,0.5}</string>
                    <key>linkscalexy</key>
                    <string>0</string>
                    <key>tag</key>
                    <string>0</string>
                    <key>isAppear</key>
                    <string>0</string>
                </dict>
            </dict>
            <dict>
                <key>type</key>
                <string>Layer</string>
                <key>initProperty</key>
                <dict>
                    <key>pos_p</key>
                    <array>
                        <string>{0,0,0,-19}</string>
                    </array>
                    <key>anchor</key>
                    <string>{0.5,0.5}</string>
                    <key>linkscalexy</key>
                    <string>0</string>
                    <key>tag</key>
                    <string>2</string>
                    <key>isAppear</key>
                    <string>0</string>
                    <key>var</key>
                    <string>layer_btn_two</string>
                </dict>
            </dict>
            <dict>
                <key>type</key>
                <string>ColorLayer</string>
                <key>initProperty</key>
                <dict>
                    <key>pos_p</key>
                    <array>
                        <string>{0,0,479,322}</string>
                    </array>
                    <key>linkscalexy</key>
                    <string>0</string>
                    <key>tag</key>
                    <string>4</string>
                    <key>isAppear</key>
                    <string>0</string>
                    <key>color</key>
                    <string>{255,255,255,255}</string>
                    <key>size</key>
                    <string>{560,425}</string>
                    <key>sprite9_bg</key>
                    <string>ui_9gong/9gong_didark5.png</string>
                    <key>sprite9_bg_type</key>
                    <string>0</string>
                    <key>sprite9_bg_default</key>
                    <string>1</string>
                    <key>sprite9_bg_left</key>
                    <string>0</string>
                    <key>sprite9_bg_right</key>
                    <string>0</string>
                    <key>sprite9_bg_up</key>
                    <string>0</string>
                    <key>sprite9_bg_down</key>
                    <string>0</string>
                </dict>
                <key>children</key>
                <array>
                    <dict>
                        <key>type</key>
                        <string>Sprite</string>
                        <key>initProperty</key>
                        <dict>
                            <key>pos_p</key>
                            <array>
                                <string>{0,0,283,20}</string>
                            </array>
                            <key>linkscalexy</key>
                            <string>0</string>
                            <key>scaleX</key>
                            <string>2</string>
                            <key>scale</key>
                            <string>2</string>
                            <key>tag</key>
                            <string>6</string>
                            <key>isAppear</key>
                            <string>0</string>
                            <key>imageFile</key>
                            <string>ui_public1/kuang_light_2.png</string>
                        </dict>
                    </dict>
                    <dict>
                        <key>type</key>
                        <string>ColorLayer</string>
                        <key>initProperty</key>
                        <dict>
                            <key>pos_p</key>
                            <array>
                                <string>{0,0,280,370}</string>
                            </array>
                            <key>linkscalexy</key>
                            <string>0</string>
                            <key>tag</key>
                            <string>7</string>
                            <key>z</key>
                            <string>1</string>
                            <key>isAppear</key>
                            <string>0</string>
                            <key>color</key>
                            <string>{255,255,255,255}</string>
                            <key>size</key>
                            <string>{554,102}</string>
                            <key>sprite9_bg</key>
                            <string>ui_9gong/di-9gong-6.png</string>
                            <key>sprite9_bg_type</key>
                            <string>1</string>
                            <key>sprite9_bg_default</key>
                            <string>1</string>
                            <key>sprite9_bg_left</key>
                            <string>0</string>
                            <key>sprite9_bg_right</key>
                            <string>0</string>
                            <key>sprite9_bg_up</key>
                            <string>0</string>
                            <key>sprite9_bg_down</key>
                            <string>0</string>
                        </dict>
                        <key>children</key>
                        <array>
                            <dict>
                                <key>type</key>
                                <string>Sprite</string>
                                <key>initProperty</key>
                                <dict>
                                    <key>pos_p</key>
                                    <array>
                                        <string>{0,0,280,23}</string>
                                    </array>
                                    <key>linkscalexy</key>
                                    <string>0</string>
                                    <key>tag</key>
                                    <string>0</string>
                                    <key>isAppear</key>
                                    <string>0</string>
                                    <key>imageFile</key>
                                    <string>ui_public1/kuang_light_1.png</string>
                                    <key>color</key>
                                    <string>{255,255,255,200}</string>
                                </dict>
                            </dict>
                            <dict>
                                <key>type</key>
                                <string>Sprite</string>
                                <key>initProperty</key>
                                <dict>
                                    <key>pos_p</key>
                                    <array>
                                        <string>{0,0,272,1}</string>
                                    </array>
                                    <key>linkscalexy</key>
                                    <string>0</string>
                                    <key>tag</key>
                                    <string>1</string>
                                    <key>z</key>
                                    <string>1</string>
                                    <key>isAppear</key>
                                    <string>0</string>
                                    <key>imageFile</key>
                                    <string>ui_public1/kuang_light_line.png</string>
                                </dict>
                            </dict>
                            <dict>
                                <key>type</key>
                                <string>ColorLayer</string>
                                <key>initProperty</key>
                                <dict>
                                    <key>pos_p</key>
                                    <array>
                                        <string>{0,0,276,61}</string>
                                    </array>
                                    <key>linkscalexy</key>
                                    <string>0</string>
                                    <key>tag</key>
                                    <string>2</string>
                                    <key>z</key>
                                    <string>1</string>
                                    <key>isAppear</key>
                                    <string>0</string>
                                    <key>color</key>
                                    <string>{255,255,255,255}</string>
                                    <key>size</key>
                                    <string>{210,86}</string>
                                    <key>sprite9_bg</key>
                                    <string>ui_public1/button_red_2di.png</string>
                                    <key>sprite9_bg_type</key>
                                    <string>1</string>
                                    <key>sprite9_bg_default</key>
                                    <string>1</string>
                                    <key>sprite9_bg_left</key>
                                    <string>0</string>
                                    <key>sprite9_bg_right</key>
                                    <string>0</string>
                                    <key>sprite9_bg_up</key>
                                    <string>0</string>
                                    <key>sprite9_bg_down</key>
                                    <string>0</string>
                                </dict>
                                <key>children</key>
                                <array>
                                    <dict>
                                        <key>type</key>
                                        <string>ColorLayer</string>
                                        <key>initProperty</key>
                                        <dict>
                                            <key>pos_p</key>
                                            <array>
                                                <string>{0,0,105,34}</string>
                                            </array>
                                            <key>linkscalexy</key>
                                            <string>0</string>
                                            <key>tag</key>
                                            <string>0</string>
                                            <key>isAppear</key>
                                            <string>0</string>
                                            <key>touchEnable</key>
                                            <string>1</string>
                                            <key>touchTag</key>
                                            <string>-1</string>
                                            <key>tapEffectType</key>
                                            <string>1</string>
                                            <key>isBtnSound</key>
                                            <string>1</string>
                                            <key>btnSound</key>
                                            <string></string>
                                            <key>btnCd</key>
                                            <string>0.5</string>
                                            <key>var</key>
                                            <string>btn_confirm</string>
                                            <key>color</key>
                                            <string>{255,255,255,255}</string>
                                            <key>size</key>
                                            <string>{200,63}</string>
                                            <key>sprite9_bg</key>
                                            <string>ui_public1/button_yellow_1.png</string>
                                            <key>sprite9_bg_type</key>
                                            <string>1</string>
                                            <key>sprite9_bg_default</key>
                                            <string>1</string>
                                            <key>sprite9_bg_left</key>
                                            <string>0</string>
                                            <key>sprite9_bg_right</key>
                                            <string>0</string>
                                            <key>sprite9_bg_up</key>
                                            <string>0</string>
                                            <key>sprite9_bg_down</key>
                                            <string>0</string>
                                        </dict>
                                        <key>children</key>
                                        <array>
                                            <dict>
                                                <key>type</key>
                                                <string>LabelTTF</string>
                                                <key>initProperty</key>
                                                <dict>
                                                    <key>pos_p</key>
                                                    <array>
                                                        <string>{0,0,100,29}</string>
                                                    </array>
                                                    <key>linkscalexy</key>
                                                    <string>0</string>
                                                    <key>tag</key>
                                                    <string>1</string>
                                                    <key>isAppear</key>
                                                    <string>0</string>
                                                    <key>createMethod</key>
                                                    <string>2</string>
                                                    <key>font</key>
                                                    <string>0</string>
                                                    <key>fontSize</key>
                                                    <string>24</string>
                                                    <key>wordFile</key>
                                                    <string>ui_item_sell.plist</string>
                                                    <key>wordKey</key>
                                                    <string>1</string>
                                                    <key>wordString</key>
                                                    <string>确认出售</string>
                                                    <key>color</key>
                                                    <string>{93,37,0,255}</string>
                                                </dict>
                                            </dict>
                                        </array>
                                    </dict>
                                </array>
                            </dict>
                            <dict>
                                <key>type</key>
                                <string>ColorLayer</string>
                                <key>initProperty</key>
                                <dict>
                                    <key>pos_p</key>
                                    <array>
                                        <string>{0,0,277,25}</string>
                                    </array>
                                    <key>linkscalexy</key>
                                    <string>0</string>
                                    <key>tag</key>
                                    <string>3</string>
                                    <key>isAppear</key>
                                    <string>0</string>
                                    <key>color</key>
                                    <string>{255,255,255,200}</string>
                                    <key>size</key>
                                    <string>{554,50}</string>
                                    <key>sprite9_bg</key>
                                    <string>ui_public1/kuang_light_hen.png</string>
                                    <key>sprite9_bg_type</key>
                                    <string>0</string>
                                    <key>sprite9_bg_default</key>
                                    <string>1</string>
                                    <key>sprite9_bg_left</key>
                                    <string>0</string>
                                    <key>sprite9_bg_right</key>
                                    <string>0</string>
                                    <key>sprite9_bg_up</key>
                                    <string>0</string>
                                    <key>sprite9_bg_down</key>
                                    <string>0</string>
                                </dict>
                            </dict>
                            <dict>
                                <key>type</key>
                                <string>Sprite</string>
                                <key>initProperty</key>
                                <dict>
                                    <key>pos_p</key>
                                    <array>
                                        <string>{0,0,281,-317}</string>
                                    </array>
                                    <key>linkscalexy</key>
                                    <string>0</string>
                                    <key>tag</key>
                                    <string>4</string>
                                    <key>z</key>
                                    <string>1</string>
                                    <key>isAppear</key>
                                    <string>0</string>
                                    <key>imageFile</key>
                                    <string>ui_public1/kuang_light_line.png</string>
                                </dict>
                            </dict>
                        </array>
                    </dict>
                    <dict>
                        <key>type</key>
                        <string>Sprite</string>
                        <key>initProperty</key>
                        <dict>
                            <key>pos_p</key>
                            <array>
                                <string>{0,0,540,25}</string>
                            </array>
                            <key>linkscalexy</key>
                            <string>0</string>
                            <key>scale</key>
                            <string>0.92</string>
                            <key>tag</key>
                            <string>12</string>
                            <key>isAppear</key>
                            <string>0</string>
                            <key>touchEnable</key>
                            <string>1</string>
                            <key>touchTag</key>
                            <string>-1</string>
                            <key>tapEffectType</key>
                            <string>1</string>
                            <key>isBtnSound</key>
                            <string>1</string>
                            <key>btnSound</key>
                            <string></string>
                            <key>btnCd</key>
                            <string>0.5</string>
                            <key>var</key>
                            <string>btn_close</string>
                            <key>imageFile</key>
                            <string>ui_public1/close_big.png</string>
                        </dict>
                    </dict>
                    <dict>
                        <key>type</key>
                        <string>ColorLayer</string>
                        <key>initProperty</key>
                        <dict>
                            <key>pos_p</key>
                            <array>
                                <string>{0,0,281,196}</string>
                            </array>
                            <key>linkscalexy</key>
                            <string>0</string>
                            <key>tag</key>
                            <string>13</string>
                            <key>isAppear</key>
                            <string>0</string>
                            <key>color</key>
                            <string>{255,255,255,255}</string>
                            <key>size</key>
                            <string>{554,288}</string>
                            <key>sprite9_bg</key>
                            <string>ui_public1/kuang_light_hen2.png</string>
                            <key>sprite9_bg_type</key>
                            <string>1</string>
                            <key>sprite9_bg_default</key>
                            <string>1</string>
                            <key>sprite9_bg_left</key>
                            <string>0</string>
                            <key>sprite9_bg_right</key>
                            <string>0</string>
                            <key>sprite9_bg_up</key>
                            <string>0</string>
                            <key>sprite9_bg_down</key>
                            <string>0</string>
                        </dict>
                    </dict>
                    <dict>
                        <key>type</key>
                        <string>ColorLayer</string>
                        <key>initProperty</key>
                        <dict>
                            <key>pos_p</key>
                            <array>
                                <string>{0,0,281,188}</string>
                            </array>
                            <key>linkscalexy</key>
                            <string>0</string>
                            <key>tag</key>
                            <string>15</string>
                            <key>isAppear</key>
                            <string>0</string>
                            <key>color</key>
                            <string>{255,255,255,255}</string>
                            <key>size</key>
                            <string>{518,86}</string>
                            <key>sprite9_bg</key>
                            <string>ui_public1/cao3-di1.png</string>
                            <key>sprite9_bg_type</key>
                            <string>0</string>
                            <key>sprite9_bg_default</key>
                            <string>1</string>
                            <key>sprite9_bg_left</key>
                            <string>0</string>
                            <key>sprite9_bg_right</key>
                            <string>0</string>
                            <key>sprite9_bg_up</key>
                            <string>0</string>
                            <key>sprite9_bg_down</key>
                            <string>0</string>
                        </dict>
                        <key>children</key>
                        <array>
                            <dict>
                                <key>type</key>
                                <string>ColorLayer</string>
                                <key>initProperty</key>
                                <dict>
                                    <key>pos_p</key>
                                    <array>
                                        <string>{0,0,260,43}</string>
                                    </array>
                                    <key>linkscalexy</key>
                                    <string>0</string>
                                    <key>tag</key>
                                    <string>0</string>
                                    <key>isAppear</key>
                                    <string>0</string>
                                    <key>color</key>
                                    <string>{255,255,255,255}</string>
                                    <key>size</key>
                                    <string>{90,60}</string>
                                    <key>sprite9_bg</key>
                                    <string>ui_9gong/9gong_shen.png</string>
                                    <key>sprite9_bg_type</key>
                                    <string>0</string>
                                    <key>sprite9_bg_default</key>
                                    <string>1</string>
                                    <key>sprite9_bg_left</key>
                                    <string>0</string>
                                    <key>sprite9_bg_right</key>
                                    <string>0</string>
                                    <key>sprite9_bg_up</key>
                                    <string>0</string>
                                    <key>sprite9_bg_down</key>
                                    <string>0</string>
                                </dict>
                                <key>children</key>
                                <array>
                                    <dict>
                                        <key>type</key>
                                        <string>LabelAtlas</string>
                                        <key>initProperty</key>
                                        <dict>
                                            <key>pos_p</key>
                                            <array>
                                                <string>{0,0,44,29}</string>
                                            </array>
                                            <key>linkscalexy</key>
                                            <string>0</string>
                                            <key>scale</key>
                                            <string>0.7</string>
                                            <key>tag</key>
                                            <string>0</string>
                                            <key>isAppear</key>
                                            <string>0</string>
                                            <key>var</key>
                                            <string>txt_buy_times</string>
                                            <key>type</key>
                                            <string>1</string>
                                            <key>image</key>
                                            <string>ui_num/lv_num.png</string>
                                            <key>w</key>
                                            <string>36</string>
                                            <key>h</key>
                                            <string>48</string>
                                            <key>start</key>
                                            <string>0</string>
                                            <key>offw</key>
                                            <string>-4</string>
                                            <key>num</key>
                                            <string>0</string>
                                        </dict>
                                    </dict>
                                </array>
                            </dict>
                            <dict>
                                <key>type</key>
                                <string>ColorLayer</string>
                                <key>initProperty</key>
                                <dict>
                                    <key>pos_p</key>
                                    <array>
                                        <string>{0,0,61,43}</string>
                                    </array>
                                    <key>linkscalexy</key>
                                    <string>0</string>
                                    <key>tag</key>
                                    <string>1</string>
                                    <key>isAppear</key>
                                    <string>0</string>
                                    <key>touchEnable</key>
                                    <string>1</string>
                                    <key>touchTag</key>
                                    <string>-1</string>
                                    <key>tapEffectType</key>
                                    <string>1</string>
                                    <key>isBtnSound</key>
                                    <string>1</string>
                                    <key>btnSound</key>
                                    <string></string>
                                    <key>btnCd</key>
                                    <string>0</string>
                                    <key>var</key>
                                    <string>btn_sub1</string>
                                    <key>color</key>
                                    <string>{255,255,255,255}</string>
                                    <key>size</key>
                                    <string>{90,64}</string>
                                    <key>sprite9_bg</key>
                                    <string>ui_public1/button_gold2.png</string>
                                    <key>sprite9_bg_type</key>
                                    <string>2</string>
                                    <key>sprite9_bg_default</key>
                                    <string>1</string>
                                    <key>sprite9_bg_left</key>
                                    <string>0</string>
                                    <key>sprite9_bg_right</key>
                                    <string>0</string>
                                    <key>sprite9_bg_up</key>
                                    <string>0</string>
                                    <key>sprite9_bg_down</key>
                                    <string>0</string>
                                </dict>
                                <key>children</key>
                                <array>
                                    <dict>
                                        <key>type</key>
                                        <string>Sprite</string>
                                        <key>initProperty</key>
                                        <dict>
                                            <key>pos_p</key>
                                            <array>
                                                <string>{0,0,47,32}</string>
                                            </array>
                                            <key>linkscalexy</key>
                                            <string>0</string>
                                            <key>tag</key>
                                            <string>0</string>
                                            <key>isAppear</key>
                                            <string>0</string>
                                            <key>imageFile</key>
                                            <string>ui_public1/--.png</string>
                                        </dict>
                                    </dict>
                                </array>
                            </dict>
                            <dict>
                                <key>type</key>
                                <string>ColorLayer</string>
                                <key>initProperty</key>
                                <dict>
                                    <key>pos_p</key>
                                    <array>
                                        <string>{0,0,155,44}</string>
                                    </array>
                                    <key>linkscalexy</key>
                                    <string>0</string>
                                    <key>tag</key>
                                    <string>2</string>
                                    <key>isAppear</key>
                                    <string>0</string>
                                    <key>touchEnable</key>
                                    <string>1</string>
                                    <key>touchTag</key>
                                    <string>-1</string>
                                    <key>tapEffectType</key>
                                    <string>1</string>
                                    <key>isBtnSound</key>
                                    <string>1</string>
                                    <key>btnSound</key>
                                    <string></string>
                                    <key>btnCd</key>
                                    <string>0</string>
                                    <key>var</key>
                                    <string>btn_sub</string>
                                    <key>color</key>
                                    <string>{255,255,255,255}</string>
                                    <key>size</key>
                                    <string>{68,64}</string>
                                    <key>sprite9_bg</key>
                                    <string>ui_public1/button_gold2.png</string>
                                    <key>sprite9_bg_type</key>
                                    <string>2</string>
                                    <key>sprite9_bg_default</key>
                                    <string>1</string>
                                    <key>sprite9_bg_left</key>
                                    <string>0</string>
                                    <key>sprite9_bg_right</key>
                                    <string>0</string>
                                    <key>sprite9_bg_up</key>
                                    <string>0</string>
                                    <key>sprite9_bg_down</key>
                                    <string>0</string>
                                </dict>
                                <key>children</key>
                                <array>
                                    <dict>
                                        <key>type</key>
                                        <string>Sprite</string>
                                        <key>initProperty</key>
                                        <dict>
                                            <key>pos_p</key>
                                            <array>
                                                <string>{0,0,36,32}</string>
                                            </array>
                                            <key>linkscalexy</key>
                                            <string>0</string>
                                            <key>tag</key>
                                            <string>0</string>
                                            <key>isAppear</key>
                                            <string>0</string>
                                            <key>imageFile</key>
                                            <string>ui_public1/-.png</string>
                                        </dict>
                                    </dict>
                                </array>
                            </dict>
                            <dict>
                                <key>type</key>
                                <string>ColorLayer</string>
                                <key>initProperty</key>
                                <dict>
                                    <key>pos_p</key>
                                    <array>
                                        <string>{0,0,363,44}</string>
                                    </array>
                                    <key>linkscalexy</key>
                                    <string>0</string>
                                    <key>tag</key>
                                    <string>3</string>
                                    <key>isAppear</key>
                                    <string>0</string>
                                    <key>touchEnable</key>
                                    <string>1</string>
                                    <key>touchTag</key>
                                    <string>-1</string>
                                    <key>tapEffectType</key>
                                    <string>1</string>
                                    <key>isBtnSound</key>
                                    <string>1</string>
                                    <key>btnSound</key>
                                    <string></string>
                                    <key>btnCd</key>
                                    <string>0</string>
                                    <key>var</key>
                                    <string>btn_add</string>
                                    <key>color</key>
                                    <string>{255,255,255,255}</string>
                                    <key>size</key>
                                    <string>{68,64}</string>
                                    <key>sprite9_bg</key>
                                    <string>ui_public1/button_gold2.png</string>
                                    <key>sprite9_bg_type</key>
                                    <string>2</string>
                                    <key>sprite9_bg_default</key>
                                    <string>1</string>
                                    <key>sprite9_bg_left</key>
                                    <string>0</string>
                                    <key>sprite9_bg_right</key>
                                    <string>0</string>
                                    <key>sprite9_bg_up</key>
                                    <string>0</string>
                                    <key>sprite9_bg_down</key>
                                    <string>0</string>
                                </dict>
                                <key>children</key>
                                <array>
                                    <dict>
                                        <key>type</key>
                                        <string>Sprite</string>
                                        <key>initProperty</key>
                                        <dict>
                                            <key>pos_p</key>
                                            <array>
                                                <string>{0,0,36,32}</string>
                                            </array>
                                            <key>linkscalexy</key>
                                            <string>0</string>
                                            <key>tag</key>
                                            <string>0</string>
                                            <key>isAppear</key>
                                            <string>0</string>
                                            <key>imageFile</key>
                                            <string>ui_public1/+.png</string>
                                        </dict>
                                    </dict>
                                </array>
                            </dict>
                            <dict>
                                <key>type</key>
                                <string>ColorLayer</string>
                                <key>initProperty</key>
                                <dict>
                                    <key>pos_p</key>
                                    <array>
                                        <string>{0,0,457,44}</string>
                                    </array>
                                    <key>linkscalexy</key>
                                    <string>0</string>
                                    <key>tag</key>
                                    <string>4</string>
                                    <key>isAppear</key>
                                    <string>0</string>
                                    <key>touchEnable</key>
                                    <string>1</string>
                                    <key>touchTag</key>
                                    <string>-1</string>
                                    <key>tapEffectType</key>
                                    <string>1</string>
                                    <key>isBtnSound</key>
                                    <string>1</string>
                                    <key>btnSound</key>
                                    <string></string>
                                    <key>btnCd</key>
                                    <string>0</string>
                                    <key>var</key>
                                    <string>btn_add1</string>
                                    <key>color</key>
                                    <string>{255,255,255,255}</string>
                                    <key>size</key>
                                    <string>{90,64}</string>
                                    <key>sprite9_bg</key>
                                    <string>ui_public1/button_gold2.png</string>
                                    <key>sprite9_bg_type</key>
                                    <string>2</string>
                                    <key>sprite9_bg_default</key>
                                    <string>1</string>
                                    <key>sprite9_bg_left</key>
                                    <string>0</string>
                                    <key>sprite9_bg_right</key>
                                    <string>0</string>
                                    <key>sprite9_bg_up</key>
                                    <string>0</string>
                                    <key>sprite9_bg_down</key>
                                    <string>0</string>
                                </dict>
                                <key>children</key>
                                <array>
                                    <dict>
                                        <key>type</key>
                                        <string>Sprite</string>
                                        <key>initProperty</key>
                                        <dict>
                                            <key>pos_p</key>
                                            <array>
                                                <string>{0,0,47,32}</string>
                                            </array>
                                            <key>linkscalexy</key>
                                            <string>0</string>
                                            <key>tag</key>
                                            <string>0</string>
                                            <key>isAppear</key>
                                            <string>0</string>
                                            <key>imageFile</key>
                                            <string>ui_public1/++.png</string>
                                        </dict>
                                    </dict>
                                </array>
                            </dict>
                        </array>
                    </dict>
                    <dict>
                        <key>type</key>
                        <string>ColorLayer</string>
                        <key>initProperty</key>
                        <dict>
                            <key>pos_p</key>
                            <array>
                                <string>{0,0,25,481}</string>
                            </array>
                            <key>linkscalexy</key>
                            <string>0</string>
                            <key>tag</key>
                            <string>19</string>
                            <key>isAppear</key>
                            <string>0</string>
                            <key>color</key>
                            <string>{255,255,255,0}</string>
                            <key>size</key>
                            <string>{50,50}</string>
                        </dict>
                        <key>children</key>
                        <array>
                            <dict>
                                <key>type</key>
                                <string>LayOut</string>
                                <key>initProperty</key>
                                <dict>
                                    <key>pos_p</key>
                                    <array>
                                        <string>{0,0,225,-183}</string>
                                    </array>
                                    <key>anchor</key>
                                    <string>{1,0.5}</string>
                                    <key>contentSize</key>
                                    <string>{193,44}</string>
                                    <key>linkscalexy</key>
                                    <string>0</string>
                                    <key>tag</key>
                                    <string>3</string>
                                    <key>isAppear</key>
                                    <string>0</string>
                                    <key>type</key>
                                    <string>1</string>
                                    <key>offw</key>
                                    <string>-7</string>
                                    <key>align</key>
                                    <string>0</string>
                                </dict>
                                <key>children</key>
                                <array>
                                    <dict>
                                        <key>type</key>
                                        <string>LabelTTF</string>
                                        <key>initProperty</key>
                                        <dict>
                                            <key>pos_p</key>
                                            <array>
                                                <string>{0,0,0,22}</string>
                                            </array>
                                            <key>anchor</key>
                                            <string>{0,0.5}</string>
                                            <key>linkscalexy</key>
                                            <string>0</string>
                                            <key>tag</key>
                                            <string>0</string>
                                            <key>isAppear</key>
                                            <string>0</string>
                                            <key>createMethod</key>
                                            <string>2</string>
                                            <key>font</key>
                                            <string>0</string>
                                            <key>fontSize</key>
                                            <string>22</string>
                                            <key>wordFile</key>
                                            <string>ui_item_sell.plist</string>
                                            <key>wordKey</key>
                                            <string>2</string>
                                            <key>wordString</key>
                                            <string>出售单价：</string>
                                            <key>color</key>
                                            <string>{255,204,90,255}</string>
                                        </dict>
                                    </dict>
                                    <dict>
                                        <key>type</key>
                                        <string>Sprite</string>
                                        <key>initProperty</key>
                                        <dict>
                                            <key>pos_p</key>
                                            <array>
                                                <string>{0,0,111,22}</string>
                                            </array>
                                            <key>anchor</key>
                                            <string>{0,0.5}</string>
                                            <key>linkscalexy</key>
                                            <string>0</string>
                                            <key>scale</key>
                                            <string>0.4</string>
                                            <key>tag</key>
                                            <string>1</string>
                                            <key>isAppear</key>
                                            <string>0</string>
                                            <key>var</key>
                                            <string>cost_icon</string>
                                            <key>imageFile</key>
                                            <string>ui_public1/coin.png</string>
                                        </dict>
                                    </dict>
                                    <dict>
                                        <key>type</key>
                                        <string>LabelTTF</string>
                                        <key>initProperty</key>
                                        <dict>
                                            <key>pos_p</key>
                                            <array>
                                                <string>{0,0,148,22}</string>
                                            </array>
                                            <key>anchor</key>
                                            <string>{0,0.5}</string>
                                            <key>linkscalexy</key>
                                            <string>0</string>
                                            <key>tag</key>
                                            <string>2</string>
                                            <key>isAppear</key>
                                            <string>0</string>
                                            <key>var</key>
                                            <string>txt_price</string>
                                            <key>createMethod</key>
                                            <string>1</string>
                                            <key>font</key>
                                            <string>0</string>
                                            <key>fontSize</key>
                                            <string>22</string>
                                            <key>wordString</key>
                                            <string>000</string>
                                        </dict>
                                    </dict>
                                </array>
                            </dict>
                            <dict>
                                <key>type</key>
                                <string>LayOut</string>
                                <key>initProperty</key>
                                <dict>
                                    <key>pos_p</key>
                                    <array>
                                        <string>{0,0,334,-183}</string>
                                    </array>
                                    <key>anchor</key>
                                    <string>{0,0.5}</string>
                                    <key>contentSize</key>
                                    <string>{193,44}</string>
                                    <key>linkscalexy</key>
                                    <string>0</string>
                                    <key>tag</key>
                                    <string>4</string>
                                    <key>isAppear</key>
                                    <string>0</string>
                                    <key>type</key>
                                    <string>1</string>
                                    <key>offw</key>
                                    <string>-7</string>
                                    <key>align</key>
                                    <string>0</string>
                                </dict>
                                <key>children</key>
                                <array>
                                    <dict>
                                        <key>type</key>
                                        <string>LabelTTF</string>
                                        <key>initProperty</key>
                                        <dict>
                                            <key>pos_p</key>
                                            <array>
                                                <string>{0,0,0,22}</string>
                                            </array>
                                            <key>anchor</key>
                                            <string>{0,0.5}</string>
                                            <key>linkscalexy</key>
                                            <string>0</string>
                                            <key>tag</key>
                                            <string>0</string>
                                            <key>isAppear</key>
                                            <string>0</string>
                                            <key>createMethod</key>
                                            <string>2</string>
                                            <key>font</key>
                                            <string>0</string>
                                            <key>fontSize</key>
                                            <string>22</string>
                                            <key>wordFile</key>
                                            <string>ui_item_sell.plist</string>
                                            <key>wordKey</key>
                                            <string>3</string>
                                            <key>wordString</key>
                                            <string>获得金币：</string>
                                            <key>color</key>
                                            <string>{255,204,90,255}</string>
                                        </dict>
                                    </dict>
                                    <dict>
                                        <key>type</key>
                                        <string>Sprite</string>
                                        <key>initProperty</key>
                                        <dict>
                                            <key>pos_p</key>
                                            <array>
                                                <string>{0,0,111,22}</string>
                                            </array>
                                            <key>anchor</key>
                                            <string>{0,0.5}</string>
                                            <key>linkscalexy</key>
                                            <string>0</string>
                                            <key>scale</key>
                                            <string>0.4</string>
                                            <key>tag</key>
                                            <string>1</string>
                                            <key>isAppear</key>
                                            <string>0</string>
                                            <key>var</key>
                                            <string>cost_icon</string>
                                            <key>imageFile</key>
                                            <string>ui_public1/coin.png</string>
                                        </dict>
                                    </dict>
                                    <dict>
                                        <key>type</key>
                                        <string>LabelTTF</string>
                                        <key>initProperty</key>
                                        <dict>
                                            <key>pos_p</key>
                                            <array>
                                                <string>{0,0,148,22}</string>
                                            </array>
                                            <key>anchor</key>
                                            <string>{0,0.5}</string>
                                            <key>linkscalexy</key>
                                            <string>0</string>
                                            <key>tag</key>
                                            <string>2</string>
                                            <key>isAppear</key>
                                            <string>0</string>
                                            <key>var</key>
                                            <string>txt_price_all</string>
                                            <key>createMethod</key>
                                            <string>1</string>
                                            <key>font</key>
                                            <string>0</string>
                                            <key>fontSize</key>
                                            <string>22</string>
                                            <key>wordString</key>
                                            <string>000</string>
                                        </dict>
                                    </dict>
                                </array>
                            </dict>
                        </array>
                    </dict>
                    <dict>
                        <key>type</key>
                        <string>Sprite</string>
                        <key>initProperty</key>
                        <dict>
                            <key>pos_p</key>
                            <array>
                                <string>{0,0,69,72}</string>
                            </array>
                            <key>linkscalexy</key>
                            <string>0</string>
                            <key>scale</key>
                            <string>0.9</string>
                            <key>tag</key>
                            <string>20</string>
                            <key>z</key>
                            <string>1</string>
                            <key>isAppear</key>
                            <string>0</string>
                            <key>var</key>
                            <string>icon</string>
                            <key>imageFile</key>
                            <string>ui_public1/ka_d1.png</string>
                        </dict>
                    </dict>
                    <dict>
                        <key>type</key>
                        <string>LabelTTF</string>
                        <key>initProperty</key>
                        <dict>
                            <key>pos_p</key>
                            <array>
                                <string>{0,0,130,47}</string>
                            </array>
                            <key>anchor</key>
                            <string>{0,0.5}</string>
                            <key>linkscalexy</key>
                            <string>0</string>
                            <key>tag</key>
                            <string>21</string>
                            <key>z</key>
                            <string>1</string>
                            <key>isAppear</key>
                            <string>0</string>
                            <key>var</key>
                            <string>txt_name</string>
                            <key>createMethod</key>
                            <string>1</string>
                            <key>font</key>
                            <string>0</string>
                            <key>fontSize</key>
                            <string>22</string>
                            <key>wordString</key>
                            <string>word</string>
                            <key>color</key>
                            <string>{255,213,132,255}</string>
                        </dict>
                    </dict>
                    <dict>
                        <key>type</key>
                        <string>LabelTTF</string>
                        <key>initProperty</key>
                        <dict>
                            <key>pos_p</key>
                            <array>
                                <string>{0,0,130,83}</string>
                            </array>
                            <key>anchor</key>
                            <string>{0,0.5}</string>
                            <key>linkscalexy</key>
                            <string>0</string>
                            <key>tag</key>
                            <string>22</string>
                            <key>z</key>
                            <string>1</string>
                            <key>isAppear</key>
                            <string>0</string>
                            <key>var</key>
                            <string>txt_num</string>
                            <key>wordFile</key>
                            <string>labelWords.plist</string>
                            <key>wordKey</key>
                            <string>card_pro_add</string>
                        </dict>
                    </dict>
                    <dict>
                        <key>type</key>
                        <string>Sprite</string>
                        <key>initProperty</key>
                        <dict>
                            <key>pos_p</key>
                            <array>
                                <string>{0,0,81,132}</string>
                            </array>
                            <key>linkscalexy</key>
                            <string>0</string>
                            <key>tag</key>
                            <string>23</string>
                            <key>isAppear</key>
                            <string>0</string>
                            <key>imageFile</key>
                            <string>ui_public1/line4.png</string>
                        </dict>
                        <key>children</key>
                        <array>
                            <dict>
                                <key>type</key>
                                <string>Sprite</string>
                                <key>initProperty</key>
                                <dict>
                                    <key>pos_p</key>
                                    <array>
                                        <string>{0,0,139,0}</string>
                                    </array>
                                    <key>linkscalexy</key>
                                    <string>0</string>
                                    <key>tag</key>
                                    <string>0</string>
                                    <key>isAppear</key>
                                    <string>0</string>
                                    <key>imageFile</key>
                                    <string>ui_public1/line4.png</string>
                                </dict>
                            </dict>
                            <dict>
                                <key>type</key>
                                <string>Sprite</string>
                                <key>initProperty</key>
                                <dict>
                                    <key>pos_p</key>
                                    <array>
                                        <string>{0,0,264,0}</string>
                                    </array>
                                    <key>linkscalexy</key>
                                    <string>0</string>
                                    <key>tag</key>
                                    <string>1</string>
                                    <key>isAppear</key>
                                    <string>0</string>
                                    <key>imageFile</key>
                                    <string>ui_public1/line4.png</string>
                                </dict>
                            </dict>
                            <dict>
                                <key>type</key>
                                <string>Sprite</string>
                                <key>initProperty</key>
                                <dict>
                                    <key>pos_p</key>
                                    <array>
                                        <string>{0,0,396,0}</string>
                                    </array>
                                    <key>linkscalexy</key>
                                    <string>0</string>
                                    <key>tag</key>
                                    <string>2</string>
                                    <key>isAppear</key>
                                    <string>0</string>
                                    <key>imageFile</key>
                                    <string>ui_public1/line4.png</string>
                                </dict>
                            </dict>
                        </array>
                    </dict>
                    <dict>
                        <key>type</key>
                        <string>LabelTTF</string>
                        <key>initProperty</key>
                        <dict>
                            <key>pos_p</key>
                            <array>
                                <string>{0,0,549,115}</string>
                            </array>
                            <key>anchor</key>
                            <string>{1,0.5}</string>
                            <key>linkscalexy</key>
                            <string>0</string>
                            <key>tag</key>
                            <string>24</string>
                            <key>isAppear</key>
                            <string>0</string>
                            <key>createMethod</key>
                            <string>2</string>
                            <key>wordFile</key>
                            <string>ui_item_sell.plist</string>
                            <key>wordKey</key>
                            <string>4</string>
                            <key>wordString</key>
                            <string>请选择出售数量</string>
                            <key>color</key>
                            <string>{255,86,86,255}</string>
                        </dict>
                    </dict>
                    <dict>
                        <key>type</key>
                        <string>Sprite</string>
                        <key>initProperty</key>
                        <dict>
                            <key>pos_p</key>
                            <array>
                                <string>{0,0,281,275}</string>
                            </array>
                            <key>linkscalexy</key>
                            <string>0</string>
                            <key>tag</key>
                            <string>25</string>
                            <key>isAppear</key>
                            <string>0</string>
                            <key>imageFile</key>
                            <string>ui_public1/he-z.png</string>
                        </dict>
                    </dict>
                </array>
            </dict>
        </array>
    </dict>
    <key>images</key>
    <string>ui_9gong/9gong_didark5.png,ui_public1/kuang_light_2.png,ui_9gong/di-9gong-6.png,ui_public1/kuang_light_1.png,ui_public1/kuang_light_line.png,ui_public1/button_red_2di.png,ui_public1/button_yellow_1.png,ui_public1/kuang_light_hen.png,ui_public1/close_big.png,ui_public1/kuang_light_hen2.png,ui_public1/cao3-di1.png,ui_9gong/9gong_shen.png,ui_public1/button_gold2.png,ui_public1/--.png,ui_public1/-.png,ui_public1/+.png,ui_public1/++.png,ui_public1/coin.png,ui_public1/ka_d1.png,ui_public1/line4.png,ui_public1/he-z.png</string>
</dict>
