<?xml version="1.0" encoding="UTF-8"?>
<dict>
    <key>mapInfo</key>
    <dict>
        <key>mapName</key>
        <string>mapName</string>
        <key>mapSize</key>
        <string>{100,100}</string>
        <key>backgroundColor</key>
        <string>{128,128,128,255}</string>
        <key>gridInfo</key>
        <string>{130,147,1,1}</string>
        <key>chessboard</key>
        <string>0</string>
    </dict>
    <key>nodeGraph</key>
    <dict>
        <key>type</key>
        <string>Layer</string>
        <key>initProperty</key>
        <dict>
            <key>pos_p</key>
            <array>
                <string>{0,0,0,0}</string>
            </array>
            <key>linkscalexy</key>
            <string>0</string>
            <key>isAppear</key>
            <string>0</string>
        </dict>
        <key>children</key>
        <array>
            <dict>
                <key>type</key>
                <string>Layer</string>
                <key>initProperty</key>
                <dict>
                    <key>pos_p</key>
                    <array>
                        <string>{0,0,0,0}</string>
                    </array>
                    <key>anchor</key>
                    <string>{0.5,0.5}</string>
                    <key>linkscalexy</key>
                    <string>0</string>
                    <key>tag</key>
                    <string>0</string>
                    <key>isAppear</key>
                    <string>0</string>
                </dict>
            </dict>
            <dict>
                <key>type</key>
                <string>Sprite</string>
                <key>initProperty</key>
                <dict>
                    <key>pos_p</key>
                    <array>
                        <string>{0,0,66,77}</string>
                    </array>
                    <key>linkscalexy</key>
                    <string>0</string>
                    <key>tag</key>
                    <string>1</string>
                    <key>touchEnable</key>
                    <string>1</string>
                    <key>isBtnSound</key>
                    <string>1</string>
                    <key>btnSound</key>
                    <string></string>
                    <key>btnCd</key>
                    <string>0</string>
                    <key>var</key>
                    <string>bg</string>
                    <key>imageFile</key>
                    <string>ui_9gong/long_di.png</string>
                </dict>
                <key>children</key>
                <array>
                    <dict>
                        <key>type</key>
                        <string>LabelTTF</string>
                        <key>initProperty</key>
                        <dict>
                            <key>pos_p</key>
                            <array>
                                <string>{0,0,-2,-51}</string>
                            </array>
                            <key>linkscalexy</key>
                            <string>0</string>
                            <key>tag</key>
                            <string>1</string>
                            <key>isAppear</key>
                            <string>0</string>
                            <key>var</key>
                            <string>txt_name</string>
                            <key>createMethod</key>
                            <string>1</string>
                            <key>wordString</key>
                            <string>NAME</string>
                        </dict>
                    </dict>
                    <dict>
                        <key>type</key>
                        <string>Sprite</string>
                        <key>initProperty</key>
                        <dict>
                            <key>pos_p</key>
                            <array>
                                <string>{0,0,-1,1}</string>
                            </array>
                            <key>linkscalexy</key>
                            <string>0</string>
                            <key>scale</key>
                            <string>0.65</string>
                            <key>tag</key>
                            <string>2</string>
                            <key>var</key>
                            <string>icon</string>
                            <key>imageFile</key>
                            <string>ui_public1/ka_d1.png</string>
                        </dict>
                    </dict>
                    <dict>
                        <key>type</key>
                        <string>LabelTTF</string>
                        <key>initProperty</key>
                        <dict>
                            <key>pos_p</key>
                            <array>
                                <string>{0,0,-2,51}</string>
                            </array>
                            <key>linkscalexy</key>
                            <string>0</string>
                            <key>tag</key>
                            <string>3</string>
                            <key>isAppear</key>
                            <string>0</string>
                            <key>var</key>
                            <string>txt_limit_level</string>
                            <key>fontSize</key>
                            <string>18</string>
                            <key>wordFile</key>
                            <string>shopWords.plist</string>
                            <key>wordKey</key>
                            <string>8</string>
                            <key>color</key>
                            <string>{0,255,0,255}</string>
                        </dict>
                    </dict>
                    <dict>
                        <key>type</key>
                        <string>LabelTTF</string>
                        <key>initProperty</key>
                        <dict>
                            <key>pos_p</key>
                            <array>
                                <string>{0,0,31,25}</string>
                            </array>
                            <key>anchor</key>
                            <string>{1,0.5}</string>
                            <key>linkscalexy</key>
                            <string>0</string>
                            <key>tag</key>
                            <string>5</string>
                            <key>isAppear</key>
                            <string>0</string>
                            <key>var</key>
                            <string>txt_num</string>
                            <key>createMethod</key>
                            <string>1</string>
                            <key>fontSize</key>
                            <string>16</string>
                            <key>wordString</key>
                            <string>12</string>
                        </dict>
                    </dict>
                    <dict>
                        <key>type</key>
                        <string>LabelTTF</string>
                        <key>initProperty</key>
                        <dict>
                            <key>pos_p</key>
                            <array>
                                <string>{0,0,-2,49}</string>
                            </array>
                            <key>linkscalexy</key>
                            <string>0</string>
                            <key>tag</key>
                            <string>6</string>
                            <key>isAppear</key>
                            <string>0</string>
                            <key>createMethod</key>
                            <string>2</string>
                            <key>fontSize</key>
                            <string>18</string>
                            <key>wordFile</key>
                            <string>ui_shop3_item.plist</string>
                            <key>wordKey</key>
                            <string>2</string>
                            <key>wordString</key>
                            <string>LV.@可兑换</string>
                            <key>color</key>
                            <string>{144,255,0,255}</string>
                        </dict>
                    </dict>
                    <dict>
                        <key>type</key>
                        <string>LabelTTF</string>
                        <key>initProperty</key>
                        <dict>
                            <key>pos_p</key>
                            <array>
                                <string>{0,0,-2,51}</string>
                            </array>
                            <key>linkscalexy</key>
                            <string>0</string>
                            <key>tag</key>
                            <string>7</string>
                            <key>isAppear</key>
                            <string>0</string>
                            <key>var</key>
                            <string>txt_limit_num</string>
                            <key>createMethod</key>
                            <string>2</string>
                            <key>fontSize</key>
                            <string>18</string>
                            <key>wordFile</key>
                            <string>ui_shop3_item.plist</string>
                            <key>wordKey</key>
                            <string>1</string>
                            <key>wordString</key>
                            <string>限@/@</string>
                            <key>color</key>
                            <string>{230,120,113,255}</string>
                        </dict>
                    </dict>
                </array>
            </dict>
        </array>
    </dict>
    <key>images</key>
    <string>ui_9gong/long_di.png,ui_public1/ka_d1.png</string>
</dict>
