<?xml version="1.0" encoding="UTF-8"?>
<dict>
    <key>mapInfo</key>
    <dict>
        <key>mapName</key>
        <string>mapName</string>
        <key>mapSize</key>
        <string>{100,100}</string>
        <key>backgroundColor</key>
        <string>{128,128,128,255}</string>
        <key>gridInfo</key>
        <string>{960,640,1,1}</string>
        <key>chessboard</key>
        <string>0</string>
    </dict>
    <key>nodeGraph</key>
    <dict>
        <key>type</key>
        <string>Layer</string>
        <key>initProperty</key>
        <dict>
            <key>pos_p</key>
            <array>
                <string>{0,0,0,0}</string>
            </array>
            <key>linkscalexy</key>
            <string>0</string>
            <key>isAppear</key>
            <string>0</string>
        </dict>
        <key>children</key>
        <array>
            <dict>
                <key>type</key>
                <string>Layer</string>
                <key>initProperty</key>
                <dict>
                    <key>pos_p</key>
                    <array>
                        <string>{0,0,0,0}</string>
                    </array>
                    <key>anchor</key>
                    <string>{0.5,0.5}</string>
                    <key>linkscalexy</key>
                    <string>0</string>
                    <key>tag</key>
                    <string>2</string>
                    <key>isAppear</key>
                    <string>0</string>
                </dict>
                <key>children</key>
                <array>
                    <dict>
                        <key>type</key>
                        <string>Sprite</string>
                        <key>initProperty</key>
                        <dict>
                            <key>pos_p</key>
                            <array>
                                <string>{0,5,50,30}</string>
                            </array>
                            <key>linkscalexy</key>
                            <string>0</string>
                            <key>tag</key>
                            <string>0</string>
                            <key>z</key>
                            <string>3</string>
                            <key>isAppear</key>
                            <string>0</string>
                            <key>touchEnable</key>
                            <string>1</string>
                            <key>touchTag</key>
                            <string>-1</string>
                            <key>tapEffectType</key>
                            <string>1</string>
                            <key>isBtnSound</key>
                            <string>1</string>
                            <key>btnSound</key>
                            <string></string>
                            <key>btnCd</key>
                            <string>0.5</string>
                            <key>var</key>
                            <string>btn_close</string>
                            <key>imageFile</key>
                            <string>ui_public1/b_back.png</string>
                        </dict>
                    </dict>
                </array>
            </dict>
            <dict>
                <key>type</key>
                <string>Layer</string>
                <key>initProperty</key>
                <dict>
                    <key>pos_p</key>
                    <array>
                        <string>{0,0,0,0}</string>
                    </array>
                    <key>anchor</key>
                    <string>{0.5,0.5}</string>
                    <key>linkscalexy</key>
                    <string>0</string>
                    <key>tag</key>
                    <string>3</string>
                    <key>isAppear</key>
                    <string>0</string>
                </dict>
                <key>children</key>
                <array>
                    <dict>
                        <key>type</key>
                        <string>ColorLayer</string>
                        <key>initProperty</key>
                        <dict>
                            <key>pos_p</key>
                            <array>
                                <string>{0,0,481,338}</string>
                            </array>
                            <key>linkscalexy</key>
                            <string>0</string>
                            <key>tag</key>
                            <string>0</string>
                            <key>isAppear</key>
                            <string>0</string>
                            <key>color</key>
                            <string>{255,255,255,255}</string>
                            <key>size</key>
                            <string>{950,564}</string>
                            <key>sprite9_bg</key>
                            <string>ui_9gong/black_kuang1.png</string>
                            <key>sprite9_bg_type</key>
                            <string>0</string>
                            <key>sprite9_bg_default</key>
                            <string>1</string>
                            <key>sprite9_bg_left</key>
                            <string>0</string>
                            <key>sprite9_bg_right</key>
                            <string>0</string>
                            <key>sprite9_bg_up</key>
                            <string>0</string>
                            <key>sprite9_bg_down</key>
                            <string>0</string>
                        </dict>
                        <key>children</key>
                        <array>
                            <dict>
                                <key>type</key>
                                <string>ColorLayer</string>
                                <key>initProperty</key>
                                <dict>
                                    <key>pos_p</key>
                                    <array>
                                        <string>{0,0,475,65}</string>
                                    </array>
                                    <key>linkscalexy</key>
                                    <string>0</string>
                                    <key>tag</key>
                                    <string>0</string>
                                    <key>isAppear</key>
                                    <string>0</string>
                                    <key>color</key>
                                    <string>{255,255,255,255}</string>
                                    <key>size</key>
                                    <string>{938,112}</string>
                                    <key>sprite9_bg</key>
                                    <string>ui_public1/server_di3.png</string>
                                    <key>sprite9_bg_type</key>
                                    <string>1</string>
                                    <key>sprite9_bg_default</key>
                                    <string>1</string>
                                    <key>sprite9_bg_left</key>
                                    <string>0</string>
                                    <key>sprite9_bg_right</key>
                                    <string>0</string>
                                    <key>sprite9_bg_up</key>
                                    <string>0</string>
                                    <key>sprite9_bg_down</key>
                                    <string>0</string>
                                </dict>
                            </dict>
                            <dict>
                                <key>type</key>
                                <string>Sprite</string>
                                <key>initProperty</key>
                                <dict>
                                    <key>pos_p</key>
                                    <array>
                                        <string>{0,0,475,97}</string>
                                    </array>
                                    <key>linkscalexy</key>
                                    <string>0</string>
                                    <key>scaleX</key>
                                    <string>3.7</string>
                                    <key>scaleY</key>
                                    <string>6</string>
                                    <key>tag</key>
                                    <string>1</string>
                                    <key>imageFile</key>
                                    <string>ui_public1/kuang_light_2.png</string>
                                </dict>
                            </dict>
                            <dict>
                                <key>type</key>
                                <string>Sprite</string>
                                <key>initProperty</key>
                                <dict>
                                    <key>pos_p</key>
                                    <array>
                                        <string>{0,0,235,32}</string>
                                    </array>
                                    <key>linkscalexy</key>
                                    <string>0</string>
                                    <key>flipY</key>
                                    <string>1</string>
                                    <key>tag</key>
                                    <string>2</string>
                                    <key>isAppear</key>
                                    <string>0</string>
                                    <key>imageFile</key>
                                    <string>ui_pic1/2cf-1.png</string>
                                </dict>
                                <key>children</key>
                                <array>
                                    <dict>
                                        <key>type</key>
                                        <string>Sprite</string>
                                        <key>initProperty</key>
                                        <dict>
                                            <key>pos_p</key>
                                            <array>
                                                <string>{0,0,468,0}</string>
                                            </array>
                                            <key>linkscalexy</key>
                                            <string>0</string>
                                            <key>flipX</key>
                                            <string>1</string>
                                            <key>flipY</key>
                                            <string>1</string>
                                            <key>tag</key>
                                            <string>0</string>
                                            <key>isAppear</key>
                                            <string>0</string>
                                            <key>imageFile</key>
                                            <string>ui_pic1/2cf-1.png</string>
                                        </dict>
                                    </dict>
                                </array>
                            </dict>
                            <dict>
                                <key>type</key>
                                <string>Sprite</string>
                                <key>initProperty</key>
                                <dict>
                                    <key>pos_p</key>
                                    <array>
                                        <string>{0,0,478,10}</string>
                                    </array>
                                    <key>linkscalexy</key>
                                    <string>0</string>
                                    <key>tag</key>
                                    <string>3</string>
                                    <key>z</key>
                                    <string>1</string>
                                    <key>isAppear</key>
                                    <string>0</string>
                                    <key>imageFile</key>
                                    <string>ui_word/cs.png</string>
                                </dict>
                            </dict>
                            <dict>
                                <key>type</key>
                                <string>ColorLayer</string>
                                <key>initProperty</key>
                                <dict>
                                    <key>pos_p</key>
                                    <array>
                                        <string>{0,0,170,320}</string>
                                    </array>
                                    <key>linkscalexy</key>
                                    <string>0</string>
                                    <key>tag</key>
                                    <string>4</string>
                                    <key>isAppear</key>
                                    <string>0</string>
                                    <key>color</key>
                                    <string>{255,255,255,255}</string>
                                    <key>size</key>
                                    <string>{312,452}</string>
                                    <key>sprite9_bg</key>
                                    <string>ui_public1/server_di2.png</string>
                                    <key>sprite9_bg_type</key>
                                    <string>0</string>
                                    <key>sprite9_bg_default</key>
                                    <string>1</string>
                                    <key>sprite9_bg_left</key>
                                    <string>0</string>
                                    <key>sprite9_bg_right</key>
                                    <string>0</string>
                                    <key>sprite9_bg_up</key>
                                    <string>0</string>
                                    <key>sprite9_bg_down</key>
                                    <string>0</string>
                                </dict>
                                <key>children</key>
                                <array>
                                    <dict>
                                        <key>type</key>
                                        <string>ColorLayer</string>
                                        <key>initProperty</key>
                                        <dict>
                                            <key>pos_p</key>
                                            <array>
                                                <string>{0,0,155,221}</string>
                                            </array>
                                            <key>linkscalexy</key>
                                            <string>0</string>
                                            <key>tag</key>
                                            <string>1</string>
                                            <key>isAppear</key>
                                            <string>0</string>
                                            <key>var</key>
                                            <string>scroll2</string>
                                            <key>color</key>
                                            <string>{255,255,255,120}</string>
                                            <key>size</key>
                                            <string>{300,440}</string>
                                            <key>scroll_flag</key>
                                            <string>1</string>
                                            <key>scroll_type</key>
                                            <string>0</string>
                                        </dict>
                                    </dict>
                                    <dict>
                                        <key>type</key>
                                        <string>ColorLayer</string>
                                        <key>initProperty</key>
                                        <dict>
                                            <key>pos_p</key>
                                            <array>
                                                <string>{0,0,156,-20}</string>
                                            </array>
                                            <key>linkscalexy</key>
                                            <string>0</string>
                                            <key>tag</key>
                                            <string>3</string>
                                            <key>isAppear</key>
                                            <string>0</string>
                                            <key>color</key>
                                            <string>{255,255,255,255}</string>
                                            <key>size</key>
                                            <string>{312,32}</string>
                                            <key>sprite9_bg</key>
                                            <string>ui_public1/server_di1.png</string>
                                            <key>sprite9_bg_type</key>
                                            <string>1</string>
                                            <key>sprite9_bg_default</key>
                                            <string>1</string>
                                            <key>sprite9_bg_left</key>
                                            <string>0</string>
                                            <key>sprite9_bg_right</key>
                                            <string>0</string>
                                            <key>sprite9_bg_up</key>
                                            <string>0</string>
                                            <key>sprite9_bg_down</key>
                                            <string>0</string>
                                        </dict>
                                        <key>children</key>
                                        <array>
                                            <dict>
                                                <key>type</key>
                                                <string>LabelTTF</string>
                                                <key>initProperty</key>
                                                <dict>
                                                    <key>pos_p</key>
                                                    <array>
                                                        <string>{0,0,154,15}</string>
                                                    </array>
                                                    <key>linkscalexy</key>
                                                    <string>0</string>
                                                    <key>tag</key>
                                                    <string>1</string>
                                                    <key>isAppear</key>
                                                    <string>0</string>
                                                    <key>createMethod</key>
                                                    <string>2</string>
                                                    <key>wordFile</key>
                                                    <string>ui_serverlist.plist</string>
                                                    <key>wordKey</key>
                                                    <string>1</string>
                                                    <key>wordString</key>
                                                    <string>最近登录服务器</string>
                                                    <key>color</key>
                                                    <string>{255,203,60,255}</string>
                                                </dict>
                                            </dict>
                                        </array>
                                    </dict>
                                </array>
                            </dict>
                            <dict>
                                <key>type</key>
                                <string>ColorLayer</string>
                                <key>initProperty</key>
                                <dict>
                                    <key>pos_p</key>
                                    <array>
                                        <string>{0,0,636,320}</string>
                                    </array>
                                    <key>linkscalexy</key>
                                    <string>0</string>
                                    <key>tag</key>
                                    <string>5</string>
                                    <key>isAppear</key>
                                    <string>0</string>
                                    <key>color</key>
                                    <string>{255,255,255,255}</string>
                                    <key>size</key>
                                    <string>{603,452}</string>
                                    <key>sprite9_bg</key>
                                    <string>ui_public1/server_di2.png</string>
                                    <key>sprite9_bg_type</key>
                                    <string>0</string>
                                    <key>sprite9_bg_default</key>
                                    <string>1</string>
                                    <key>sprite9_bg_left</key>
                                    <string>0</string>
                                    <key>sprite9_bg_right</key>
                                    <string>0</string>
                                    <key>sprite9_bg_up</key>
                                    <string>0</string>
                                    <key>sprite9_bg_down</key>
                                    <string>0</string>
                                </dict>
                                <key>children</key>
                                <array>
                                    <dict>
                                        <key>type</key>
                                        <string>ColorLayer</string>
                                        <key>initProperty</key>
                                        <dict>
                                            <key>pos_p</key>
                                            <array>
                                                <string>{0,0,301,-20}</string>
                                            </array>
                                            <key>linkscalexy</key>
                                            <string>0</string>
                                            <key>tag</key>
                                            <string>3</string>
                                            <key>isAppear</key>
                                            <string>0</string>
                                            <key>color</key>
                                            <string>{255,255,255,255}</string>
                                            <key>size</key>
                                            <string>{603,32}</string>
                                            <key>sprite9_bg</key>
                                            <string>ui_public1/server_di1.png</string>
                                            <key>sprite9_bg_type</key>
                                            <string>1</string>
                                            <key>sprite9_bg_default</key>
                                            <string>1</string>
                                            <key>sprite9_bg_left</key>
                                            <string>0</string>
                                            <key>sprite9_bg_right</key>
                                            <string>0</string>
                                            <key>sprite9_bg_up</key>
                                            <string>0</string>
                                            <key>sprite9_bg_down</key>
                                            <string>0</string>
                                        </dict>
                                        <key>children</key>
                                        <array>
                                            <dict>
                                                <key>type</key>
                                                <string>LabelTTF</string>
                                                <key>initProperty</key>
                                                <dict>
                                                    <key>pos_p</key>
                                                    <array>
                                                        <string>{0,0,289,15}</string>
                                                    </array>
                                                    <key>linkscalexy</key>
                                                    <string>0</string>
                                                    <key>tag</key>
                                                    <string>1</string>
                                                    <key>isAppear</key>
                                                    <string>0</string>
                                                    <key>createMethod</key>
                                                    <string>2</string>
                                                    <key>wordFile</key>
                                                    <string>ui_serverlist.plist</string>
                                                    <key>wordKey</key>
                                                    <string>2</string>
                                                    <key>wordString</key>
                                                    <string>推荐服务器</string>
                                                    <key>color</key>
                                                    <string>{255,203,60,255}</string>
                                                </dict>
                                            </dict>
                                        </array>
                                    </dict>
                                    <dict>
                                        <key>type</key>
                                        <string>ColorLayer</string>
                                        <key>initProperty</key>
                                        <dict>
                                            <key>pos_p</key>
                                            <array>
                                                <string>{0,0,301,41}</string>
                                            </array>
                                            <key>linkscalexy</key>
                                            <string>0</string>
                                            <key>tag</key>
                                            <string>4</string>
                                            <key>isAppear</key>
                                            <string>0</string>
                                            <key>var</key>
                                            <string>scroll_recent</string>
                                            <key>color</key>
                                            <string>{255,255,255,120}</string>
                                            <key>size</key>
                                            <string>{590,70}</string>
                                            <key>scroll_flag</key>
                                            <string>1</string>
                                            <key>scroll_type</key>
                                            <string>0</string>
                                        </dict>
                                    </dict>
                                    <dict>
                                        <key>type</key>
                                        <string>ColorLayer</string>
                                        <key>initProperty</key>
                                        <dict>
                                            <key>pos_p</key>
                                            <array>
                                                <string>{0,0,301,118}</string>
                                            </array>
                                            <key>linkscalexy</key>
                                            <string>0</string>
                                            <key>tag</key>
                                            <string>5</string>
                                            <key>isAppear</key>
                                            <string>0</string>
                                            <key>color</key>
                                            <string>{0,0,0,255}</string>
                                            <key>size</key>
                                            <string>{590,62}</string>
                                            <key>scroll_flag</key>
                                            <string>1</string>
                                            <key>scroll_type</key>
                                            <string>1</string>
                                            <key>colorLayer_flag</key>
                                            <string>1</string>
                                        </dict>
                                    </dict>
                                    <dict>
                                        <key>type</key>
                                        <string>ColorLayer</string>
                                        <key>initProperty</key>
                                        <dict>
                                            <key>pos_p</key>
                                            <array>
                                                <string>{0,0,301,297}</string>
                                            </array>
                                            <key>linkscalexy</key>
                                            <string>0</string>
                                            <key>tag</key>
                                            <string>6</string>
                                            <key>isAppear</key>
                                            <string>0</string>
                                            <key>var</key>
                                            <string>scroll</string>
                                            <key>color</key>
                                            <string>{255,255,255,120}</string>
                                            <key>size</key>
                                            <string>{590,293}</string>
                                            <key>scroll_flag</key>
                                            <string>1</string>
                                            <key>scroll_type</key>
                                            <string>0</string>
                                        </dict>
                                    </dict>
                                    <dict>
                                        <key>type</key>
                                        <string>ColorLayer</string>
                                        <key>initProperty</key>
                                        <dict>
                                            <key>pos_p</key>
                                            <array>
                                                <string>{0,0,301,115}</string>
                                            </array>
                                            <key>linkscalexy</key>
                                            <string>0</string>
                                            <key>tag</key>
                                            <string>7</string>
                                            <key>isAppear</key>
                                            <string>0</string>
                                            <key>var</key>
                                            <string>scroll_area</string>
                                            <key>color</key>
                                            <string>{255,255,0,255}</string>
                                            <key>size</key>
                                            <string>{586,55}</string>
                                            <key>scroll_flag</key>
                                            <string>1</string>
                                            <key>scroll_type</key>
                                            <string>1</string>
                                        </dict>
                                    </dict>
                                </array>
                            </dict>
                            <dict>
                                <key>type</key>
                                <string>Sprite</string>
                                <key>initProperty</key>
                                <dict>
                                    <key>pos_p</key>
                                    <array>
                                        <string>{0,0,636,182}</string>
                                    </array>
                                    <key>linkscalexy</key>
                                    <string>0</string>
                                    <key>scaleX</key>
                                    <string>1.5</string>
                                    <key>tag</key>
                                    <string>6</string>
                                    <key>isAppear</key>
                                    <string>0</string>
                                    <key>imageFile</key>
                                    <string>ui_public1/kuang_light_line.png</string>
                                    <key>color</key>
                                    <string>{255,255,255,160}</string>
                                </dict>
                            </dict>
                        </array>
                    </dict>
                    <dict>
                        <key>type</key>
                        <string>LabelTTF</string>
                        <key>initProperty</key>
                        <dict>
                            <key>pos_p</key>
                            <array>
                                <string>{0,7,16,623}</string>
                            </array>
                            <key>anchor</key>
                            <string>{0,0.5}</string>
                            <key>linkscalexy</key>
                            <string>0</string>
                            <key>tag</key>
                            <string>1</string>
                            <key>isAppear</key>
                            <string>0</string>
                            <key>var</key>
                            <string>txt_ver</string>
                            <key>createMethod</key>
                            <string>1</string>
                            <key>wordString</key>
                            <string></string>
                        </dict>
                    </dict>
                </array>
            </dict>
        </array>
    </dict>
    <key>images</key>
    <string>ui_public1/b_back.png,ui_9gong/black_kuang1.png,ui_public1/server_di3.png,ui_public1/kuang_light_2.png,ui_pic1/2cf-1.png,ui_word/cs.png,ui_public1/server_di2.png,ui_public1/server_di1.png,ui_public1/kuang_light_line.png</string>
</dict>
