<?xml version="1.0" encoding="UTF-8"?>
<dict>
    <key>mapInfo</key>
    <dict>
        <key>mapName</key>
        <string>mapName</string>
        <key>mapSize</key>
        <string>{100,100}</string>
        <key>backgroundColor</key>
        <string>{128,128,128,255}</string>
        <key>gridInfo</key>
        <string>{395,118,1,1}</string>
        <key>chessboard</key>
        <string>0</string>
    </dict>
    <key>nodeGraph</key>
    <dict>
        <key>type</key>
        <string>Layer</string>
        <key>initProperty</key>
        <dict>
            <key>pos_p</key>
            <array>
                <string>{0,0,0,0}</string>
            </array>
            <key>linkscalexy</key>
            <string>0</string>
            <key>isAppear</key>
            <string>0</string>
        </dict>
        <key>children</key>
        <array>
            <dict>
                <key>type</key>
                <string>Layer</string>
                <key>initProperty</key>
                <dict>
                    <key>pos_p</key>
                    <array>
                        <string>{0,0,0,0}</string>
                    </array>
                    <key>anchor</key>
                    <string>{0.5,0.5}</string>
                    <key>linkscalexy</key>
                    <string>0</string>
                    <key>tag</key>
                    <string>0</string>
                    <key>isAppear</key>
                    <string>0</string>
                </dict>
                <key>children</key>
                <array>
                    <dict>
                        <key>type</key>
                        <string>ColorLayer</string>
                        <key>initProperty</key>
                        <dict>
                            <key>pos_p</key>
                            <array>
                                <string>{0,0,217,57}</string>
                            </array>
                            <key>linkscalexy</key>
                            <string>0</string>
                            <key>tag</key>
                            <string>26</string>
                            <key>z</key>
                            <string>-1</string>
                            <key>isAppear</key>
                            <string>0</string>
                            <key>color</key>
                            <string>{255,255,255,255}</string>
                            <key>size</key>
                            <string>{346,115}</string>
                            <key>sprite9_bg</key>
                            <string>ui_9gong/di-9gong-8.png</string>
                            <key>sprite9_bg_type</key>
                            <string>1</string>
                            <key>sprite9_bg_default</key>
                            <string>1</string>
                            <key>sprite9_bg_left</key>
                            <string>0</string>
                            <key>sprite9_bg_right</key>
                            <string>0</string>
                            <key>sprite9_bg_up</key>
                            <string>0</string>
                            <key>sprite9_bg_down</key>
                            <string>0</string>
                        </dict>
                        <key>children</key>
                        <array>
                            <dict>
                                <key>type</key>
                                <string>ColorLayer</string>
                                <key>initProperty</key>
                                <dict>
                                    <key>pos_p</key>
                                    <array>
                                        <string>{0,0,112,28}</string>
                                    </array>
                                    <key>linkscalexy</key>
                                    <string>0</string>
                                    <key>tag</key>
                                    <string>0</string>
                                    <key>isAppear</key>
                                    <string>0</string>
                                    <key>color</key>
                                    <string>{255,255,255,255}</string>
                                    <key>size</key>
                                    <string>{190,31}</string>
                                    <key>sprite9_bg</key>
                                    <string>ui_soullife/di_4.png</string>
                                    <key>sprite9_bg_type</key>
                                    <string>1</string>
                                    <key>sprite9_bg_default</key>
                                    <string>1</string>
                                    <key>sprite9_bg_left</key>
                                    <string>0</string>
                                    <key>sprite9_bg_right</key>
                                    <string>0</string>
                                    <key>sprite9_bg_up</key>
                                    <string>0</string>
                                    <key>sprite9_bg_down</key>
                                    <string>0</string>
                                </dict>
                                <key>children</key>
                                <array>
                                    <dict>
                                        <key>type</key>
                                        <string>LabelTTF</string>
                                        <key>initProperty</key>
                                        <dict>
                                            <key>pos_p</key>
                                            <array>
                                                <string>{0,0,47,15}</string>
                                            </array>
                                            <key>anchor</key>
                                            <string>{0,0.5}</string>
                                            <key>linkscalexy</key>
                                            <string>0</string>
                                            <key>tag</key>
                                            <string>0</string>
                                            <key>isAppear</key>
                                            <string>0</string>
                                            <key>touchEnable</key>
                                            <string>1</string>
                                            <key>touchTag</key>
                                            <string>-1</string>
                                            <key>tapEffectType</key>
                                            <string>1</string>
                                            <key>isBtnSound</key>
                                            <string>1</string>
                                            <key>btnSound</key>
                                            <string></string>
                                            <key>var</key>
                                            <string>txt_name</string>
                                            <key>createMethod</key>
                                            <string>1</string>
                                            <key>wordString</key>
                                            <string>NAME</string>
                                            <key>color</key>
                                            <string>{255,193,10,255}</string>
                                        </dict>
                                    </dict>
                                </array>
                            </dict>
                            <dict>
                                <key>type</key>
                                <string>ColorLayer</string>
                                <key>initProperty</key>
                                <dict>
                                    <key>pos_p</key>
                                    <array>
                                        <string>{0,0,359,39}</string>
                                    </array>
                                    <key>anchor</key>
                                    <string>{1,0.5}</string>
                                    <key>linkscalexy</key>
                                    <string>0</string>
                                    <key>tag</key>
                                    <string>1</string>
                                    <key>isAppear</key>
                                    <string>0</string>
                                    <key>touchEnable</key>
                                    <string>1</string>
                                    <key>touchTag</key>
                                    <string>-1</string>
                                    <key>tapEffectType</key>
                                    <string>1</string>
                                    <key>isBtnSound</key>
                                    <string>1</string>
                                    <key>btnSound</key>
                                    <string></string>
                                    <key>var</key>
                                    <string>btn_equip</string>
                                    <key>color</key>
                                    <string>{255,255,255,255}</string>
                                    <key>size</key>
                                    <string>{100,70}</string>
                                    <key>sprite9_bg</key>
                                    <string>ui_public1/button_s.png</string>
                                    <key>sprite9_bg_type</key>
                                    <string>1</string>
                                    <key>sprite9_bg_default</key>
                                    <string>1</string>
                                    <key>sprite9_bg_left</key>
                                    <string>0</string>
                                    <key>sprite9_bg_right</key>
                                    <string>0</string>
                                    <key>sprite9_bg_up</key>
                                    <string>0</string>
                                    <key>sprite9_bg_down</key>
                                    <string>0</string>
                                    <key>isAdaptH</key>
                                    <string>1</string>
                                    <key>iAdaptHOff</key>
                                    <string>15</string>
                                </dict>
                                <key>children</key>
                                <array>
                                    <dict>
                                        <key>type</key>
                                        <string>LabelTTF</string>
                                        <key>initProperty</key>
                                        <dict>
                                            <key>pos_p</key>
                                            <array>
                                                <string>{0,0,51,35}</string>
                                            </array>
                                            <key>linkscalexy</key>
                                            <string>0</string>
                                            <key>tag</key>
                                            <string>0</string>
                                            <key>isAppear</key>
                                            <string>0</string>
                                            <key>var</key>
                                            <string>txt_equip_detail</string>
                                            <key>font</key>
                                            <string>0</string>
                                            <key>fontSize</key>
                                            <string>22</string>
                                            <key>wordFile</key>
                                            <string>spiritWord.plist</string>
                                            <key>wordKey</key>
                                            <string>spirit_equip_item_txt</string>
                                            <key>color</key>
                                            <string>{103,29,29,255}</string>
                                        </dict>
                                    </dict>
                                </array>
                            </dict>
                            <dict>
                                <key>type</key>
                                <string>Sprite</string>
                                <key>initProperty</key>
                                <dict>
                                    <key>pos_p</key>
                                    <array>
                                        <string>{0,0,5,57}</string>
                                    </array>
                                    <key>linkscalexy</key>
                                    <string>0</string>
                                    <key>tag</key>
                                    <string>3</string>
                                    <key>isAppear</key>
                                    <string>0</string>
                                    <key>var</key>
                                    <string>icon_bg</string>
                                    <key>imageFile</key>
                                    <string>ui_soullife/l-di2.png</string>
                                </dict>
                            </dict>
                            <dict>
                                <key>type</key>
                                <string>ColorLayer</string>
                                <key>initProperty</key>
                                <dict>
                                    <key>pos_p</key>
                                    <array>
                                        <string>{0,0,359,40}</string>
                                    </array>
                                    <key>anchor</key>
                                    <string>{1,0.5}</string>
                                    <key>linkscalexy</key>
                                    <string>0</string>
                                    <key>tag</key>
                                    <string>6</string>
                                    <key>isAppear</key>
                                    <string>0</string>
                                    <key>touchEnable</key>
                                    <string>1</string>
                                    <key>touchTag</key>
                                    <string>-1</string>
                                    <key>tapEffectType</key>
                                    <string>1</string>
                                    <key>isBtnSound</key>
                                    <string>1</string>
                                    <key>btnSound</key>
                                    <string></string>
                                    <key>var</key>
                                    <string>btn_upgrade</string>
                                    <key>color</key>
                                    <string>{255,255,255,255}</string>
                                    <key>size</key>
                                    <string>{100,70}</string>
                                    <key>sprite9_bg</key>
                                    <string>ui_public1/button_s.png</string>
                                    <key>sprite9_bg_type</key>
                                    <string>1</string>
                                    <key>sprite9_bg_default</key>
                                    <string>1</string>
                                    <key>sprite9_bg_left</key>
                                    <string>0</string>
                                    <key>sprite9_bg_right</key>
                                    <string>0</string>
                                    <key>sprite9_bg_up</key>
                                    <string>0</string>
                                    <key>sprite9_bg_down</key>
                                    <string>0</string>
                                    <key>isAdaptH</key>
                                    <string>1</string>
                                    <key>iAdaptHOff</key>
                                    <string>15</string>
                                </dict>
                                <key>children</key>
                                <array>
                                    <dict>
                                        <key>type</key>
                                        <string>LabelTTF</string>
                                        <key>initProperty</key>
                                        <dict>
                                            <key>pos_p</key>
                                            <array>
                                                <string>{0,0,50,35}</string>
                                            </array>
                                            <key>linkscalexy</key>
                                            <string>0</string>
                                            <key>tag</key>
                                            <string>0</string>
                                            <key>isAppear</key>
                                            <string>0</string>
                                            <key>createMethod</key>
                                            <string>2</string>
                                            <key>font</key>
                                            <string>0</string>
                                            <key>fontSize</key>
                                            <string>22</string>
                                            <key>wordFile</key>
                                            <string>ui_soullife_equip_item.plist</string>
                                            <key>wordKey</key>
                                            <string>1</string>
                                            <key>wordString</key>
                                            <string>升级</string>
                                            <key>color</key>
                                            <string>{62,115,29,255}</string>
                                        </dict>
                                    </dict>
                                </array>
                            </dict>
                            <dict>
                                <key>type</key>
                                <string>LabelTTF</string>
                                <key>initProperty</key>
                                <dict>
                                    <key>pos_p</key>
                                    <array>
                                        <string>{0,0,332,88}</string>
                                    </array>
                                    <key>anchor</key>
                                    <string>{1,0.5}</string>
                                    <key>linkscalexy</key>
                                    <string>0</string>
                                    <key>tag</key>
                                    <string>7</string>
                                    <key>isAppear</key>
                                    <string>0</string>
                                    <key>var</key>
                                    <string>txt_equiped</string>
                                    <key>font</key>
                                    <string>0</string>
                                    <key>fontSize</key>
                                    <string>18</string>
                                    <key>wordFile</key>
                                    <string>spiritWord.plist</string>
                                    <key>wordKey</key>
                                    <string>soullife_alread_equ</string>
                                    <key>color</key>
                                    <string>{200,30,30,255}</string>
                                </dict>
                            </dict>
                            <dict>
                                <key>type</key>
                                <string>LayOut</string>
                                <key>initProperty</key>
                                <dict>
                                    <key>pos_p</key>
                                    <array>
                                        <string>{0,0,59,89}</string>
                                    </array>
                                    <key>anchor</key>
                                    <string>{0,0.5}</string>
                                    <key>contentSize</key>
                                    <string>{106,36}</string>
                                    <key>linkscalexy</key>
                                    <string>0</string>
                                    <key>visible</key>
                                    <string>0</string>
                                    <key>tag</key>
                                    <string>8</string>
                                    <key>isAppear</key>
                                    <string>0</string>
                                    <key>var</key>
                                    <string>layout_attr2</string>
                                    <key>type</key>
                                    <string>1</string>
                                    <key>offw</key>
                                    <string>0</string>
                                    <key>align</key>
                                    <string>0</string>
                                </dict>
                                <key>children</key>
                                <array>
                                    <dict>
                                        <key>type</key>
                                        <string>LabelTTF</string>
                                        <key>initProperty</key>
                                        <dict>
                                            <key>pos_p</key>
                                            <array>
                                                <string>{0,0,0,18}</string>
                                            </array>
                                            <key>anchor</key>
                                            <string>{0,0.5}</string>
                                            <key>linkscalexy</key>
                                            <string>0</string>
                                            <key>tag</key>
                                            <string>0</string>
                                            <key>isAppear</key>
                                            <string>0</string>
                                            <key>var</key>
                                            <string>txt_attr2</string>
                                            <key>wordFile</key>
                                            <string>spiritWord.plist</string>
                                            <key>wordKey</key>
                                            <string>soullife_attr</string>
                                            <key>color</key>
                                            <string>{85,67,40,255}</string>
                                        </dict>
                                    </dict>
                                    <dict>
                                        <key>type</key>
                                        <string>LabelTTF</string>
                                        <key>initProperty</key>
                                        <dict>
                                            <key>pos_p</key>
                                            <array>
                                                <string>{0,0,54,18}</string>
                                            </array>
                                            <key>anchor</key>
                                            <string>{0,0.5}</string>
                                            <key>linkscalexy</key>
                                            <string>0</string>
                                            <key>tag</key>
                                            <string>1</string>
                                            <key>isAppear</key>
                                            <string>0</string>
                                            <key>var</key>
                                            <string>txt_value2</string>
                                            <key>createMethod</key>
                                            <string>1</string>
                                            <key>wordString</key>
                                            <string>0000</string>
                                            <key>color</key>
                                            <string>{85,67,40,255}</string>
                                        </dict>
                                    </dict>
                                </array>
                            </dict>
                            <dict>
                                <key>type</key>
                                <string>LayOut</string>
                                <key>initProperty</key>
                                <dict>
                                    <key>pos_p</key>
                                    <array>
                                        <string>{0,0,59,62}</string>
                                    </array>
                                    <key>anchor</key>
                                    <string>{0,0.5}</string>
                                    <key>contentSize</key>
                                    <string>{106,36}</string>
                                    <key>linkscalexy</key>
                                    <string>0</string>
                                    <key>tag</key>
                                    <string>9</string>
                                    <key>isAppear</key>
                                    <string>0</string>
                                    <key>var</key>
                                    <string>layout_attr</string>
                                    <key>type</key>
                                    <string>1</string>
                                    <key>offw</key>
                                    <string>0</string>
                                    <key>align</key>
                                    <string>0</string>
                                </dict>
                                <key>children</key>
                                <array>
                                    <dict>
                                        <key>type</key>
                                        <string>LabelTTF</string>
                                        <key>initProperty</key>
                                        <dict>
                                            <key>pos_p</key>
                                            <array>
                                                <string>{0,0,0,18}</string>
                                            </array>
                                            <key>anchor</key>
                                            <string>{0,0.5}</string>
                                            <key>linkscalexy</key>
                                            <string>0</string>
                                            <key>tag</key>
                                            <string>0</string>
                                            <key>isAppear</key>
                                            <string>0</string>
                                            <key>var</key>
                                            <string>txt_attr</string>
                                            <key>wordFile</key>
                                            <string>spiritWord.plist</string>
                                            <key>wordKey</key>
                                            <string>soullife_attr</string>
                                            <key>color</key>
                                            <string>{85,67,40,255}</string>
                                        </dict>
                                    </dict>
                                    <dict>
                                        <key>type</key>
                                        <string>LabelTTF</string>
                                        <key>initProperty</key>
                                        <dict>
                                            <key>pos_p</key>
                                            <array>
                                                <string>{0,0,54,18}</string>
                                            </array>
                                            <key>anchor</key>
                                            <string>{0,0.5}</string>
                                            <key>linkscalexy</key>
                                            <string>0</string>
                                            <key>tag</key>
                                            <string>1</string>
                                            <key>isAppear</key>
                                            <string>0</string>
                                            <key>var</key>
                                            <string>txt_value</string>
                                            <key>createMethod</key>
                                            <string>1</string>
                                            <key>wordString</key>
                                            <string>0000</string>
                                            <key>color</key>
                                            <string>{85,67,40,255}</string>
                                        </dict>
                                    </dict>
                                </array>
                            </dict>
                            <dict>
                                <key>type</key>
                                <string>LayOut</string>
                                <key>initProperty</key>
                                <dict>
                                    <key>pos_p</key>
                                    <array>
                                        <string>{0,0,218,29}</string>
                                    </array>
                                    <key>contentSize</key>
                                    <string>{65,28}</string>
                                    <key>linkscalexy</key>
                                    <string>0</string>
                                    <key>tag</key>
                                    <string>10</string>
                                    <key>isAppear</key>
                                    <string>0</string>
                                    <key>var</key>
                                    <string>layout_lv</string>
                                    <key>type</key>
                                    <string>1</string>
                                    <key>offw</key>
                                    <string>0</string>
                                    <key>align</key>
                                    <string>0</string>
                                </dict>
                                <key>children</key>
                                <array>
                                    <dict>
                                        <key>type</key>
                                        <string>LabelTTF</string>
                                        <key>initProperty</key>
                                        <dict>
                                            <key>pos_p</key>
                                            <array>
                                                <string>{0,0,0,14}</string>
                                            </array>
                                            <key>anchor</key>
                                            <string>{0,0.5}</string>
                                            <key>linkscalexy</key>
                                            <string>0</string>
                                            <key>tag</key>
                                            <string>0</string>
                                            <key>isAppear</key>
                                            <string>0</string>
                                            <key>touchEnable</key>
                                            <string>1</string>
                                            <key>touchTag</key>
                                            <string>-1</string>
                                            <key>tapEffectType</key>
                                            <string>1</string>
                                            <key>isBtnSound</key>
                                            <string>1</string>
                                            <key>btnSound</key>
                                            <string></string>
                                            <key>var</key>
                                            <string>txt_lv</string>
                                            <key>createMethod</key>
                                            <string>1</string>
                                            <key>font</key>
                                            <string>0</string>
                                            <key>wordString</key>
                                            <string>Lv.</string>
                                            <key>color</key>
                                            <string>{255,193,10,255}</string>
                                            <key>outline_type</key>
                                            <string>2</string>
                                            <key>outline_color</key>
                                            <string>{255,255,255,255}</string>
                                            <key>outline_offset</key>
                                            <string>0.2</string>
                                        </dict>
                                    </dict>
                                    <dict>
                                        <key>type</key>
                                        <string>LabelTTF</string>
                                        <key>initProperty</key>
                                        <dict>
                                            <key>pos_p</key>
                                            <array>
                                                <string>{0,0,35,14}</string>
                                            </array>
                                            <key>anchor</key>
                                            <string>{0,0.5}</string>
                                            <key>linkscalexy</key>
                                            <string>0</string>
                                            <key>visible</key>
                                            <string>0</string>
                                            <key>tag</key>
                                            <string>1</string>
                                            <key>isAppear</key>
                                            <string>0</string>
                                            <key>var</key>
                                            <string>txt_add_lv</string>
                                            <key>createMethod</key>
                                            <string>1</string>
                                            <key>font</key>
                                            <string>0</string>
                                            <key>wordString</key>
                                            <string>+2</string>
                                            <key>color</key>
                                            <string>{138,255,0,255}</string>
                                        </dict>
                                    </dict>
                                </array>
                            </dict>
                        </array>
                    </dict>
                </array>
            </dict>
        </array>
    </dict>
    <key>images</key>
    <string>ui_9gong/di-9gong-8.png,ui_soullife/di_4.png,ui_public1/button_s.png,ui_soullife/l-di2.png</string>
</dict>
