<?xml version="1.0" encoding="UTF-8"?>
<dict>
    <key>mapInfo</key>
    <dict>
        <key>mapName</key>
        <string>mapName</string>
        <key>mapSize</key>
        <string>{100,100}</string>
        <key>backgroundColor</key>
        <string>{50,38,61,255}</string>
        <key>gridInfo</key>
        <string>{400,482,1,1}</string>
        <key>chessboard</key>
        <string>0</string>
    </dict>
    <key>nodeGraph</key>
    <dict>
        <key>type</key>
        <string>Layer</string>
        <key>initProperty</key>
        <dict>
            <key>pos_p</key>
            <array>
                <string>{0,0,0,0}</string>
            </array>
            <key>linkscalexy</key>
            <string>0</string>
            <key>isAppear</key>
            <string>0</string>
        </dict>
        <key>children</key>
        <array>
            <dict>
                <key>type</key>
                <string>Layer</string>
                <key>initProperty</key>
                <dict>
                    <key>pos_p</key>
                    <array>
                        <string>{0,0,0,0}</string>
                    </array>
                    <key>anchor</key>
                    <string>{0.5,0.5}</string>
                    <key>linkscalexy</key>
                    <string>0</string>
                    <key>tag</key>
                    <string>2</string>
                    <key>isAppear</key>
                    <string>0</string>
                </dict>
                <key>children</key>
                <array>
                    <dict>
                        <key>type</key>
                        <string>ColorLayer</string>
                        <key>initProperty</key>
                        <dict>
                            <key>pos_p</key>
                            <array>
                                <string>{0,0,194,189}</string>
                            </array>
                            <key>linkscalexy</key>
                            <string>0</string>
                            <key>tag</key>
                            <string>2</string>
                            <key>z</key>
                            <string>1</string>
                            <key>isAppear</key>
                            <string>0</string>
                            <key>var</key>
                            <string>bag_scroll</string>
                            <key>color</key>
                            <string>{255,255,255,120}</string>
                            <key>size</key>
                            <string>{398,446}</string>
                            <key>scroll_flag</key>
                            <string>1</string>
                            <key>scroll_type</key>
                            <string>0</string>
                        </dict>
                        <key>children</key>
                        <array>
                            <dict>
                                <key>type</key>
                                <string>ColorLayer</string>
                                <key>initProperty</key>
                                <dict>
                                    <key>pos_p</key>
                                    <array>
                                        <string>{0,0,199,27}</string>
                                    </array>
                                    <key>linkscalexy</key>
                                    <string>0</string>
                                    <key>tag</key>
                                    <string>0</string>
                                    <key>isAppear</key>
                                    <string>0</string>
                                    <key>var</key>
                                    <string>panel_type1</string>
                                    <key>color</key>
                                    <string>{0,0,0,120}</string>
                                    <key>size</key>
                                    <string>{410,32}</string>
                                    <key>colorLayer_flag</key>
                                    <string>1</string>
                                </dict>
                                <key>children</key>
                                <array>
                                    <dict>
                                        <key>type</key>
                                        <string>LabelTTF</string>
                                        <key>initProperty</key>
                                        <dict>
                                            <key>pos_p</key>
                                            <array>
                                                <string>{0,0,200,15}</string>
                                            </array>
                                            <key>linkscalexy</key>
                                            <string>0</string>
                                            <key>tag</key>
                                            <string>0</string>
                                            <key>isAppear</key>
                                            <string>0</string>
                                            <key>createMethod</key>
                                            <string>2</string>
                                            <key>wordFile</key>
                                            <string>ui_treasure_bag.plist</string>
                                            <key>wordKey</key>
                                            <string>1</string>
                                            <key>wordString</key>
                                            <string>头纹</string>
                                            <key>color</key>
                                            <string>{170,124,84,255}</string>
                                        </dict>
                                    </dict>
                                </array>
                            </dict>
                            <dict>
                                <key>type</key>
                                <string>ColorLayer</string>
                                <key>initProperty</key>
                                <dict>
                                    <key>pos_p</key>
                                    <array>
                                        <string>{0,0,199,143}</string>
                                    </array>
                                    <key>linkscalexy</key>
                                    <string>0</string>
                                    <key>tag</key>
                                    <string>1</string>
                                    <key>isAppear</key>
                                    <string>0</string>
                                    <key>var</key>
                                    <string>panel_type2</string>
                                    <key>color</key>
                                    <string>{0,0,0,120}</string>
                                    <key>size</key>
                                    <string>{410,32}</string>
                                    <key>colorLayer_flag</key>
                                    <string>1</string>
                                </dict>
                                <key>children</key>
                                <array>
                                    <dict>
                                        <key>type</key>
                                        <string>LabelTTF</string>
                                        <key>initProperty</key>
                                        <dict>
                                            <key>pos_p</key>
                                            <array>
                                                <string>{0,0,200,15}</string>
                                            </array>
                                            <key>linkscalexy</key>
                                            <string>0</string>
                                            <key>tag</key>
                                            <string>0</string>
                                            <key>isAppear</key>
                                            <string>0</string>
                                            <key>createMethod</key>
                                            <string>2</string>
                                            <key>wordFile</key>
                                            <string>ui_treasure_bag.plist</string>
                                            <key>wordKey</key>
                                            <string>2</string>
                                            <key>wordString</key>
                                            <string>胸纹</string>
                                            <key>color</key>
                                            <string>{170,124,84,255}</string>
                                        </dict>
                                    </dict>
                                </array>
                            </dict>
                            <dict>
                                <key>type</key>
                                <string>ColorLayer</string>
                                <key>initProperty</key>
                                <dict>
                                    <key>pos_p</key>
                                    <array>
                                        <string>{0,0,199,273}</string>
                                    </array>
                                    <key>linkscalexy</key>
                                    <string>0</string>
                                    <key>tag</key>
                                    <string>2</string>
                                    <key>isAppear</key>
                                    <string>0</string>
                                    <key>var</key>
                                    <string>panel_type3</string>
                                    <key>color</key>
                                    <string>{0,0,0,120}</string>
                                    <key>size</key>
                                    <string>{410,32}</string>
                                    <key>colorLayer_flag</key>
                                    <string>1</string>
                                </dict>
                                <key>children</key>
                                <array>
                                    <dict>
                                        <key>type</key>
                                        <string>LabelTTF</string>
                                        <key>initProperty</key>
                                        <dict>
                                            <key>pos_p</key>
                                            <array>
                                                <string>{0,0,200,15}</string>
                                            </array>
                                            <key>linkscalexy</key>
                                            <string>0</string>
                                            <key>tag</key>
                                            <string>0</string>
                                            <key>isAppear</key>
                                            <string>0</string>
                                            <key>createMethod</key>
                                            <string>2</string>
                                            <key>wordFile</key>
                                            <string>ui_treasure_bag.plist</string>
                                            <key>wordKey</key>
                                            <string>3</string>
                                            <key>wordString</key>
                                            <string>手纹</string>
                                            <key>color</key>
                                            <string>{170,124,84,255}</string>
                                        </dict>
                                    </dict>
                                </array>
                            </dict>
                            <dict>
                                <key>type</key>
                                <string>ColorLayer</string>
                                <key>initProperty</key>
                                <dict>
                                    <key>pos_p</key>
                                    <array>
                                        <string>{0,0,199,408}</string>
                                    </array>
                                    <key>linkscalexy</key>
                                    <string>0</string>
                                    <key>tag</key>
                                    <string>3</string>
                                    <key>isAppear</key>
                                    <string>0</string>
                                    <key>var</key>
                                    <string>panel_type4</string>
                                    <key>color</key>
                                    <string>{0,0,0,120}</string>
                                    <key>size</key>
                                    <string>{410,32}</string>
                                    <key>colorLayer_flag</key>
                                    <string>1</string>
                                </dict>
                                <key>children</key>
                                <array>
                                    <dict>
                                        <key>type</key>
                                        <string>LabelTTF</string>
                                        <key>initProperty</key>
                                        <dict>
                                            <key>pos_p</key>
                                            <array>
                                                <string>{0,0,200,15}</string>
                                            </array>
                                            <key>linkscalexy</key>
                                            <string>0</string>
                                            <key>tag</key>
                                            <string>0</string>
                                            <key>isAppear</key>
                                            <string>0</string>
                                            <key>createMethod</key>
                                            <string>2</string>
                                            <key>wordFile</key>
                                            <string>ui_treasure_bag.plist</string>
                                            <key>wordKey</key>
                                            <string>4</string>
                                            <key>wordString</key>
                                            <string>足纹</string>
                                            <key>color</key>
                                            <string>{170,124,84,255}</string>
                                        </dict>
                                    </dict>
                                </array>
                            </dict>
                        </array>
                    </dict>
                    <dict>
                        <key>type</key>
                        <string>ColorLayer</string>
                        <key>initProperty</key>
                        <dict>
                            <key>pos_p</key>
                            <array>
                                <string>{0,0,-287,345}</string>
                            </array>
                            <key>linkscalexy</key>
                            <string>0</string>
                            <key>tag</key>
                            <string>5</string>
                            <key>isAppear</key>
                            <string>0</string>
                            <key>color</key>
                            <string>{255,255,255,255}</string>
                            <key>size</key>
                            <string>{433,174}</string>
                            <key>sprite9_bg</key>
                            <string>ui_9gong/zi_di1.png</string>
                            <key>sprite9_bg_type</key>
                            <string>0</string>
                            <key>sprite9_bg_default</key>
                            <string>0</string>
                            <key>sprite9_bg_left</key>
                            <string>0</string>
                            <key>sprite9_bg_right</key>
                            <string>0</string>
                            <key>sprite9_bg_up</key>
                            <string>0</string>
                            <key>sprite9_bg_down</key>
                            <string>0</string>
                        </dict>
                        <key>children</key>
                        <array>
                            <dict>
                                <key>type</key>
                                <string>ColorLayer</string>
                                <key>initProperty</key>
                                <dict>
                                    <key>pos_p</key>
                                    <array>
                                        <string>{0,0,215,140}</string>
                                    </array>
                                    <key>anchor</key>
                                    <string>{0.5,1}</string>
                                    <key>linkscalexy</key>
                                    <string>0</string>
                                    <key>tag</key>
                                    <string>38</string>
                                    <key>isAppear</key>
                                    <string>0</string>
                                    <key>color</key>
                                    <string>{0,0,0,60}</string>
                                    <key>size</key>
                                    <string>{425,26}</string>
                                    <key>colorLayer_flag</key>
                                    <string>1</string>
                                </dict>
                            </dict>
                            <dict>
                                <key>type</key>
                                <string>ColorLayer</string>
                                <key>initProperty</key>
                                <dict>
                                    <key>pos_p</key>
                                    <array>
                                        <string>{0,0,215,32}</string>
                                    </array>
                                    <key>anchor</key>
                                    <string>{0.5,1}</string>
                                    <key>linkscalexy</key>
                                    <string>0</string>
                                    <key>tag</key>
                                    <string>39</string>
                                    <key>isAppear</key>
                                    <string>0</string>
                                    <key>color</key>
                                    <string>{0,0,0,60}</string>
                                    <key>size</key>
                                    <string>{425,24}</string>
                                    <key>colorLayer_flag</key>
                                    <string>1</string>
                                </dict>
                            </dict>
                            <dict>
                                <key>type</key>
                                <string>ColorLayer</string>
                                <key>initProperty</key>
                                <dict>
                                    <key>pos_p</key>
                                    <array>
                                        <string>{0,0,215,87}</string>
                                    </array>
                                    <key>anchor</key>
                                    <string>{0.5,1}</string>
                                    <key>linkscalexy</key>
                                    <string>0</string>
                                    <key>tag</key>
                                    <string>40</string>
                                    <key>isAppear</key>
                                    <string>0</string>
                                    <key>color</key>
                                    <string>{0,0,0,60}</string>
                                    <key>size</key>
                                    <string>{425,24}</string>
                                    <key>colorLayer_flag</key>
                                    <string>1</string>
                                </dict>
                            </dict>
                            <dict>
                                <key>type</key>
                                <string>LabelTTF</string>
                                <key>initProperty</key>
                                <dict>
                                    <key>pos_p</key>
                                    <array>
                                        <string>{0,0,10,44}</string>
                                    </array>
                                    <key>anchor</key>
                                    <string>{0,0.5}</string>
                                    <key>linkscalexy</key>
                                    <string>0</string>
                                    <key>tag</key>
                                    <string>41</string>
                                    <key>z</key>
                                    <string>3</string>
                                    <key>isAppear</key>
                                    <string>0</string>
                                    <key>var</key>
                                    <string>txt_awake_dec1</string>
                                    <key>createMethod</key>
                                    <string>1</string>
                                    <key>wordString</key>
                                    <string>\\1</string>
                                    <key>color</key>
                                    <string>{255,244,177,255}</string>
                                    <key>outline_type</key>
                                    <string>2</string>
                                    <key>outline_color</key>
                                    <string>{255,255,255,255}</string>
                                    <key>outline_offset</key>
                                    <string>0.2</string>
                                </dict>
                            </dict>
                            <dict>
                                <key>type</key>
                                <string>LabelTTF</string>
                                <key>initProperty</key>
                                <dict>
                                    <key>pos_p</key>
                                    <array>
                                        <string>{0,0,10,71}</string>
                                    </array>
                                    <key>anchor</key>
                                    <string>{0,0.5}</string>
                                    <key>linkscalexy</key>
                                    <string>0</string>
                                    <key>tag</key>
                                    <string>42</string>
                                    <key>z</key>
                                    <string>3</string>
                                    <key>isAppear</key>
                                    <string>0</string>
                                    <key>var</key>
                                    <string>txt_awake_dec3</string>
                                    <key>createMethod</key>
                                    <string>1</string>
                                    <key>wordString</key>
                                    <string>\\3</string>
                                    <key>color</key>
                                    <string>{255,244,177,255}</string>
                                    <key>outline_type</key>
                                    <string>2</string>
                                    <key>outline_color</key>
                                    <string>{255,255,255,255}</string>
                                    <key>outline_offset</key>
                                    <string>0.2</string>
                                </dict>
                            </dict>
                            <dict>
                                <key>type</key>
                                <string>LabelTTF</string>
                                <key>initProperty</key>
                                <dict>
                                    <key>pos_p</key>
                                    <array>
                                        <string>{0,0,10,99}</string>
                                    </array>
                                    <key>anchor</key>
                                    <string>{0,0.5}</string>
                                    <key>linkscalexy</key>
                                    <string>0</string>
                                    <key>tag</key>
                                    <string>43</string>
                                    <key>z</key>
                                    <string>3</string>
                                    <key>isAppear</key>
                                    <string>0</string>
                                    <key>var</key>
                                    <string>txt_awake_dec5</string>
                                    <key>createMethod</key>
                                    <string>1</string>
                                    <key>wordString</key>
                                    <string>\\5</string>
                                    <key>color</key>
                                    <string>{255,244,177,255}</string>
                                    <key>outline_type</key>
                                    <string>2</string>
                                    <key>outline_color</key>
                                    <string>{255,255,255,255}</string>
                                    <key>outline_offset</key>
                                    <string>0.2</string>
                                </dict>
                            </dict>
                            <dict>
                                <key>type</key>
                                <string>LabelTTF</string>
                                <key>initProperty</key>
                                <dict>
                                    <key>pos_p</key>
                                    <array>
                                        <string>{0,0,10,125}</string>
                                    </array>
                                    <key>anchor</key>
                                    <string>{0,0.5}</string>
                                    <key>linkscalexy</key>
                                    <string>0</string>
                                    <key>tag</key>
                                    <string>44</string>
                                    <key>z</key>
                                    <string>3</string>
                                    <key>isAppear</key>
                                    <string>0</string>
                                    <key>var</key>
                                    <string>txt_awake_dec7</string>
                                    <key>createMethod</key>
                                    <string>1</string>
                                    <key>wordString</key>
                                    <string>\\7</string>
                                    <key>color</key>
                                    <string>{255,244,177,255}</string>
                                    <key>outline_type</key>
                                    <string>2</string>
                                    <key>outline_color</key>
                                    <string>{255,255,255,255}</string>
                                    <key>outline_offset</key>
                                    <string>0.2</string>
                                </dict>
                            </dict>
                            <dict>
                                <key>type</key>
                                <string>LabelTTF</string>
                                <key>initProperty</key>
                                <dict>
                                    <key>pos_p</key>
                                    <array>
                                        <string>{0,0,9,154}</string>
                                    </array>
                                    <key>anchor</key>
                                    <string>{0,0.5}</string>
                                    <key>linkscalexy</key>
                                    <string>0</string>
                                    <key>tag</key>
                                    <string>45</string>
                                    <key>z</key>
                                    <string>3</string>
                                    <key>isAppear</key>
                                    <string>0</string>
                                    <key>var</key>
                                    <string>txt_awake_dec9</string>
                                    <key>createMethod</key>
                                    <string>1</string>
                                    <key>wordString</key>
                                    <string>\\9</string>
                                    <key>color</key>
                                    <string>{255,244,177,255}</string>
                                    <key>outline_type</key>
                                    <string>2</string>
                                    <key>outline_color</key>
                                    <string>{255,255,255,255}</string>
                                    <key>outline_offset</key>
                                    <string>0.2</string>
                                </dict>
                            </dict>
                            <dict>
                                <key>type</key>
                                <string>LabelTTF</string>
                                <key>initProperty</key>
                                <dict>
                                    <key>pos_p</key>
                                    <array>
                                        <string>{0,0,245,44}</string>
                                    </array>
                                    <key>anchor</key>
                                    <string>{0,0.5}</string>
                                    <key>linkscalexy</key>
                                    <string>0</string>
                                    <key>tag</key>
                                    <string>46</string>
                                    <key>z</key>
                                    <string>3</string>
                                    <key>isAppear</key>
                                    <string>0</string>
                                    <key>var</key>
                                    <string>txt_awake_dec2</string>
                                    <key>createMethod</key>
                                    <string>1</string>
                                    <key>wordString</key>
                                    <string>\\2</string>
                                    <key>color</key>
                                    <string>{255,244,177,255}</string>
                                    <key>outline_type</key>
                                    <string>2</string>
                                    <key>outline_color</key>
                                    <string>{255,255,255,255}</string>
                                    <key>outline_offset</key>
                                    <string>0</string>
                                </dict>
                            </dict>
                            <dict>
                                <key>type</key>
                                <string>LabelTTF</string>
                                <key>initProperty</key>
                                <dict>
                                    <key>pos_p</key>
                                    <array>
                                        <string>{0,0,245,71}</string>
                                    </array>
                                    <key>anchor</key>
                                    <string>{0,0.5}</string>
                                    <key>linkscalexy</key>
                                    <string>0</string>
                                    <key>tag</key>
                                    <string>47</string>
                                    <key>z</key>
                                    <string>3</string>
                                    <key>isAppear</key>
                                    <string>0</string>
                                    <key>var</key>
                                    <string>txt_awake_dec4</string>
                                    <key>createMethod</key>
                                    <string>1</string>
                                    <key>wordString</key>
                                    <string>\\4</string>
                                    <key>color</key>
                                    <string>{255,244,177,255}</string>
                                    <key>outline_type</key>
                                    <string>2</string>
                                    <key>outline_color</key>
                                    <string>{255,255,255,255}</string>
                                    <key>outline_offset</key>
                                    <string>0</string>
                                </dict>
                            </dict>
                            <dict>
                                <key>type</key>
                                <string>LabelTTF</string>
                                <key>initProperty</key>
                                <dict>
                                    <key>pos_p</key>
                                    <array>
                                        <string>{0,0,245,99}</string>
                                    </array>
                                    <key>anchor</key>
                                    <string>{0,0.5}</string>
                                    <key>linkscalexy</key>
                                    <string>0</string>
                                    <key>tag</key>
                                    <string>48</string>
                                    <key>z</key>
                                    <string>3</string>
                                    <key>isAppear</key>
                                    <string>0</string>
                                    <key>var</key>
                                    <string>txt_awake_dec6</string>
                                    <key>createMethod</key>
                                    <string>1</string>
                                    <key>wordString</key>
                                    <string>\\6</string>
                                    <key>color</key>
                                    <string>{255,244,177,255}</string>
                                    <key>outline_type</key>
                                    <string>2</string>
                                    <key>outline_color</key>
                                    <string>{255,255,255,255}</string>
                                    <key>outline_offset</key>
                                    <string>0</string>
                                </dict>
                            </dict>
                            <dict>
                                <key>type</key>
                                <string>LabelTTF</string>
                                <key>initProperty</key>
                                <dict>
                                    <key>pos_p</key>
                                    <array>
                                        <string>{0,0,245,125}</string>
                                    </array>
                                    <key>anchor</key>
                                    <string>{0,0.5}</string>
                                    <key>linkscalexy</key>
                                    <string>0</string>
                                    <key>tag</key>
                                    <string>49</string>
                                    <key>z</key>
                                    <string>3</string>
                                    <key>isAppear</key>
                                    <string>0</string>
                                    <key>var</key>
                                    <string>txt_awake_dec8</string>
                                    <key>createMethod</key>
                                    <string>1</string>
                                    <key>wordString</key>
                                    <string>\\8</string>
                                    <key>color</key>
                                    <string>{255,244,177,255}</string>
                                    <key>outline_type</key>
                                    <string>2</string>
                                    <key>outline_color</key>
                                    <string>{255,255,255,255}</string>
                                    <key>outline_offset</key>
                                    <string>0</string>
                                </dict>
                            </dict>
                            <dict>
                                <key>type</key>
                                <string>LabelTTF</string>
                                <key>initProperty</key>
                                <dict>
                                    <key>pos_p</key>
                                    <array>
                                        <string>{0,0,245,154}</string>
                                    </array>
                                    <key>anchor</key>
                                    <string>{0,0.5}</string>
                                    <key>linkscalexy</key>
                                    <string>0</string>
                                    <key>tag</key>
                                    <string>50</string>
                                    <key>z</key>
                                    <string>3</string>
                                    <key>isAppear</key>
                                    <string>0</string>
                                    <key>var</key>
                                    <string>txt_awake_dec10</string>
                                    <key>createMethod</key>
                                    <string>1</string>
                                    <key>wordString</key>
                                    <string>\\10</string>
                                    <key>color</key>
                                    <string>{255,244,177,255}</string>
                                    <key>outline_type</key>
                                    <string>2</string>
                                    <key>outline_color</key>
                                    <string>{255,255,255,255}</string>
                                    <key>outline_offset</key>
                                    <string>0</string>
                                </dict>
                            </dict>
                            <dict>
                                <key>type</key>
                                <string>LabelTTF</string>
                                <key>initProperty</key>
                                <dict>
                                    <key>pos_p</key>
                                    <array>
                                        <string>{0,0,5,16}</string>
                                    </array>
                                    <key>anchor</key>
                                    <string>{0,0.5}</string>
                                    <key>linkscalexy</key>
                                    <string>0</string>
                                    <key>tag</key>
                                    <string>54</string>
                                    <key>isAppear</key>
                                    <string>0</string>
                                    <key>createMethod</key>
                                    <string>2</string>
                                    <key>wordFile</key>
                                    <string>ui_treasure_bag.plist</string>
                                    <key>wordKey</key>
                                    <string>5</string>
                                    <key>wordString</key>
                                    <string>魔纹属性总加成</string>
                                    <key>color</key>
                                    <string>{170,120,165,255}</string>
                                </dict>
                            </dict>
                        </array>
                    </dict>
                    <dict>
                        <key>type</key>
                        <string>Sprite</string>
                        <key>initProperty</key>
                        <dict>
                            <key>pos_p</key>
                            <array>
                                <string>{0,0,195,182}</string>
                            </array>
                            <key>linkscalexy</key>
                            <string>0</string>
                            <key>scale</key>
                            <string>2.5</string>
                            <key>tag</key>
                            <string>6</string>
                            <key>z</key>
                            <string>-1</string>
                            <key>imageFile</key>
                            <string>ui_public1/he-di2.png</string>
                            <key>color</key>
                            <string>{255,255,255,100}</string>
                        </dict>
                    </dict>
                    <dict>
                        <key>type</key>
                        <string>Sprite</string>
                        <key>initProperty</key>
                        <dict>
                            <key>pos_p</key>
                            <array>
                                <string>{0,0,127,188}</string>
                            </array>
                            <key>linkscalexy</key>
                            <string>0</string>
                            <key>scale</key>
                            <string>1.5</string>
                            <key>tag</key>
                            <string>7</string>
                            <key>isAppear</key>
                            <string>0</string>
                            <key>imageFile</key>
                            <string>ui_pic1/zs-2.png</string>
                            <key>color</key>
                            <string>{255,255,255,50}</string>
                        </dict>
                        <key>children</key>
                        <array>
                            <dict>
                                <key>type</key>
                                <string>Sprite</string>
                                <key>initProperty</key>
                                <dict>
                                    <key>pos_p</key>
                                    <array>
                                        <string>{0,0,89,0}</string>
                                    </array>
                                    <key>linkscalexy</key>
                                    <string>0</string>
                                    <key>flipX</key>
                                    <string>1</string>
                                    <key>tag</key>
                                    <string>0</string>
                                    <key>isAppear</key>
                                    <string>0</string>
                                    <key>imageFile</key>
                                    <string>ui_pic1/zs-2.png</string>
                                    <key>color</key>
                                    <string>{255,255,255,50}</string>
                                </dict>
                            </dict>
                        </array>
                    </dict>
                </array>
            </dict>
        </array>
    </dict>
    <key>images</key>
    <string>ui_9gong/zi_di1.png,ui_public1/he-di2.png,ui_pic1/zs-2.png</string>
</dict>
