<?xml version="1.0" encoding="UTF-8"?>
<dict>
    <key>mapInfo</key>
    <dict>
        <key>mapName</key>
        <string>mapName</string>
        <key>mapSize</key>
        <string>{100,100}</string>
        <key>backgroundColor</key>
        <string>{42,38,53,255}</string>
        <key>gridInfo</key>
        <string>{960,640,1,1}</string>
        <key>chessboard</key>
        <string>0</string>
    </dict>
    <key>nodeGraph</key>
    <dict>
        <key>type</key>
        <string>Layer</string>
        <key>initProperty</key>
        <dict>
            <key>pos_p</key>
            <array>
                <string>{0,0,0,0}</string>
            </array>
            <key>linkscalexy</key>
            <string>0</string>
            <key>isAppear</key>
            <string>0</string>
        </dict>
        <key>children</key>
        <array>
            <dict>
                <key>type</key>
                <string>Layer</string>
                <key>initProperty</key>
                <dict>
                    <key>pos_p</key>
                    <array>
                        <string>{0,0,0,0}</string>
                    </array>
                    <key>anchor</key>
                    <string>{0.5,0.5}</string>
                    <key>linkscalexy</key>
                    <string>0</string>
                    <key>tag</key>
                    <string>2</string>
                    <key>isAppear</key>
                    <string>0</string>
                </dict>
                <key>children</key>
                <array>
                    <dict>
                        <key>type</key>
                        <string>Sprite</string>
                        <key>initProperty</key>
                        <dict>
                            <key>pos_p</key>
                            <array>
                                <string>{0,0,890,149}</string>
                            </array>
                            <key>linkscalexy</key>
                            <string>0</string>
                            <key>scale</key>
                            <string>0.92</string>
                            <key>tag</key>
                            <string>0</string>
                            <key>z</key>
                            <string>3</string>
                            <key>isAppear</key>
                            <string>0</string>
                            <key>touchEnable</key>
                            <string>1</string>
                            <key>touchTag</key>
                            <string>-1</string>
                            <key>tapEffectType</key>
                            <string>1</string>
                            <key>isBtnSound</key>
                            <string>1</string>
                            <key>btnSound</key>
                            <string></string>
                            <key>btnCd</key>
                            <string>0.5</string>
                            <key>var</key>
                            <string>btn_close</string>
                            <key>imageFile</key>
                            <string>ui_public1/close_big.png</string>
                        </dict>
                    </dict>
                    <dict>
                        <key>type</key>
                        <string>ColorLayer</string>
                        <key>initProperty</key>
                        <dict>
                            <key>pos_p</key>
                            <array>
                                <string>{0,0,482,321}</string>
                            </array>
                            <key>linkscalexy</key>
                            <string>0</string>
                            <key>tag</key>
                            <string>7</string>
                            <key>z</key>
                            <string>-1</string>
                            <key>isAppear</key>
                            <string>0</string>
                            <key>color</key>
                            <string>{255,255,255,255}</string>
                            <key>size</key>
                            <string>{862,400}</string>
                            <key>sprite9_bg</key>
                            <string>ui_9gong/black_kuang1.png</string>
                            <key>sprite9_bg_type</key>
                            <string>0</string>
                            <key>sprite9_bg_default</key>
                            <string>1</string>
                            <key>sprite9_bg_left</key>
                            <string>0</string>
                            <key>sprite9_bg_right</key>
                            <string>0</string>
                            <key>sprite9_bg_up</key>
                            <string>0</string>
                            <key>sprite9_bg_down</key>
                            <string>0</string>
                        </dict>
                        <key>children</key>
                        <array>
                            <dict>
                                <key>type</key>
                                <string>ColorLayer</string>
                                <key>initProperty</key>
                                <dict>
                                    <key>pos_p</key>
                                    <array>
                                        <string>{0,0,440,53}</string>
                                    </array>
                                    <key>linkscalexy</key>
                                    <string>0</string>
                                    <key>tag</key>
                                    <string>2</string>
                                    <key>z</key>
                                    <string>1</string>
                                    <key>isAppear</key>
                                    <string>0</string>
                                    <key>color</key>
                                    <string>{255,255,255,0}</string>
                                    <key>size</key>
                                    <string>{880,100}</string>
                                </dict>
                                <key>children</key>
                                <array>
                                    <dict>
                                        <key>type</key>
                                        <string>Sprite</string>
                                        <key>initProperty</key>
                                        <dict>
                                            <key>pos_p</key>
                                            <array>
                                                <string>{0,0,432,33}</string>
                                            </array>
                                            <key>linkscalexy</key>
                                            <string>0</string>
                                            <key>scale</key>
                                            <string>0.7</string>
                                            <key>tag</key>
                                            <string>0</string>
                                            <key>isAppear</key>
                                            <string>0</string>
                                            <key>imageFile</key>
                                            <string>ui_word/jingji_vs.png</string>
                                        </dict>
                                    </dict>
                                    <dict>
                                        <key>type</key>
                                        <string>LabelTTF</string>
                                        <key>initProperty</key>
                                        <dict>
                                            <key>pos_p</key>
                                            <array>
                                                <string>{0,0,173,25}</string>
                                            </array>
                                            <key>linkscalexy</key>
                                            <string>0</string>
                                            <key>tag</key>
                                            <string>1</string>
                                            <key>isAppear</key>
                                            <string>0</string>
                                            <key>createMethod</key>
                                            <string>2</string>
                                            <key>font</key>
                                            <string>0</string>
                                            <key>fontSize</key>
                                            <string>24</string>
                                            <key>wordFile</key>
                                            <string>ui_treasure_hunt_stage_record.plist</string>
                                            <key>wordKey</key>
                                            <string>2</string>
                                            <key>wordString</key>
                                            <string>护送方</string>
                                            <key>color</key>
                                            <string>{255,113,113,255}</string>
                                        </dict>
                                    </dict>
                                    <dict>
                                        <key>type</key>
                                        <string>LabelTTF</string>
                                        <key>initProperty</key>
                                        <dict>
                                            <key>pos_p</key>
                                            <array>
                                                <string>{0,0,676,24}</string>
                                            </array>
                                            <key>linkscalexy</key>
                                            <string>0</string>
                                            <key>tag</key>
                                            <string>2</string>
                                            <key>isAppear</key>
                                            <string>0</string>
                                            <key>createMethod</key>
                                            <string>2</string>
                                            <key>font</key>
                                            <string>0</string>
                                            <key>fontSize</key>
                                            <string>24</string>
                                            <key>wordFile</key>
                                            <string>ui_treasure_hunt_stage_record.plist</string>
                                            <key>wordKey</key>
                                            <string>3</string>
                                            <key>wordString</key>
                                            <string>埋伏方</string>
                                            <key>color</key>
                                            <string>{255,113,113,255}</string>
                                        </dict>
                                    </dict>
                                    <dict>
                                        <key>type</key>
                                        <string>Sprite</string>
                                        <key>initProperty</key>
                                        <dict>
                                            <key>pos_p</key>
                                            <array>
                                                <string>{0,0,534,38}</string>
                                            </array>
                                            <key>linkscalexy</key>
                                            <string>0</string>
                                            <key>scale</key>
                                            <string>0.8</string>
                                            <key>tag</key>
                                            <string>3</string>
                                            <key>isAppear</key>
                                            <string>0</string>
                                            <key>var</key>
                                            <string>top_win_flag2</string>
                                            <key>imageFile</key>
                                            <string>ui_jingji/shengli.png</string>
                                        </dict>
                                    </dict>
                                    <dict>
                                        <key>type</key>
                                        <string>Sprite</string>
                                        <key>initProperty</key>
                                        <dict>
                                            <key>pos_p</key>
                                            <array>
                                                <string>{0,0,328,38}</string>
                                            </array>
                                            <key>linkscalexy</key>
                                            <string>0</string>
                                            <key>scale</key>
                                            <string>0.8</string>
                                            <key>tag</key>
                                            <string>4</string>
                                            <key>isAppear</key>
                                            <string>0</string>
                                            <key>var</key>
                                            <string>top_win_flag1</string>
                                            <key>imageFile</key>
                                            <string>ui_jingji/shengli.png</string>
                                        </dict>
                                    </dict>
                                </array>
                            </dict>
                            <dict>
                                <key>type</key>
                                <string>ColorLayer</string>
                                <key>initProperty</key>
                                <dict>
                                    <key>pos_p</key>
                                    <array>
                                        <string>{0,0,431,27}</string>
                                    </array>
                                    <key>linkscalexy</key>
                                    <string>0</string>
                                    <key>tag</key>
                                    <string>3</string>
                                    <key>isAppear</key>
                                    <string>0</string>
                                    <key>color</key>
                                    <string>{255,255,255,255}</string>
                                    <key>size</key>
                                    <string>{854,50}</string>
                                    <key>sprite9_bg</key>
                                    <string>ui_9gong/black_kuang_red.png</string>
                                    <key>sprite9_bg_type</key>
                                    <string>0</string>
                                    <key>sprite9_bg_default</key>
                                    <string>1</string>
                                    <key>sprite9_bg_left</key>
                                    <string>0</string>
                                    <key>sprite9_bg_right</key>
                                    <string>0</string>
                                    <key>sprite9_bg_up</key>
                                    <string>0</string>
                                    <key>sprite9_bg_down</key>
                                    <string>0</string>
                                </dict>
                            </dict>
                        </array>
                    </dict>
                    <dict>
                        <key>type</key>
                        <string>ColorLayer</string>
                        <key>initProperty</key>
                        <dict>
                            <key>pos_p</key>
                            <array>
                                <string>{0,0,240,273}</string>
                            </array>
                            <key>linkscalexy</key>
                            <string>0</string>
                            <key>tag</key>
                            <string>12</string>
                            <key>isAppear</key>
                            <string>0</string>
                            <key>var</key>
                            <string>layer_record1</string>
                            <key>color</key>
                            <string>{246,234,196,255}</string>
                            <key>size</key>
                            <string>{280,63}</string>
                            <key>sprite9_bg</key>
                            <string>ui_family/war_sk_1.png</string>
                            <key>sprite9_bg_type</key>
                            <string>1</string>
                            <key>sprite9_bg_default</key>
                            <string>1</string>
                            <key>sprite9_bg_left</key>
                            <string>0</string>
                            <key>sprite9_bg_right</key>
                            <string>0</string>
                            <key>sprite9_bg_up</key>
                            <string>0</string>
                            <key>sprite9_bg_down</key>
                            <string>0</string>
                        </dict>
                        <key>children</key>
                        <array>
                            <dict>
                                <key>type</key>
                                <string>Sprite</string>
                                <key>initProperty</key>
                                <dict>
                                    <key>pos_p</key>
                                    <array>
                                        <string>{0,0,263,32}</string>
                                    </array>
                                    <key>linkscalexy</key>
                                    <string>0</string>
                                    <key>scale</key>
                                    <string>0.66</string>
                                    <key>tag</key>
                                    <string>0</string>
                                    <key>var</key>
                                    <string>icon1_1</string>
                                    <key>imageFile</key>
                                    <string>ui_public1/ka_d6.png</string>
                                </dict>
                            </dict>
                            <dict>
                                <key>type</key>
                                <string>LabelTTF</string>
                                <key>initProperty</key>
                                <dict>
                                    <key>pos_p</key>
                                    <array>
                                        <string>{0,0,218,18}</string>
                                    </array>
                                    <key>anchor</key>
                                    <string>{1,0.5}</string>
                                    <key>linkscalexy</key>
                                    <string>0</string>
                                    <key>tag</key>
                                    <string>24</string>
                                    <key>isAppear</key>
                                    <string>0</string>
                                    <key>var</key>
                                    <string>txt_name1_1</string>
                                    <key>createMethod</key>
                                    <string>1</string>
                                    <key>wordString</key>
                                    <string>word</string>
                                    <key>color</key>
                                    <string>{0,255,255,255}</string>
                                </dict>
                            </dict>
                            <dict>
                                <key>type</key>
                                <string>Sprite</string>
                                <key>initProperty</key>
                                <dict>
                                    <key>pos_p</key>
                                    <array>
                                        <string>{0,0,323,33}</string>
                                    </array>
                                    <key>linkscalexy</key>
                                    <string>0</string>
                                    <key>scale</key>
                                    <string>0.55</string>
                                    <key>tag</key>
                                    <string>28</string>
                                    <key>var</key>
                                    <string>win1_1</string>
                                    <key>imageFile</key>
                                    <string>ui_jingji/shengli.png</string>
                                </dict>
                            </dict>
                            <dict>
                                <key>type</key>
                                <string>Sprite</string>
                                <key>initProperty</key>
                                <dict>
                                    <key>pos_p</key>
                                    <array>
                                        <string>{0,0,443,33}</string>
                                    </array>
                                    <key>linkscalexy</key>
                                    <string>0</string>
                                    <key>scale</key>
                                    <string>0.55</string>
                                    <key>tag</key>
                                    <string>34</string>
                                    <key>var</key>
                                    <string>win2_1</string>
                                    <key>imageFile</key>
                                    <string>ui_jingji/shengli.png</string>
                                </dict>
                            </dict>
                            <dict>
                                <key>type</key>
                                <string>ColorLayer</string>
                                <key>initProperty</key>
                                <dict>
                                    <key>pos_p</key>
                                    <array>
                                        <string>{0,0,49,19}</string>
                                    </array>
                                    <key>linkscalexy</key>
                                    <string>0</string>
                                    <key>tag</key>
                                    <string>35</string>
                                    <key>isAppear</key>
                                    <string>0</string>
                                    <key>color</key>
                                    <string>{255,255,255,255}</string>
                                    <key>size</key>
                                    <string>{70,25}</string>
                                    <key>sprite9_bg</key>
                                    <string>ui_9gong/huangdi.png</string>
                                    <key>sprite9_bg_type</key>
                                    <string>0</string>
                                    <key>sprite9_bg_default</key>
                                    <string>0</string>
                                    <key>sprite9_bg_left</key>
                                    <string>0</string>
                                    <key>sprite9_bg_right</key>
                                    <string>0</string>
                                    <key>sprite9_bg_up</key>
                                    <string>10</string>
                                    <key>sprite9_bg_down</key>
                                    <string>10</string>
                                </dict>
                                <key>children</key>
                                <array>
                                    <dict>
                                        <key>type</key>
                                        <string>LabelTTF</string>
                                        <key>initProperty</key>
                                        <dict>
                                            <key>pos_p</key>
                                            <array>
                                                <string>{0,0,5,8}</string>
                                            </array>
                                            <key>anchor</key>
                                            <string>{0,0.5}</string>
                                            <key>linkscalexy</key>
                                            <string>0</string>
                                            <key>tag</key>
                                            <string>0</string>
                                            <key>isAppear</key>
                                            <string>0</string>
                                            <key>var</key>
                                            <string>txt_lv1_1</string>
                                            <key>createMethod</key>
                                            <string>1</string>
                                            <key>wordString</key>
                                            <string>Lv.@</string>
                                            <key>color</key>
                                            <string>{0,255,255,255}</string>
                                        </dict>
                                    </dict>
                                </array>
                            </dict>
                            <dict>
                                <key>type</key>
                                <string>LabelTTF</string>
                                <key>initProperty</key>
                                <dict>
                                    <key>pos_p</key>
                                    <array>
                                        <string>{0,0,194,47}</string>
                                    </array>
                                    <key>anchor</key>
                                    <string>{1,0.5}</string>
                                    <key>linkscalexy</key>
                                    <string>0</string>
                                    <key>tag</key>
                                    <string>36</string>
                                    <key>isAppear</key>
                                    <string>0</string>
                                    <key>var</key>
                                    <string>txt_power1_1</string>
                                    <key>createMethod</key>
                                    <string>1</string>
                                    <key>fontSize</key>
                                    <string>18</string>
                                    <key>wordString</key>
                                    <string>000000</string>
                                </dict>
                            </dict>
                            <dict>
                                <key>type</key>
                                <string>ColorLayer</string>
                                <key>initProperty</key>
                                <dict>
                                    <key>pos_p</key>
                                    <array>
                                        <string>{0,0,625,30}</string>
                                    </array>
                                    <key>linkscalexy</key>
                                    <string>0</string>
                                    <key>tag</key>
                                    <string>37</string>
                                    <key>z</key>
                                    <string>-1</string>
                                    <key>isAppear</key>
                                    <string>0</string>
                                    <key>color</key>
                                    <string>{255,255,255,255}</string>
                                    <key>size</key>
                                    <string>{280,63}</string>
                                    <key>sprite9_bg</key>
                                    <string>ui_family/war_sk_2.png</string>
                                    <key>sprite9_bg_type</key>
                                    <string>1</string>
                                    <key>sprite9_bg_default</key>
                                    <string>1</string>
                                    <key>sprite9_bg_left</key>
                                    <string>0</string>
                                    <key>sprite9_bg_right</key>
                                    <string>0</string>
                                    <key>sprite9_bg_up</key>
                                    <string>0</string>
                                    <key>sprite9_bg_down</key>
                                    <string>0</string>
                                </dict>
                                <key>children</key>
                                <array>
                                    <dict>
                                        <key>type</key>
                                        <string>Sprite</string>
                                        <key>initProperty</key>
                                        <dict>
                                            <key>pos_p</key>
                                            <array>
                                                <string>{0,0,17,33}</string>
                                            </array>
                                            <key>linkscalexy</key>
                                            <string>0</string>
                                            <key>scale</key>
                                            <string>0.66</string>
                                            <key>tag</key>
                                            <string>0</string>
                                            <key>var</key>
                                            <string>icon2_1</string>
                                            <key>imageFile</key>
                                            <string>ui_public1/ka_d6.png</string>
                                        </dict>
                                    </dict>
                                    <dict>
                                        <key>type</key>
                                        <string>Sprite</string>
                                        <key>initProperty</key>
                                        <dict>
                                            <key>pos_p</key>
                                            <array>
                                                <string>{0,0,70,47}</string>
                                            </array>
                                            <key>linkscalexy</key>
                                            <string>0</string>
                                            <key>scale</key>
                                            <string>0.83</string>
                                            <key>tag</key>
                                            <string>1</string>
                                            <key>isAppear</key>
                                            <string>0</string>
                                            <key>imageFile</key>
                                            <string>ui_word/zhanli_2.png</string>
                                        </dict>
                                    </dict>
                                    <dict>
                                        <key>type</key>
                                        <string>LabelTTF</string>
                                        <key>initProperty</key>
                                        <dict>
                                            <key>pos_p</key>
                                            <array>
                                                <string>{0,0,60,18}</string>
                                            </array>
                                            <key>anchor</key>
                                            <string>{0,0.5}</string>
                                            <key>linkscalexy</key>
                                            <string>0</string>
                                            <key>tag</key>
                                            <string>2</string>
                                            <key>isAppear</key>
                                            <string>0</string>
                                            <key>var</key>
                                            <string>txt_name2_1</string>
                                            <key>createMethod</key>
                                            <string>1</string>
                                            <key>wordString</key>
                                            <string>word</string>
                                            <key>color</key>
                                            <string>{255,210,0,255}</string>
                                        </dict>
                                    </dict>
                                    <dict>
                                        <key>type</key>
                                        <string>LabelTTF</string>
                                        <key>initProperty</key>
                                        <dict>
                                            <key>pos_p</key>
                                            <array>
                                                <string>{0,0,84,46}</string>
                                            </array>
                                            <key>anchor</key>
                                            <string>{0,0.5}</string>
                                            <key>linkscalexy</key>
                                            <string>0</string>
                                            <key>tag</key>
                                            <string>3</string>
                                            <key>isAppear</key>
                                            <string>0</string>
                                            <key>var</key>
                                            <string>txt_power2_1</string>
                                            <key>createMethod</key>
                                            <string>1</string>
                                            <key>fontSize</key>
                                            <string>18</string>
                                            <key>wordString</key>
                                            <string>000000</string>
                                        </dict>
                                    </dict>
                                </array>
                            </dict>
                            <dict>
                                <key>type</key>
                                <string>ColorLayer</string>
                                <key>initProperty</key>
                                <dict>
                                    <key>pos_p</key>
                                    <array>
                                        <string>{0,0,370,31}</string>
                                    </array>
                                    <key>linkscalexy</key>
                                    <string>0</string>
                                    <key>tag</key>
                                    <string>38</string>
                                    <key>z</key>
                                    <string>-2</string>
                                    <key>isAppear</key>
                                    <string>0</string>
                                    <key>color</key>
                                    <string>{0,0,0,120}</string>
                                    <key>size</key>
                                    <string>{200,60}</string>
                                    <key>colorLayer_flag</key>
                                    <string>1</string>
                                </dict>
                            </dict>
                            <dict>
                                <key>type</key>
                                <string>Sprite</string>
                                <key>initProperty</key>
                                <dict>
                                    <key>pos_p</key>
                                    <array>
                                        <string>{0,0,209,47}</string>
                                    </array>
                                    <key>linkscalexy</key>
                                    <string>0</string>
                                    <key>scale</key>
                                    <string>0.83</string>
                                    <key>tag</key>
                                    <string>39</string>
                                    <key>isAppear</key>
                                    <string>0</string>
                                    <key>imageFile</key>
                                    <string>ui_word/zhanli_2.png</string>
                                </dict>
                            </dict>
                            <dict>
                                <key>type</key>
                                <string>ColorLayer</string>
                                <key>initProperty</key>
                                <dict>
                                    <key>pos_p</key>
                                    <array>
                                        <string>{0,0,717,18}</string>
                                    </array>
                                    <key>linkscalexy</key>
                                    <string>0</string>
                                    <key>tag</key>
                                    <string>42</string>
                                    <key>isAppear</key>
                                    <string>0</string>
                                    <key>color</key>
                                    <string>{255,255,255,255}</string>
                                    <key>size</key>
                                    <string>{70,25}</string>
                                    <key>sprite9_bg</key>
                                    <string>ui_9gong/huangdi.png</string>
                                    <key>sprite9_bg_type</key>
                                    <string>0</string>
                                    <key>sprite9_bg_default</key>
                                    <string>0</string>
                                    <key>sprite9_bg_left</key>
                                    <string>0</string>
                                    <key>sprite9_bg_right</key>
                                    <string>0</string>
                                    <key>sprite9_bg_up</key>
                                    <string>10</string>
                                    <key>sprite9_bg_down</key>
                                    <string>10</string>
                                </dict>
                                <key>children</key>
                                <array>
                                    <dict>
                                        <key>type</key>
                                        <string>LabelTTF</string>
                                        <key>initProperty</key>
                                        <dict>
                                            <key>pos_p</key>
                                            <array>
                                                <string>{0,0,61,10}</string>
                                            </array>
                                            <key>anchor</key>
                                            <string>{1,0.5}</string>
                                            <key>linkscalexy</key>
                                            <string>0</string>
                                            <key>tag</key>
                                            <string>0</string>
                                            <key>isAppear</key>
                                            <string>0</string>
                                            <key>var</key>
                                            <string>txt_lv2_1</string>
                                            <key>createMethod</key>
                                            <string>1</string>
                                            <key>wordString</key>
                                            <string>Lv.@</string>
                                            <key>color</key>
                                            <string>{255,210,0,255}</string>
                                        </dict>
                                    </dict>
                                </array>
                            </dict>
                            <dict>
                                <key>type</key>
                                <string>Sprite</string>
                                <key>initProperty</key>
                                <dict>
                                    <key>pos_p</key>
                                    <array>
                                        <string>{0,0,34,49}</string>
                                    </array>
                                    <key>linkscalexy</key>
                                    <string>0</string>
                                    <key>tag</key>
                                    <string>43</string>
                                    <key>isAppear</key>
                                    <string>0</string>
                                    <key>var</key>
                                    <string>icon_down1_1</string>
                                    <key>imageFile</key>
                                    <string>ui_public1/jiantou_red.png</string>
                                </dict>
                                <key>children</key>
                                <array>
                                    <dict>
                                        <key>type</key>
                                        <string>LabelTTF</string>
                                        <key>initProperty</key>
                                        <dict>
                                            <key>pos_p</key>
                                            <array>
                                                <string>{0,0,11,-1}</string>
                                            </array>
                                            <key>anchor</key>
                                            <string>{0,0.5}</string>
                                            <key>linkscalexy</key>
                                            <string>0</string>
                                            <key>tag</key>
                                            <string>0</string>
                                            <key>isAppear</key>
                                            <string>0</string>
                                            <key>var</key>
                                            <string>txt_down1_1</string>
                                            <key>createMethod</key>
                                            <string>1</string>
                                            <key>wordString</key>
                                            <string>20%</string>
                                            <key>color</key>
                                            <string>{255,0,0,255}</string>
                                        </dict>
                                    </dict>
                                </array>
                            </dict>
                            <dict>
                                <key>type</key>
                                <string>Sprite</string>
                                <key>initProperty</key>
                                <dict>
                                    <key>pos_p</key>
                                    <array>
                                        <string>{0,0,733,46}</string>
                                    </array>
                                    <key>linkscalexy</key>
                                    <string>0</string>
                                    <key>tag</key>
                                    <string>44</string>
                                    <key>isAppear</key>
                                    <string>0</string>
                                    <key>var</key>
                                    <string>icon_down2_1</string>
                                    <key>imageFile</key>
                                    <string>ui_public1/jiantou_red.png</string>
                                </dict>
                                <key>children</key>
                                <array>
                                    <dict>
                                        <key>type</key>
                                        <string>LabelTTF</string>
                                        <key>initProperty</key>
                                        <dict>
                                            <key>pos_p</key>
                                            <array>
                                                <string>{0,0,-10,0}</string>
                                            </array>
                                            <key>anchor</key>
                                            <string>{1,0.5}</string>
                                            <key>linkscalexy</key>
                                            <string>0</string>
                                            <key>tag</key>
                                            <string>0</string>
                                            <key>isAppear</key>
                                            <string>0</string>
                                            <key>var</key>
                                            <string>txt_down2_1</string>
                                            <key>createMethod</key>
                                            <string>1</string>
                                            <key>wordString</key>
                                            <string>20%</string>
                                            <key>color</key>
                                            <string>{255,0,0,255}</string>
                                        </dict>
                                    </dict>
                                </array>
                            </dict>
                            <dict>
                                <key>type</key>
                                <string>Sprite</string>
                                <key>initProperty</key>
                                <dict>
                                    <key>pos_p</key>
                                    <array>
                                        <string>{0,0,384,32}</string>
                                    </array>
                                    <key>linkscalexy</key>
                                    <string>0</string>
                                    <key>scale</key>
                                    <string>0.8</string>
                                    <key>tag</key>
                                    <string>45</string>
                                    <key>isAppear</key>
                                    <string>0</string>
                                    <key>touchEnable</key>
                                    <string>1</string>
                                    <key>touchTag</key>
                                    <string>-1</string>
                                    <key>tapEffectType</key>
                                    <string>1</string>
                                    <key>isBtnSound</key>
                                    <string>1</string>
                                    <key>btnSound</key>
                                    <string></string>
                                    <key>btnCd</key>
                                    <string>0.5</string>
                                    <key>var</key>
                                    <string>btn_replay1</string>
                                    <key>imageFile</key>
                                    <string>ui_public1/fdj.png</string>
                                </dict>
                            </dict>
                        </array>
                    </dict>
                    <dict>
                        <key>type</key>
                        <string>ColorLayer</string>
                        <key>initProperty</key>
                        <dict>
                            <key>pos_p</key>
                            <array>
                                <string>{0,0,240,382}</string>
                            </array>
                            <key>linkscalexy</key>
                            <string>0</string>
                            <key>tag</key>
                            <string>13</string>
                            <key>isAppear</key>
                            <string>0</string>
                            <key>var</key>
                            <string>layer_record2</string>
                            <key>color</key>
                            <string>{246,234,196,255}</string>
                            <key>size</key>
                            <string>{280,63}</string>
                            <key>sprite9_bg</key>
                            <string>ui_family/war_sk_1.png</string>
                            <key>sprite9_bg_type</key>
                            <string>1</string>
                            <key>sprite9_bg_default</key>
                            <string>1</string>
                            <key>sprite9_bg_left</key>
                            <string>0</string>
                            <key>sprite9_bg_right</key>
                            <string>0</string>
                            <key>sprite9_bg_up</key>
                            <string>0</string>
                            <key>sprite9_bg_down</key>
                            <string>0</string>
                        </dict>
                        <key>children</key>
                        <array>
                            <dict>
                                <key>type</key>
                                <string>Sprite</string>
                                <key>initProperty</key>
                                <dict>
                                    <key>pos_p</key>
                                    <array>
                                        <string>{0,0,263,32}</string>
                                    </array>
                                    <key>linkscalexy</key>
                                    <string>0</string>
                                    <key>scale</key>
                                    <string>0.66</string>
                                    <key>tag</key>
                                    <string>0</string>
                                    <key>var</key>
                                    <string>icon1_2</string>
                                    <key>imageFile</key>
                                    <string>ui_public1/ka_d6.png</string>
                                </dict>
                            </dict>
                            <dict>
                                <key>type</key>
                                <string>LabelTTF</string>
                                <key>initProperty</key>
                                <dict>
                                    <key>pos_p</key>
                                    <array>
                                        <string>{0,0,218,18}</string>
                                    </array>
                                    <key>anchor</key>
                                    <string>{1,0.5}</string>
                                    <key>linkscalexy</key>
                                    <string>0</string>
                                    <key>tag</key>
                                    <string>24</string>
                                    <key>isAppear</key>
                                    <string>0</string>
                                    <key>var</key>
                                    <string>txt_name1_2</string>
                                    <key>createMethod</key>
                                    <string>1</string>
                                    <key>wordString</key>
                                    <string>word</string>
                                    <key>color</key>
                                    <string>{0,255,255,255}</string>
                                </dict>
                            </dict>
                            <dict>
                                <key>type</key>
                                <string>Sprite</string>
                                <key>initProperty</key>
                                <dict>
                                    <key>pos_p</key>
                                    <array>
                                        <string>{0,0,323,33}</string>
                                    </array>
                                    <key>linkscalexy</key>
                                    <string>0</string>
                                    <key>scale</key>
                                    <string>0.55</string>
                                    <key>tag</key>
                                    <string>28</string>
                                    <key>var</key>
                                    <string>win1_2</string>
                                    <key>imageFile</key>
                                    <string>ui_jingji/shengli.png</string>
                                </dict>
                            </dict>
                            <dict>
                                <key>type</key>
                                <string>Sprite</string>
                                <key>initProperty</key>
                                <dict>
                                    <key>pos_p</key>
                                    <array>
                                        <string>{0,0,443,33}</string>
                                    </array>
                                    <key>linkscalexy</key>
                                    <string>0</string>
                                    <key>scale</key>
                                    <string>0.55</string>
                                    <key>tag</key>
                                    <string>34</string>
                                    <key>var</key>
                                    <string>win2_2</string>
                                    <key>imageFile</key>
                                    <string>ui_jingji/shengli.png</string>
                                </dict>
                            </dict>
                            <dict>
                                <key>type</key>
                                <string>ColorLayer</string>
                                <key>initProperty</key>
                                <dict>
                                    <key>pos_p</key>
                                    <array>
                                        <string>{0,0,49,19}</string>
                                    </array>
                                    <key>linkscalexy</key>
                                    <string>0</string>
                                    <key>tag</key>
                                    <string>35</string>
                                    <key>isAppear</key>
                                    <string>0</string>
                                    <key>color</key>
                                    <string>{255,255,255,255}</string>
                                    <key>size</key>
                                    <string>{70,25}</string>
                                    <key>sprite9_bg</key>
                                    <string>ui_9gong/huangdi.png</string>
                                    <key>sprite9_bg_type</key>
                                    <string>0</string>
                                    <key>sprite9_bg_default</key>
                                    <string>0</string>
                                    <key>sprite9_bg_left</key>
                                    <string>0</string>
                                    <key>sprite9_bg_right</key>
                                    <string>0</string>
                                    <key>sprite9_bg_up</key>
                                    <string>10</string>
                                    <key>sprite9_bg_down</key>
                                    <string>10</string>
                                </dict>
                                <key>children</key>
                                <array>
                                    <dict>
                                        <key>type</key>
                                        <string>LabelTTF</string>
                                        <key>initProperty</key>
                                        <dict>
                                            <key>pos_p</key>
                                            <array>
                                                <string>{0,0,5,8}</string>
                                            </array>
                                            <key>anchor</key>
                                            <string>{0,0.5}</string>
                                            <key>linkscalexy</key>
                                            <string>0</string>
                                            <key>tag</key>
                                            <string>0</string>
                                            <key>isAppear</key>
                                            <string>0</string>
                                            <key>var</key>
                                            <string>txt_lv1_2</string>
                                            <key>createMethod</key>
                                            <string>1</string>
                                            <key>wordString</key>
                                            <string>Lv.@</string>
                                            <key>color</key>
                                            <string>{0,255,255,255}</string>
                                        </dict>
                                    </dict>
                                </array>
                            </dict>
                            <dict>
                                <key>type</key>
                                <string>LabelTTF</string>
                                <key>initProperty</key>
                                <dict>
                                    <key>pos_p</key>
                                    <array>
                                        <string>{0,0,194,47}</string>
                                    </array>
                                    <key>anchor</key>
                                    <string>{1,0.5}</string>
                                    <key>linkscalexy</key>
                                    <string>0</string>
                                    <key>tag</key>
                                    <string>36</string>
                                    <key>isAppear</key>
                                    <string>0</string>
                                    <key>var</key>
                                    <string>txt_power1_2</string>
                                    <key>createMethod</key>
                                    <string>1</string>
                                    <key>fontSize</key>
                                    <string>18</string>
                                    <key>wordString</key>
                                    <string>000000</string>
                                </dict>
                            </dict>
                            <dict>
                                <key>type</key>
                                <string>ColorLayer</string>
                                <key>initProperty</key>
                                <dict>
                                    <key>pos_p</key>
                                    <array>
                                        <string>{0,0,625,30}</string>
                                    </array>
                                    <key>linkscalexy</key>
                                    <string>0</string>
                                    <key>tag</key>
                                    <string>37</string>
                                    <key>z</key>
                                    <string>-1</string>
                                    <key>isAppear</key>
                                    <string>0</string>
                                    <key>color</key>
                                    <string>{255,255,255,255}</string>
                                    <key>size</key>
                                    <string>{280,63}</string>
                                    <key>sprite9_bg</key>
                                    <string>ui_family/war_sk_2.png</string>
                                    <key>sprite9_bg_type</key>
                                    <string>1</string>
                                    <key>sprite9_bg_default</key>
                                    <string>1</string>
                                    <key>sprite9_bg_left</key>
                                    <string>0</string>
                                    <key>sprite9_bg_right</key>
                                    <string>0</string>
                                    <key>sprite9_bg_up</key>
                                    <string>0</string>
                                    <key>sprite9_bg_down</key>
                                    <string>0</string>
                                </dict>
                                <key>children</key>
                                <array>
                                    <dict>
                                        <key>type</key>
                                        <string>Sprite</string>
                                        <key>initProperty</key>
                                        <dict>
                                            <key>pos_p</key>
                                            <array>
                                                <string>{0,0,17,33}</string>
                                            </array>
                                            <key>linkscalexy</key>
                                            <string>0</string>
                                            <key>scale</key>
                                            <string>0.66</string>
                                            <key>tag</key>
                                            <string>0</string>
                                            <key>var</key>
                                            <string>icon2_2</string>
                                            <key>imageFile</key>
                                            <string>ui_public1/ka_d6.png</string>
                                        </dict>
                                    </dict>
                                    <dict>
                                        <key>type</key>
                                        <string>Sprite</string>
                                        <key>initProperty</key>
                                        <dict>
                                            <key>pos_p</key>
                                            <array>
                                                <string>{0,0,70,47}</string>
                                            </array>
                                            <key>linkscalexy</key>
                                            <string>0</string>
                                            <key>scale</key>
                                            <string>0.83</string>
                                            <key>tag</key>
                                            <string>1</string>
                                            <key>isAppear</key>
                                            <string>0</string>
                                            <key>imageFile</key>
                                            <string>ui_word/zhanli_2.png</string>
                                        </dict>
                                    </dict>
                                    <dict>
                                        <key>type</key>
                                        <string>LabelTTF</string>
                                        <key>initProperty</key>
                                        <dict>
                                            <key>pos_p</key>
                                            <array>
                                                <string>{0,0,60,18}</string>
                                            </array>
                                            <key>anchor</key>
                                            <string>{0,0.5}</string>
                                            <key>linkscalexy</key>
                                            <string>0</string>
                                            <key>tag</key>
                                            <string>2</string>
                                            <key>isAppear</key>
                                            <string>0</string>
                                            <key>var</key>
                                            <string>txt_name2_2</string>
                                            <key>createMethod</key>
                                            <string>1</string>
                                            <key>wordString</key>
                                            <string>word</string>
                                            <key>color</key>
                                            <string>{255,210,0,255}</string>
                                        </dict>
                                    </dict>
                                    <dict>
                                        <key>type</key>
                                        <string>LabelTTF</string>
                                        <key>initProperty</key>
                                        <dict>
                                            <key>pos_p</key>
                                            <array>
                                                <string>{0,0,84,46}</string>
                                            </array>
                                            <key>anchor</key>
                                            <string>{0,0.5}</string>
                                            <key>linkscalexy</key>
                                            <string>0</string>
                                            <key>tag</key>
                                            <string>3</string>
                                            <key>isAppear</key>
                                            <string>0</string>
                                            <key>var</key>
                                            <string>txt_power2_2</string>
                                            <key>createMethod</key>
                                            <string>1</string>
                                            <key>fontSize</key>
                                            <string>18</string>
                                            <key>wordString</key>
                                            <string>000000</string>
                                        </dict>
                                    </dict>
                                </array>
                            </dict>
                            <dict>
                                <key>type</key>
                                <string>ColorLayer</string>
                                <key>initProperty</key>
                                <dict>
                                    <key>pos_p</key>
                                    <array>
                                        <string>{0,0,370,31}</string>
                                    </array>
                                    <key>linkscalexy</key>
                                    <string>0</string>
                                    <key>tag</key>
                                    <string>38</string>
                                    <key>z</key>
                                    <string>-2</string>
                                    <key>isAppear</key>
                                    <string>0</string>
                                    <key>color</key>
                                    <string>{0,0,0,120}</string>
                                    <key>size</key>
                                    <string>{200,60}</string>
                                    <key>colorLayer_flag</key>
                                    <string>1</string>
                                </dict>
                            </dict>
                            <dict>
                                <key>type</key>
                                <string>Sprite</string>
                                <key>initProperty</key>
                                <dict>
                                    <key>pos_p</key>
                                    <array>
                                        <string>{0,0,209,47}</string>
                                    </array>
                                    <key>linkscalexy</key>
                                    <string>0</string>
                                    <key>scale</key>
                                    <string>0.83</string>
                                    <key>tag</key>
                                    <string>39</string>
                                    <key>isAppear</key>
                                    <string>0</string>
                                    <key>imageFile</key>
                                    <string>ui_word/zhanli_2.png</string>
                                </dict>
                            </dict>
                            <dict>
                                <key>type</key>
                                <string>ColorLayer</string>
                                <key>initProperty</key>
                                <dict>
                                    <key>pos_p</key>
                                    <array>
                                        <string>{0,0,717,18}</string>
                                    </array>
                                    <key>linkscalexy</key>
                                    <string>0</string>
                                    <key>tag</key>
                                    <string>42</string>
                                    <key>isAppear</key>
                                    <string>0</string>
                                    <key>color</key>
                                    <string>{255,255,255,255}</string>
                                    <key>size</key>
                                    <string>{70,25}</string>
                                    <key>sprite9_bg</key>
                                    <string>ui_9gong/huangdi.png</string>
                                    <key>sprite9_bg_type</key>
                                    <string>0</string>
                                    <key>sprite9_bg_default</key>
                                    <string>0</string>
                                    <key>sprite9_bg_left</key>
                                    <string>0</string>
                                    <key>sprite9_bg_right</key>
                                    <string>0</string>
                                    <key>sprite9_bg_up</key>
                                    <string>10</string>
                                    <key>sprite9_bg_down</key>
                                    <string>10</string>
                                </dict>
                                <key>children</key>
                                <array>
                                    <dict>
                                        <key>type</key>
                                        <string>LabelTTF</string>
                                        <key>initProperty</key>
                                        <dict>
                                            <key>pos_p</key>
                                            <array>
                                                <string>{0,0,61,10}</string>
                                            </array>
                                            <key>anchor</key>
                                            <string>{1,0.5}</string>
                                            <key>linkscalexy</key>
                                            <string>0</string>
                                            <key>tag</key>
                                            <string>0</string>
                                            <key>isAppear</key>
                                            <string>0</string>
                                            <key>var</key>
                                            <string>txt_lv2_2</string>
                                            <key>createMethod</key>
                                            <string>1</string>
                                            <key>wordString</key>
                                            <string>Lv.@</string>
                                            <key>color</key>
                                            <string>{255,210,0,255}</string>
                                        </dict>
                                    </dict>
                                </array>
                            </dict>
                            <dict>
                                <key>type</key>
                                <string>Sprite</string>
                                <key>initProperty</key>
                                <dict>
                                    <key>pos_p</key>
                                    <array>
                                        <string>{0,0,34,49}</string>
                                    </array>
                                    <key>linkscalexy</key>
                                    <string>0</string>
                                    <key>tag</key>
                                    <string>43</string>
                                    <key>isAppear</key>
                                    <string>0</string>
                                    <key>var</key>
                                    <string>icon_down1_2</string>
                                    <key>imageFile</key>
                                    <string>ui_public1/jiantou_red.png</string>
                                </dict>
                                <key>children</key>
                                <array>
                                    <dict>
                                        <key>type</key>
                                        <string>LabelTTF</string>
                                        <key>initProperty</key>
                                        <dict>
                                            <key>pos_p</key>
                                            <array>
                                                <string>{0,0,11,-1}</string>
                                            </array>
                                            <key>anchor</key>
                                            <string>{0,0.5}</string>
                                            <key>linkscalexy</key>
                                            <string>0</string>
                                            <key>tag</key>
                                            <string>0</string>
                                            <key>isAppear</key>
                                            <string>0</string>
                                            <key>var</key>
                                            <string>txt_down1_2</string>
                                            <key>createMethod</key>
                                            <string>1</string>
                                            <key>wordString</key>
                                            <string>20%</string>
                                            <key>color</key>
                                            <string>{255,0,0,255}</string>
                                        </dict>
                                    </dict>
                                </array>
                            </dict>
                            <dict>
                                <key>type</key>
                                <string>Sprite</string>
                                <key>initProperty</key>
                                <dict>
                                    <key>pos_p</key>
                                    <array>
                                        <string>{0,0,733,46}</string>
                                    </array>
                                    <key>linkscalexy</key>
                                    <string>0</string>
                                    <key>tag</key>
                                    <string>44</string>
                                    <key>isAppear</key>
                                    <string>0</string>
                                    <key>var</key>
                                    <string>icon_down2_2</string>
                                    <key>imageFile</key>
                                    <string>ui_public1/jiantou_red.png</string>
                                </dict>
                                <key>children</key>
                                <array>
                                    <dict>
                                        <key>type</key>
                                        <string>LabelTTF</string>
                                        <key>initProperty</key>
                                        <dict>
                                            <key>pos_p</key>
                                            <array>
                                                <string>{0,0,-10,0}</string>
                                            </array>
                                            <key>anchor</key>
                                            <string>{1,0.5}</string>
                                            <key>linkscalexy</key>
                                            <string>0</string>
                                            <key>tag</key>
                                            <string>0</string>
                                            <key>isAppear</key>
                                            <string>0</string>
                                            <key>var</key>
                                            <string>txt_down2_2</string>
                                            <key>createMethod</key>
                                            <string>1</string>
                                            <key>wordString</key>
                                            <string>20%</string>
                                            <key>color</key>
                                            <string>{255,0,0,255}</string>
                                        </dict>
                                    </dict>
                                </array>
                            </dict>
                            <dict>
                                <key>type</key>
                                <string>Sprite</string>
                                <key>initProperty</key>
                                <dict>
                                    <key>pos_p</key>
                                    <array>
                                        <string>{0,0,384,32}</string>
                                    </array>
                                    <key>linkscalexy</key>
                                    <string>0</string>
                                    <key>scale</key>
                                    <string>0.8</string>
                                    <key>tag</key>
                                    <string>45</string>
                                    <key>isAppear</key>
                                    <string>0</string>
                                    <key>touchEnable</key>
                                    <string>1</string>
                                    <key>touchTag</key>
                                    <string>-1</string>
                                    <key>tapEffectType</key>
                                    <string>1</string>
                                    <key>isBtnSound</key>
                                    <string>1</string>
                                    <key>btnSound</key>
                                    <string></string>
                                    <key>btnCd</key>
                                    <string>0.5</string>
                                    <key>var</key>
                                    <string>btn_replay2</string>
                                    <key>imageFile</key>
                                    <string>ui_public1/fdj.png</string>
                                </dict>
                            </dict>
                        </array>
                    </dict>
                    <dict>
                        <key>type</key>
                        <string>LabelTTF</string>
                        <key>initProperty</key>
                        <dict>
                            <key>pos_p</key>
                            <array>
                                <string>{0,0,487,479}</string>
                            </array>
                            <key>linkscalexy</key>
                            <string>0</string>
                            <key>tag</key>
                            <string>14</string>
                            <key>isAppear</key>
                            <string>0</string>
                            <key>var</key>
                            <string>txt_win_info</string>
                            <key>createMethod</key>
                            <string>2</string>
                            <key>fontSize</key>
                            <string>22</string>
                            <key>wordFile</key>
                            <string>ui_treasure_hunt_stage_record.plist</string>
                            <key>wordKey</key>
                            <string>5</string>
                            <key>wordString</key>
                            <string>护送方获得了胜利!</string>
                            <key>color</key>
                            <string>{255,0,0,255}</string>
                        </dict>
                    </dict>
                </array>
            </dict>
        </array>
    </dict>
    <key>images</key>
    <string>ui_public1/close_big.png,ui_9gong/black_kuang1.png,ui_word/jingji_vs.png,ui_jingji/shengli.png,ui_9gong/black_kuang_red.png,ui_family/war_sk_1.png,ui_public1/ka_d6.png,ui_9gong/huangdi.png,ui_family/war_sk_2.png,ui_word/zhanli_2.png,ui_public1/jiantou_red.png,ui_public1/fdj.png</string>
</dict>
